hotplug: display 0 connected primary
2026-09-30T13:45:46.221682Z  INFO item_compositor::output: hwcomposer display 0: 2784x1800, vsync 16.667 ms
2026-09-30T13:45:46.256999Z  WARN smithay::backend::egl::ffi: [EGL] 0x3000 (SUCCESS) eglDebugMessageControlKHR: eglDebugMessageControlKHR is not supported by vendor library. Error reporting may not work correctly.
2026-09-30T13:45:46.281361Z  WARN smithay::backend::egl::display: Dmabuf import extension not available
2026-09-30T13:45:46.453243Z  INFO item_compositor::output: EGL bound to the Wayland display
2026-09-30T13:45:46.456087Z  INFO item_compositor::input: touch: sfduo touchscreen (/dev/input/event6)
2026-09-30T13:45:46.490385Z  INFO item_compositor::text: font: /usr/share/fonts/truetype/lato/Lato-Light.ttf
2026-09-30T13:45:46.511406Z  INFO item_compositor::text: font: /usr/share/fonts/truetype/noto/NotoSans-Regular.ttf
2026-09-30T13:45:46.518122Z  INFO item_compositor: listening on "wayland-item"
2026-09-30T13:45:46.520109Z  INFO item_compositor: spawned: gnome-calculator
2026-09-30T13:45:46.522640Z  INFO item_compositor: spawned: gnome-clocks
2026-09-30T13:45:46.522668Z  INFO item_compositor: pacing: late in the frame, margin 4.0 ms
2026-09-30T13:45:47.456308Z  INFO item_compositor: drawn   1 of  22  missed  1  commits   0  draw 9.2/9.2 swap 564.9/564.9 (present 564.8/564.8, fast 0) ms  redrawn 100.0/100.0%  no damage 0  budget  7.0  touches 0  touch->screen -  shade->screen - (from the loop -) ms  errors 0

(gnome-calculator:149206): Gdk-WARNING **: 16:45:47.639: Failed to read portal settings: GDBus.Error:org.freedesktop.DBus.Error.AccessDenied: Portal operation not allowed: Unable to open /proc/149206/root

(org.gnome.clocks:149207): Gdk-WARNING **: 16:45:47.640: Failed to read portal settings: GDBus.Error:org.freedesktop.DBus.Error.AccessDenied: Portal operation not allowed: Unable to open /proc/149207/root

** (org.gnome.clocks:149207): WARNING **: 16:45:47.834: utils.vala:147: Failed to get clock format from portal, fallback to GSettings.

(org.gnome.clocks:149207): Gtk-WARNING **: 16:45:48.114: Creating a portal monitor failed: GDBus.Error:org.freedesktop.DBus.Error.AccessDenied: Portal operation not allowed: Unable to open /proc/149207/root
2026-09-30T13:45:48.114477Z  INFO item_compositor::state: window mapped on the left panel, 1.7 s after start

(gnome-calculator:149206): Gtk-WARNING **: 16:45:48.124: Creating a portal monitor failed: GDBus.Error:org.freedesktop.DBus.Error.AccessDenied: Portal operation not allowed: Unable to open /proc/149206/root
2026-09-30T13:45:48.124634Z  INFO item_compositor::state: window mapped on the right panel, 1.7 s after start
2026-09-30T13:45:48.456570Z  INFO item_compositor: drawn   2 of  60  missed  0  commits   2  draw 0.9/0.9 swap 2.5/2.6 (present 2.4/2.5, fast 0) ms  redrawn 100.0/100.0%  no damage 0  budget  7.4  touches 0  touch->screen -  shade->screen - (from the loop -) ms  errors 0
2026-09-30T13:45:48.488384Z  INFO item_compositor::state: surface ObjectId(wl_surface@16): buffer Some(Egl)
2026-09-30T13:45:49.456861Z  INFO item_compositor: drawn   3 of  60  missed  2  commits   3  draw 3.4/3.7 swap 3.8/4.2 (present 3.7/4.1, fast 0) ms  redrawn 80.8/97.0%  no damage 0  budget  9.4  touches 0  touch->screen -  shade->screen - (from the loop -) ms  errors 0
2026-09-30T13:45:50.457501Z  INFO item_compositor: drawn   0 of  60  missed  0  commits   0  draw - swap - (present -, fast 0) ms  redrawn -%  no damage 0  budget  9.4  touches 0  touch->screen -  shade->screen - (from the loop -) ms  errors 0
2026-09-30T13:45:51.457914Z  INFO item_compositor: drawn  33 of  60  missed 16  commits   0  draw 3.2/7.3 swap 7.9/15.2 (present 7.6/15.0, fast 0) ms  redrawn 56.7/97.0%  no damage 0  budget 16.2  touches 0  touch->screen -  shade->screen 41.6/48.1 (from the loop 31.4/32.8) ms  errors 0
2026-09-30T13:45:52.464809Z  INFO item_compositor: drawn   0 of  61  missed  0  commits   0  draw - swap - (present -, fast 0) ms  redrawn -%  no damage 0  budget 16.2  touches 0  touch->screen -  shade->screen - (from the loop -) ms  errors 0
2026-09-30T13:45:53.470864Z  INFO item_compositor: drawn  23 of  60  missed  0  commits   0  draw 3.0/5.4 swap 3.4/4.7 (present 3.2/4.5, fast 0) ms  redrawn 64.9/97.0%  no damage 0  budget 13.3  touches 0  touch->screen -  shade->screen 26.5/30.2 (from the loop 25.0/27.2) ms  errors 0
2026-09-30T13:45:54.471685Z  INFO item_compositor: drawn  23 of  60  missed  0  commits   0  draw 2.7/4.3 swap 3.0/4.3 (present 3.0/4.2, fast 0) ms  redrawn 53.9/97.0%  no damage 1  budget 13.3  touches 0  touch->screen -  shade->screen 24.1/27.8 (from the loop 22.4/24.3) ms  errors 0
2026-09-30T13:45:55.478608Z  INFO item_compositor: drawn  22 of  61  missed  0  commits   0  draw 3.1/4.8 swap 3.4/4.2 (present 3.2/4.0, fast 0) ms  redrawn 63.3/97.0%  no damage 0  budget 13.3  touches 0  touch->screen -  shade->screen 25.8/29.5 (from the loop 24.1/28.8) ms  errors 0
2026-09-30T13:45:56.478950Z  INFO item_compositor: drawn   0 of  60  missed  0  commits   0  draw - swap - (present -, fast 0) ms  redrawn -%  no damage 0  budget 13.3  touches 0  touch->screen -  shade->screen - (from the loop -) ms  errors 0
2026-09-30T13:45:57.479337Z  INFO item_compositor: drawn   0 of  60  missed  0  commits   0  draw - swap - (present -, fast 0) ms  redrawn -%  no damage 0  budget 13.3  touches 0  touch->screen -  shade->screen - (from the loop -) ms  errors 0
2026-09-30T13:45:58.479643Z  INFO item_compositor: drawn   0 of  60  missed  0  commits   0  draw - swap - (present -, fast 0) ms  redrawn -%  no damage 0  budget 13.3  touches 0  touch->screen -  shade->screen - (from the loop -) ms  errors 0
2026-09-30T13:45:59.479914Z  INFO item_compositor: drawn   0 of  60  missed  0  commits   0  draw - swap - (present -, fast 0) ms  redrawn -%  no damage 0  budget 13.3  touches 0  touch->screen -  shade->screen - (from the loop -) ms  errors 0
2026-09-30T13:46:00.480180Z  INFO item_compositor: drawn   0 of  60  missed  0  commits   0  draw - swap - (present -, fast 0) ms  redrawn -%  no damage 0  budget 13.3  touches 0  touch->screen -  shade->screen - (from the loop -) ms  errors 0
2026-09-30T13:46:01.480518Z  INFO item_compositor: drawn   0 of  60  missed  0  commits   0  draw - swap - (present -, fast 0) ms  redrawn -%  no damage 0  budget 13.3  touches 0  touch->screen -  shade->screen - (from the loop -) ms  errors 0
2026-09-30T13:46:02.480764Z  INFO item_compositor: drawn   0 of  60  missed  0  commits   0  draw - swap - (present -, fast 0) ms  redrawn -%  no damage 0  budget 13.3  touches 0  touch->screen -  shade->screen - (from the loop -) ms  errors 0
2026-09-30T13:46:03.481084Z  INFO item_compositor: drawn   0 of  60  missed  0  commits   0  draw - swap - (present -, fast 0) ms  redrawn -%  no damage 0  budget 13.3  touches 0  touch->screen -  shade->screen - (from the loop -) ms  errors 0
2026-09-30T13:46:04.481410Z  INFO item_compositor: drawn   0 of  60  missed  0  commits   0  draw - swap - (present -, fast 0) ms  redrawn -%  no damage 0  budget 13.3  touches 0  touch->screen -  shade->screen - (from the loop -) ms  errors 0
2026-09-30T13:46:05.481720Z  INFO item_compositor: drawn   0 of  60  missed  0  commits   0  draw - swap - (present -, fast 0) ms  redrawn -%  no damage 0  budget 13.3  touches 0  touch->screen -  shade->screen - (from the loop -) ms  errors 0
2026-09-30T13:46:06.482053Z  INFO item_compositor: drawn   0 of  60  missed  0  commits   0  draw - swap - (present -, fast 0) ms  redrawn -%  no damage 0  budget 13.3  touches 0  touch->screen -  shade->screen - (from the loop -) ms  errors 0
2026-09-30T13:46:07.486876Z  INFO item_compositor: drawn   8 of  60  missed  0  commits   0  draw 3.1/4.7 swap 2.9/5.5 (present 2.7/5.2, fast 0) ms  redrawn 70.5/97.0%  no damage 0  budget 13.2  touches 0  touch->screen -  shade->screen 23.5/29.7 (from the loop 22.1/25.3) ms  errors 0
2026-09-30T13:46:08.491098Z  INFO item_compositor: drawn  13 of  60  missed  0  commits   0  draw 3.7/4.7 swap 3.7/4.3 (present 3.5/4.1, fast 0) ms  redrawn 45.1/48.5%  no damage 0  budget 14.7  touches 0  touch->screen -  shade->screen - (from the loop -) ms  errors 0
2026-09-30T13:46:09.497670Z  INFO item_compositor: drawn  22 of  61  missed  0  commits   0  draw 2.8/4.8 swap 3.5/4.9 (present 3.5/4.7, fast 0) ms  redrawn 62.9/97.0%  no damage 1  budget 14.0  touches 0  touch->screen -  shade->screen 25.4/28.7 (from the loop 23.8/28.4) ms  errors 0
2026-09-30T13:46:10.498123Z  INFO item_compositor: drawn  21 of  60  missed 12  commits   0  draw 3.0/5.3 swap 8.4/15.8 (present 8.2/15.6, fast 0) ms  redrawn 51.2/97.0%  no damage 0  budget 24.0  touches 0  touch->screen -  shade->screen 24.4/29.6 (from the loop 23.3/25.5) ms  errors 0
2026-09-30T13:46:11.504277Z  INFO item_compositor: drawn   0 of  60  missed  0  commits   0  draw - swap - (present -, fast 0) ms  redrawn -%  no damage 0  budget 24.0  touches 0  touch->screen -  shade->screen - (from the loop -) ms  errors 0
2026-09-30T13:46:12.509867Z  INFO item_compositor: drawn   0 of  61  missed  0  commits   0  draw - swap - (present -, fast 0) ms  redrawn -%  no damage 0  budget 24.0  touches 0  touch->screen -  shade->screen - (from the loop -) ms  errors 0
2026-09-30T13:46:13.516896Z  INFO item_compositor: drawn   9 of  60  missed  0  commits   0  draw 2.8/4.1 swap 3.0/4.1 (present 2.8/3.9, fast 0) ms  redrawn 43.9/48.5%  no damage 0  budget 17.2  touches 0  touch->screen -  shade->screen 29.0/32.0 (from the loop 27.8/31.9) ms  errors 0
2026-09-30T13:46:14.521969Z  INFO item_compositor: drawn  11 of  60  missed  0  commits   0  draw 2.7/4.4 swap 3.5/3.8 (present 3.3/3.6, fast 0) ms  redrawn 90.2/97.0%  no damage 0  budget 14.2  touches 0  touch->screen -  shade->screen - (from the loop -) ms  errors 0
2026-09-30T13:46:15.522589Z  INFO item_compositor: drawn   0 of  60  missed  0  commits   0  draw - swap - (present -, fast 0) ms  redrawn -%  no damage 0  budget 14.2  touches 0  touch->screen -  shade->screen - (from the loop -) ms  errors 0
2026-09-30T13:46:16.523088Z  INFO item_compositor: drawn   0 of  60  missed  0  commits   0  draw - swap - (present -, fast 0) ms  redrawn -%  no damage 0  budget 14.2  touches 0  touch->screen -  shade->screen - (from the loop -) ms  errors 0
2026-09-30T13:46:17.523443Z  INFO item_compositor: drawn   0 of  60  missed  0  commits   0  draw - swap - (present -, fast 0) ms  redrawn -%  no damage 0  budget 14.2  touches 0  touch->screen -  shade->screen - (from the loop -) ms  errors 0
2026-09-30T13:46:18.523754Z  INFO item_compositor: drawn   0 of  61  missed  0  commits   0  draw - swap - (present -, fast 0) ms  redrawn -%  no damage 0  budget 14.2  touches 0  touch->screen -  shade->screen - (from the loop -) ms  errors 0
2026-09-30T13:46:19.524198Z  INFO item_compositor: drawn   0 of  60  missed  0  commits   0  draw - swap - (present -, fast 0) ms  redrawn -%  no damage 0  budget 14.2  touches 0  touch->screen -  shade->screen - (from the loop -) ms  errors 0
2026-09-30T13:46:20.524461Z  INFO item_compositor: drawn   0 of  60  missed  0  commits   0  draw - swap - (present -, fast 0) ms  redrawn -%  no damage 0  budget 14.2  touches 0  touch->screen -  shade->screen - (from the loop -) ms  errors 0
2026-09-30T13:46:21.524708Z  INFO item_compositor: drawn   0 of  60  missed  0  commits   0  draw - swap - (present -, fast 0) ms  redrawn -%  no damage 0  budget 14.2  touches 0  touch->screen -  shade->screen - (from the loop -) ms  errors 0
2026-09-30T13:46:22.525138Z  INFO item_compositor: drawn   0 of  60  missed  0  commits   0  draw - swap - (present -, fast 0) ms  redrawn -%  no damage 0  budget 14.2  touches 0  touch->screen -  shade->screen - (from the loop -) ms  errors 0
2026-09-30T13:46:23.525592Z  INFO item_compositor: drawn   0 of  60  missed  0  commits   0  draw - swap - (present -, fast 0) ms  redrawn -%  no damage 0  budget 14.2  touches 0  touch->screen -  shade->screen - (from the loop -) ms  errors 0
2026-09-30T13:46:24.525997Z  INFO item_compositor: drawn   0 of  60  missed  0  commits   0  draw - swap - (present -, fast 0) ms  redrawn -%  no damage 0  budget 14.2  touches 0  touch->screen -  shade->screen - (from the loop -) ms  errors 0
2026-09-30T13:46:25.526370Z  INFO item_compositor: drawn   0 of  60  missed  0  commits   0  draw - swap - (present -, fast 0) ms  redrawn -%  no damage 0  budget 14.2  touches 0  touch->screen -  shade->screen - (from the loop -) ms  errors 0
2026-09-30T13:46:26.526695Z  INFO item_compositor: drawn   0 of  60  missed  0  commits   0  draw - swap - (present -, fast 0) ms  redrawn -%  no damage 0  budget 14.2  touches 0  touch->screen -  shade->screen - (from the loop -) ms  errors 0
2026-09-30T13:46:27.527208Z  INFO item_compositor: drawn   0 of  60  missed  0  commits   0  draw - swap - (present -, fast 0) ms  redrawn -%  no damage 0  budget 14.2  touches 0  touch->screen -  shade->screen - (from the loop -) ms  errors 0
2026-09-30T13:46:28.527593Z  INFO item_compositor: drawn   0 of  60  missed  0  commits   0  draw - swap - (present -, fast 0) ms  redrawn -%  no damage 0  budget 14.2  touches 0  touch->screen -  shade->screen - (from the loop -) ms  errors 0
2026-09-30T13:46:29.527931Z  INFO item_compositor: drawn   0 of  60  missed  0  commits   0  draw - swap - (present -, fast 0) ms  redrawn -%  no damage 0  budget 14.2  touches 0  touch->screen -  shade->screen - (from the loop -) ms  errors 0
2026-09-30T13:46:30.528501Z  INFO item_compositor: drawn   0 of  60  missed  0  commits   0  draw - swap - (present -, fast 0) ms  redrawn -%  no damage 0  budget 14.2  touches 0  touch->screen -  shade->screen - (from the loop -) ms  errors 0
2026-09-30T13:46:31.528964Z  INFO item_compositor: drawn   0 of  60  missed  0  commits   0  draw - swap - (present -, fast 0) ms  redrawn -%  no damage 0  budget 14.2  touches 0  touch->screen -  shade->screen - (from the loop -) ms  errors 0
2026-09-30T13:46:32.529387Z  INFO item_compositor: drawn   0 of  60  missed  0  commits   0  draw - swap - (present -, fast 0) ms  redrawn -%  no damage 0  budget 14.2  touches 0  touch->screen -  shade->screen - (from the loop -) ms  errors 0
2026-09-30T13:46:33.530054Z  INFO item_compositor: drawn   0 of  60  missed  0  commits   0  draw - swap - (present -, fast 0) ms  redrawn -%  no damage 0  budget 14.2  touches 0  touch->screen -  shade->screen - (from the loop -) ms  errors 0
2026-09-30T13:46:34.530490Z  INFO item_compositor: drawn   0 of  60  missed  0  commits   0  draw - swap - (present -, fast 0) ms  redrawn -%  no damage 0  budget 14.2  touches 0  touch->screen -  shade->screen - (from the loop -) ms  errors 0
2026-09-30T13:46:35.530977Z  INFO item_compositor: drawn   0 of  60  missed  0  commits   0  draw - swap - (present -, fast 0) ms  redrawn -%  no damage 0  budget 14.2  touches 0  touch->screen -  shade->screen - (from the loop -) ms  errors 0
2026-09-30T13:46:36.531385Z  INFO item_compositor: drawn   0 of  60  missed  0  commits   0  draw - swap - (present -, fast 0) ms  redrawn -%  no damage 0  budget 14.2  touches 0  touch->screen -  shade->screen - (from the loop -) ms  errors 0
2026-09-30T13:46:37.532224Z  INFO item_compositor: drawn   0 of  60  missed  0  commits   0  draw - swap - (present -, fast 0) ms  redrawn -%  no damage 0  budget 14.2  touches 0  touch->screen -  shade->screen - (from the loop -) ms  errors 0
2026-09-30T13:46:38.532800Z  INFO item_compositor: drawn   0 of  60  missed  0  commits   0  draw - swap - (present -, fast 0) ms  redrawn -%  no damage 0  budget 14.2  touches 0  touch->screen -  shade->screen - (from the loop -) ms  errors 0
2026-09-30T13:46:39.533285Z  INFO item_compositor: drawn   0 of  60  missed  0  commits   0  draw - swap - (present -, fast 0) ms  redrawn -%  no damage 0  budget 14.2  touches 0  touch->screen -  shade->screen - (from the loop -) ms  errors 0
2026-09-30T13:46:40.533924Z  INFO item_compositor: drawn   0 of  60  missed  0  commits   0  draw - swap - (present -, fast 0) ms  redrawn -%  no damage 0  budget 14.2  touches 0  touch->screen -  shade->screen - (from the loop -) ms  errors 0
2026-09-30T13:46:41.534228Z  INFO item_compositor: drawn   0 of  60  missed  0  commits   0  draw - swap - (present -, fast 0) ms  redrawn -%  no damage 0  budget 14.2  touches 0  touch->screen -  shade->screen - (from the loop -) ms  errors 0
2026-09-30T13:46:42.534487Z  INFO item_compositor: drawn   0 of  60  missed  0  commits   0  draw - swap - (present -, fast 0) ms  redrawn -%  no damage 0  budget 14.2  touches 0  touch->screen -  shade->screen - (from the loop -) ms  errors 0
2026-09-30T13:46:43.534757Z  INFO item_compositor: drawn   0 of  61  missed  0  commits   0  draw - swap - (present -, fast 0) ms  redrawn -%  no damage 0  budget 14.2  touches 0  touch->screen -  shade->screen - (from the loop -) ms  errors 0
2026-09-30T13:46:44.535228Z  INFO item_compositor: drawn   0 of  60  missed  0  commits   0  draw - swap - (present -, fast 0) ms  redrawn -%  no damage 0  budget 14.2  touches 0  touch->screen -  shade->screen - (from the loop -) ms  errors 0
2026-09-30T13:46:45.535517Z  INFO item_compositor: drawn   0 of  60  missed  0  commits   0  draw - swap - (present -, fast 0) ms  redrawn -%  no damage 0  budget 14.2  touches 0  touch->screen -  shade->screen - (from the loop -) ms  errors 0
