Created symlink '/run/systemd/system/phosh.service' → '/dev/null'.
[15:14:18.443] composer up: 1
hotplug: display 0 connected primary
2026-09-30T12:14:18.613253Z  WARN smithay::backend::egl::ffi: [EGL] 0x3000 (SUCCESS) eglDebugMessageControlKHR: eglDebugMessageControlKHR is not supported by vendor library. Error reporting may not work correctly.
2026-09-30T12:14:18.637600Z  WARN smithay::backend::egl::display: Dmabuf import extension not available
EGL bound to the Wayland display: GL clients' buffers can import
listening on "wayland-1"
spawned: dbus-run-session -- env GDK_DEBUG=no-portals GSK_RENDERER=cairo gnome-calculator
spawned: sleep 4; dbus-run-session -- env GDK_DEBUG=no-portals EGL_PLATFORM=wayland gnome-calculator
dbus-daemon[29919]: [session uid=0 pid=29919 pidfd=5] Activating service name='org.gtk.vfs.Daemon' requested by ':1.0' (uid=0 pid=29921 comm="gnome-calculator" label="kernel")
dbus-daemon[29919]: [session uid=0 pid=29919 pidfd=5] Successfully activated service 'org.gtk.vfs.Daemon'
dbus-daemon[29919]: [session uid=0 pid=29919 pidfd=5] Activating service name='org.freedesktop.portal.Desktop' requested by ':1.0' (uid=0 pid=29921 comm="gnome-calculator" label="kernel")
dbus-daemon[29919]: [session uid=0 pid=29919 pidfd=5] Activating service name='org.freedesktop.impl.portal.PermissionStore' requested by ':1.3' (uid=0 pid=29944 comm="/usr/libexec/xdg-desktop-portal" label="kernel")
dbus-daemon[29919]: [session uid=0 pid=29919 pidfd=5] Successfully activated service 'org.freedesktop.impl.portal.PermissionStore'
dbus-daemon[29919]: [session uid=0 pid=29919 pidfd=5] Activating service name='org.freedesktop.portal.Documents' requested by ':1.3' (uid=0 pid=29944 comm="/usr/libexec/xdg-desktop-portal" label="kernel")
dbus-daemon[29919]: [session uid=0 pid=29919 pidfd=5] Successfully activated service 'org.freedesktop.portal.Documents'

(/usr/libexec/xdg-desktop-portal:29944): xdg-desktop-portal-WARNING **: 15:14:19.729: Choosing gtk.portal for org.freedesktop.impl.portal.Lockdown as a last-resort fallback
dbus-daemon[29919]: [session uid=0 pid=29919 pidfd=5] Activating service name='org.freedesktop.impl.portal.desktop.gtk' requested by ':1.3' (uid=0 pid=29944 comm="/usr/libexec/xdg-desktop-portal" label="kernel")
  1.0 s:  27 fps  mean 16.07 ms  max  20.88 ms  over 20 ms  1  windows 0  errors 0
dbus-daemon[29919]: [session uid=0 pid=29919 pidfd=5] Activating service name='org.a11y.Bus' requested by ':1.7' (uid=0 pid=29971 comm="/usr/libexec/xdg-desktop-portal-gtk" label="kernel")
dbus-daemon[29919]: [session uid=0 pid=29919 pidfd=5] Successfully activated service 'org.a11y.Bus'
dbus-daemon[29984]: Activating service name='org.a11y.atspi.Registry' requested by ':1.1' (uid=0 pid=29971 comm="/usr/libexec/xdg-desktop-portal-gtk" label="kernel")
dbus-daemon[29984]: Successfully activated service 'org.a11y.atspi.Registry'
SpiRegistry daemon is running with well-known name - org.a11y.atspi.Registry
dbus-daemon[29919]: [session uid=0 pid=29919 pidfd=5] Successfully activated service 'org.freedesktop.impl.portal.desktop.gtk'

(/usr/libexec/xdg-desktop-portal:29944): xdg-desktop-portal-WARNING **: 15:14:20.088: Choosing gtk.portal for org.freedesktop.impl.portal.Access as a last-resort fallback

(/usr/libexec/xdg-desktop-portal:29944): xdg-desktop-portal-WARNING **: 15:14:20.175: Failed to load RealtimeKit property: GDBus.Error:org.freedesktop.DBus.Error.ServiceUnknown: The name org.freedesktop.RealtimeKit1 was not provided by any .service files

(/usr/libexec/xdg-desktop-portal:29944): xdg-desktop-portal-WARNING **: 15:14:20.176: Failed to load RealtimeKit property: GDBus.Error:org.freedesktop.DBus.Error.ServiceUnknown: The name org.freedesktop.RealtimeKit1 was not provided by any .service files

(/usr/libexec/xdg-desktop-portal:29944): xdg-desktop-portal-WARNING **: 15:14:20.177: Failed to load RealtimeKit property: GDBus.Error:org.freedesktop.DBus.Error.ServiceUnknown: The name org.freedesktop.RealtimeKit1 was not provided by any .service files

(/usr/libexec/xdg-desktop-portal:29944): xdg-desktop-portal-WARNING **: 15:14:20.177: Choosing gtk.portal for org.freedesktop.impl.portal.Settings as a last-resort fallback

(/usr/libexec/xdg-desktop-portal:29944): xdg-desktop-portal-WARNING **: 15:14:20.180: Choosing gtk.portal for org.freedesktop.impl.portal.FileChooser as a last-resort fallback

(/usr/libexec/xdg-desktop-portal:29944): xdg-desktop-portal-WARNING **: 15:14:20.184: Choosing gtk.portal for org.freedesktop.impl.portal.AppChooser as a last-resort fallback

(/usr/libexec/xdg-desktop-portal:29944): xdg-desktop-portal-WARNING **: 15:14:20.187: Choosing gtk.portal for org.freedesktop.impl.portal.Print as a last-resort fallback

(/usr/libexec/xdg-desktop-portal:29944): xdg-desktop-portal-WARNING **: 15:14:20.191: Choosing gtk.portal for org.freedesktop.impl.portal.Notification as a last-resort fallback

(/usr/libexec/xdg-desktop-portal:29944): xdg-desktop-portal-WARNING **: 15:14:20.194: Choosing gtk.portal for org.freedesktop.impl.portal.Inhibit as a last-resort fallback
[W][15:14:20.201795] pw.conf      | [          conf.c: 1187 try_load_conf()] can't load config client.conf: No such file or directory
[E][15:14:20.202174] pw.conf      | [          conf.c: 1220 pw_conf_load_conf_for_context()] can't load config client.conf: No such file or directory

(/usr/libexec/xdg-desktop-portal:29944): xdg-desktop-portal-WARNING **: 15:14:20.202: Failed to connect to PipeWire: Couldn't create PipeWire context

(/usr/libexec/xdg-desktop-portal:29944): xdg-desktop-portal-WARNING **: 15:14:20.202: Choosing gtk.portal for org.freedesktop.impl.portal.Account as a last-resort fallback

(/usr/libexec/xdg-desktop-portal:29944): xdg-desktop-portal-WARNING **: 15:14:20.208: Choosing gtk.portal for org.freedesktop.impl.portal.Email as a last-resort fallback

(/usr/libexec/xdg-desktop-portal:29944): xdg-desktop-portal-WARNING **: 15:14:20.212: Choosing gtk.portal for org.freedesktop.impl.portal.DynamicLauncher as a last-resort fallback
dbus-daemon[29919]: [session uid=0 pid=29919 pidfd=5] Successfully activated service 'org.freedesktop.portal.Desktop'

** (gnome-calculator:29921): WARNING **: 15:14:20.387: imf-provider.vala:85: Failed to read exchange rates: Failed to open file “/root/.cache/gnome-calculator/rms_five.xls”: No such file or directory

** (gnome-calculator:29921): WARNING **: 15:14:20.387: currency-provider.vala:105: Cannot use United Nations Treasury rates as we don't have USD rate yet, retrying

** (gnome-calculator:29921): WARNING **: 15:14:20.387: currency-provider.vala:105: Cannot use European Central Bank rates as we don't have EUR rate yet, retrying

** (gnome-calculator:29921): WARNING **: 15:14:20.387: currency-provider.vala:105: Cannot use Bank of Canada rates as we don't have CAD rate yet, retrying
window mapped on the left panel
  2.0 s:  60 fps  mean 16.66 ms  max  22.68 ms  over 20 ms  2  windows 1  errors 0

** (gnome-calculator:29921): WARNING **: 15:14:20.831: currency-provider.vala:105: Cannot use Bank of Canada rates as we don't have CAD rate yet, retrying
  3.0 s:  60 fps  mean 16.67 ms  max  19.28 ms  over 20 ms  0  windows 1  errors 0
  4.0 s:  60 fps  mean 16.66 ms  max  17.50 ms  over 20 ms  0  windows 1  errors 0
dbus-daemon[30021]: [session uid=0 pid=30021 pidfd=5] Activating service name='org.gtk.vfs.Daemon' requested by ':1.0' (uid=0 pid=30022 comm="gnome-calculator" label="kernel")
dbus-daemon[30021]: [session uid=0 pid=30021 pidfd=5] Successfully activated service 'org.gtk.vfs.Daemon'
dbus-daemon[30021]: [session uid=0 pid=30021 pidfd=5] Activating service name='org.freedesktop.portal.Desktop' requested by ':1.0' (uid=0 pid=30022 comm="gnome-calculator" label="kernel")
dbus-daemon[30021]: [session uid=0 pid=30021 pidfd=5] Activating service name='org.freedesktop.impl.portal.PermissionStore' requested by ':1.3' (uid=0 pid=30043 comm="/usr/libexec/xdg-desktop-portal" label="kernel")
dbus-daemon[30021]: [session uid=0 pid=30021 pidfd=5] Successfully activated service 'org.freedesktop.impl.portal.PermissionStore'
dbus-daemon[30021]: [session uid=0 pid=30021 pidfd=5] Activating service name='org.freedesktop.portal.Documents' requested by ':1.3' (uid=0 pid=30043 comm="/usr/libexec/xdg-desktop-portal" label="kernel")
dbus-daemon[30021]: [session uid=0 pid=30021 pidfd=5] Successfully activated service 'org.freedesktop.portal.Documents'

(/usr/libexec/xdg-desktop-portal:30043): xdg-desktop-portal-WARNING **: 15:14:23.379: Choosing gtk.portal for org.freedesktop.impl.portal.Lockdown as a last-resort fallback
dbus-daemon[30021]: [session uid=0 pid=30021 pidfd=5] Activating service name='org.freedesktop.impl.portal.desktop.gtk' requested by ':1.3' (uid=0 pid=30043 comm="/usr/libexec/xdg-desktop-portal" label="kernel")
dbus-daemon[30021]: [session uid=0 pid=30021 pidfd=5] Activating service name='org.a11y.Bus' requested by ':1.7' (uid=0 pid=30067 comm="/usr/libexec/xdg-desktop-portal-gtk" label="kernel")
dbus-daemon[30021]: [session uid=0 pid=30021 pidfd=5] Successfully activated service 'org.a11y.Bus'
dbus-daemon[30080]: Activating service name='org.a11y.atspi.Registry' requested by ':1.1' (uid=0 pid=30067 comm="/usr/libexec/xdg-desktop-portal-gtk" label="kernel")
dbus-daemon[30080]: Successfully activated service 'org.a11y.atspi.Registry'
SpiRegistry daemon is running with well-known name - org.a11y.atspi.Registry
dbus-daemon[30021]: [session uid=0 pid=30021 pidfd=5] Successfully activated service 'org.freedesktop.impl.portal.desktop.gtk'

(/usr/libexec/xdg-desktop-portal:30043): xdg-desktop-portal-WARNING **: 15:14:23.725: Choosing gtk.portal for org.freedesktop.impl.portal.Access as a last-resort fallback

(/usr/libexec/xdg-desktop-portal:30043): xdg-desktop-portal-WARNING **: 15:14:23.814: Failed to load RealtimeKit property: GDBus.Error:org.freedesktop.DBus.Error.ServiceUnknown: The name org.freedesktop.RealtimeKit1 was not provided by any .service files

(/usr/libexec/xdg-desktop-portal:30043): xdg-desktop-portal-WARNING **: 15:14:23.815: Failed to load RealtimeKit property: GDBus.Error:org.freedesktop.DBus.Error.ServiceUnknown: The name org.freedesktop.RealtimeKit1 was not provided by any .service files
  5.0 s:  60 fps  mean 16.67 ms  max  25.12 ms  over 20 ms  3  windows 1  errors 0

(/usr/libexec/xdg-desktop-portal:30043): xdg-desktop-portal-WARNING **: 15:14:23.819: Failed to load RealtimeKit property: GDBus.Error:org.freedesktop.DBus.Error.ServiceUnknown: The name org.freedesktop.RealtimeKit1 was not provided by any .service files

(/usr/libexec/xdg-desktop-portal:30043): xdg-desktop-portal-WARNING **: 15:14:23.819: Choosing gtk.portal for org.freedesktop.impl.portal.Settings as a last-resort fallback

(/usr/libexec/xdg-desktop-portal:30043): xdg-desktop-portal-WARNING **: 15:14:23.824: Choosing gtk.portal for org.freedesktop.impl.portal.FileChooser as a last-resort fallback

(/usr/libexec/xdg-desktop-portal:30043): xdg-desktop-portal-WARNING **: 15:14:23.826: Choosing gtk.portal for org.freedesktop.impl.portal.AppChooser as a last-resort fallback

(/usr/libexec/xdg-desktop-portal:30043): xdg-desktop-portal-WARNING **: 15:14:23.830: Choosing gtk.portal for org.freedesktop.impl.portal.Print as a last-resort fallback

(/usr/libexec/xdg-desktop-portal:30043): xdg-desktop-portal-WARNING **: 15:14:23.833: Choosing gtk.portal for org.freedesktop.impl.portal.Notification as a last-resort fallback

(/usr/libexec/xdg-desktop-portal:30043): xdg-desktop-portal-WARNING **: 15:14:23.837: Choosing gtk.portal for org.freedesktop.impl.portal.Inhibit as a last-resort fallback
[W][15:14:23.843101] pw.conf      | [          conf.c: 1187 try_load_conf()] can't load config client.conf: No such file or directory
[E][15:14:23.843552] pw.conf      | [          conf.c: 1220 pw_conf_load_conf_for_context()] can't load config client.conf: No such file or directory

(/usr/libexec/xdg-desktop-portal:30043): xdg-desktop-portal-WARNING **: 15:14:23.843: Failed to connect to PipeWire: Couldn't create PipeWire context

(/usr/libexec/xdg-desktop-portal:30043): xdg-desktop-portal-WARNING **: 15:14:23.843: Choosing gtk.portal for org.freedesktop.impl.portal.Account as a last-resort fallback

(/usr/libexec/xdg-desktop-portal:30043): xdg-desktop-portal-WARNING **: 15:14:23.850: Choosing gtk.portal for org.freedesktop.impl.portal.Email as a last-resort fallback

(/usr/libexec/xdg-desktop-portal:30043): xdg-desktop-portal-WARNING **: 15:14:23.854: Choosing gtk.portal for org.freedesktop.impl.portal.DynamicLauncher as a last-resort fallback
dbus-daemon[30021]: [session uid=0 pid=30021 pidfd=5] Successfully activated service 'org.freedesktop.portal.Desktop'
window mapped on the right panel
  6.0 s:  60 fps  mean 16.70 ms  max  20.61 ms  over 20 ms  1  windows 2  errors 0
  7.0 s:  60 fps  mean 16.69 ms  max  19.67 ms  over 20 ms  0  windows 2  errors 0
  8.0 s:  60 fps  mean 16.69 ms  max  18.09 ms  over 20 ms  0  windows 2  errors 0
  9.0 s:  59 fps  mean 16.69 ms  max  19.50 ms  over 20 ms  0  windows 2  errors 0
 10.0 s:  60 fps  mean 16.69 ms  max  18.49 ms  over 20 ms  0  windows 2  errors 0
 11.0 s:  60 fps  mean 16.69 ms  max  18.08 ms  over 20 ms  0  windows 2  errors 0
 12.0 s:  60 fps  mean 16.69 ms  max  18.05 ms  over 20 ms  0  windows 2  errors 0
 13.0 s:  60 fps  mean 16.77 ms  max  29.73 ms  over 20 ms  1  windows 2  errors 0
 14.0 s:  60 fps  mean 16.67 ms  max  17.90 ms  over 20 ms  0  windows 2  errors 0
 15.0 s:  60 fps  mean 16.65 ms  max  17.49 ms  over 20 ms  0  windows 2  errors 0
 16.0 s:  60 fps  mean 16.67 ms  max  18.07 ms  over 20 ms  0  windows 2  errors 0
 17.0 s:  60 fps  mean 16.68 ms  max  17.39 ms  over 20 ms  0  windows 2  errors 0
 18.0 s:  60 fps  mean 16.66 ms  max  17.07 ms  over 20 ms  0  windows 2  errors 0
 19.0 s:  60 fps  mean 16.67 ms  max  22.26 ms  over 20 ms  1  windows 2  errors 0
 20.0 s:  60 fps  mean 16.69 ms  max  18.23 ms  over 20 ms  0  windows 2  errors 0
 21.0 s:  60 fps  mean 16.68 ms  max  17.22 ms  over 20 ms  0  windows 2  errors 0
 22.0 s:  60 fps  mean 16.70 ms  max  17.41 ms  over 20 ms  0  windows 2  errors 0
 23.0 s:  60 fps  mean 16.66 ms  max  17.51 ms  over 20 ms  0  windows 2  errors 0
 24.0 s:  59 fps  mean 16.71 ms  max  17.79 ms  over 20 ms  0  windows 2  errors 0
 25.0 s:  60 fps  mean 16.69 ms  max  18.12 ms  over 20 ms  0  windows 2  errors 0
 26.0 s:  60 fps  mean 16.68 ms  max  17.30 ms  over 20 ms  0  windows 2  errors 0
 27.0 s:  60 fps  mean 16.69 ms  max  18.06 ms  over 20 ms  0  windows 2  errors 0
 28.0 s:  60 fps  mean 16.69 ms  max  17.76 ms  over 20 ms  0  windows 2  errors 0
 29.0 s:  60 fps  mean 16.68 ms  max  17.75 ms  over 20 ms  0  windows 2  errors 0
 30.0 s:  60 fps  mean 16.68 ms  max  17.18 ms  over 20 ms  0  windows 2  errors 0
 31.0 s:  60 fps  mean 16.71 ms  max  18.61 ms  over 20 ms  0  windows 2  errors 0
 32.0 s:  60 fps  mean 16.67 ms  max  17.22 ms  over 20 ms  0  windows 2  errors 0
 33.0 s:  60 fps  mean 16.66 ms  max  17.69 ms  over 20 ms  0  windows 2  errors 0
 34.0 s:  60 fps  mean 16.68 ms  max  17.50 ms  over 20 ms  0  windows 2  errors 0
 35.0 s:  60 fps  mean 16.69 ms  max  22.23 ms  over 20 ms  1  windows 2  errors 0
 36.0 s:  60 fps  mean 16.69 ms  max  17.25 ms  over 20 ms  0  windows 2  errors 0
 37.0 s:  60 fps  mean 16.70 ms  max  17.60 ms  over 20 ms  0  windows 2  errors 0
 38.0 s:  60 fps  mean 16.67 ms  max  17.52 ms  over 20 ms  0  windows 2  errors 0
 39.0 s:  60 fps  mean 16.69 ms  max  17.60 ms  over 20 ms  0  windows 2  errors 0
 40.0 s:  59 fps  mean 16.69 ms  max  17.49 ms  over 20 ms  0  windows 2  errors 0
done
Gdk-Message: 15:14:58.810: Lost connection to Wayland compositor.
Gdk-Message: 15:14:58.809: Error reading events from display: Broken pipe
Gdk-Message: 15:14:58.813: Lost connection to Wayland compositor.
Gdk-Message: 15:14:58.815: Error reading events from display: Broken pipe
A connection to the bus can't be made
[15:14:58.882] exit 0
[15:14:58.886] rollback
A connection to the bus can't be made
[15:15:12.662] phosh active
