touch: item tap (/dev/input/event10)
pacing: late in the frame, margin 4.0 ms, clients' frames at once
warm-up: 12 textures in 3.0 ms
missed: drawn -14814075.9 ms before the vsync, draw 7.2 swap 548.3, presented 14814631.3 ms late: 0.0 after the last present, validate 4.6, present 543.5, GPU busy; redrawn 100%, shade 0 still / 0 still
missed: drawn 6.6 ms before the vsync, draw 10.7 swap 3.9, presented 7.8 ms late: 29.3 after the last present, validate 1.1, present 2.4, GPU done; redrawn 100%, shade 0 still / 0 still
drawn   3 of  23  missed  2  commits   0 (at once 0)  draw 7.0/10.7 (elements 0.1/0.1) swap 185.1/548.3 (present 184.9/548.2, fast 0) ms  redrawn 100.0/100.0%  no damage 0  budget 16.1  touches 4  touch->screen -  shade->screen - (from the loop -) ms  errors 0
drawn  33 of  60  missed  0  commits  24 (at once 5)  draw 2.8/3.6 (elements 0.8/1.7) swap 2.0/5.9 (present 2.0/5.8, fast 0) ms  redrawn 97.0/100.0%  no damage 1  budget 13.6  touches 8  touch->screen 3 mean 124.1 max 286.6 ms  shade->screen - (from the loop -) ms  errors 0
drawn  60 of  60  missed  0  commits  61 (at once 3)  draw 2.5/8.1 (elements 1.0/5.7) swap 2.2/6.1 (present 2.1/6.0, fast 0) ms  redrawn 100.0/100.0%  no damage 0  budget 11.7  touches 12  touch->screen 4 mean 35.5 max 47.8 ms  shade->screen - (from the loop -) ms  errors 0
missed: drawn 3.9 ms before the vsync, draw 2.3 swap 2.5, presented 0.9 ms late: 27.2 after the last present, validate 1.5, present 0.8, GPU busy; redrawn 100%, shade 0 still / 0 still
drawn  59 of  60  missed  1  commits  59 (at once 10)  draw 2.1/3.4 (elements 0.9/2.0) swap 2.4/7.3 (present 2.3/7.2, fast 0) ms  redrawn 100.0/100.0%  no damage 0  budget 10.9  touches 16  touch->screen 4 mean 25.6 max 29.8 ms  shade->screen - (from the loop -) ms  errors 0
missed: drawn 1.8 ms before the vsync, draw 2.1 swap 2.9, presented 3.2 ms late: 26.6 after the last present, validate 1.9, present 0.9, GPU busy; redrawn 100%, shade 0 still / 0 still
missed: drawn 2.6 ms before the vsync, draw 2.3 swap 1.4, presented 1.1 ms late: 24.3 after the last present, validate 0.5, present 0.8, GPU busy; redrawn 100%, shade 0 still / 0 still
drawn  58 of  60  missed  2  commits  59 (at once 11)  draw 2.0/2.5 (elements 0.9/1.2) swap 2.0/6.1 (present 2.0/6.0, fast 0) ms  redrawn 100.0/100.0%  no damage 0  budget 10.7  touches 20  touch->screen 4 mean 24.9 max 26.2 ms  shade->screen - (from the loop -) ms  errors 0
drawn  60 of  60  missed  0  commits  59 (at once 11)  draw 2.0/6.5 (elements 0.9/5.5) swap 2.1/5.8 (present 2.1/5.7, fast 0) ms  redrawn 100.0/100.0%  no damage 0  budget 12.5  touches 24  touch->screen 4 mean 34.4 max 38.8 ms  shade->screen - (from the loop -) ms  errors 0
missed: drawn 4.5 ms before the vsync, draw 1.8 swap 2.8, presented 0.3 ms late: 27.2 after the last present, validate 1.8, present 0.9, GPU busy; redrawn 100%, shade 0 still / 0 still
drawn  59 of  60  missed  1  commits  59 (at once 11)  draw 2.0/2.8 (elements 0.9/1.6) swap 2.4/5.4 (present 2.3/5.3, fast 0) ms  redrawn 100.0/100.0%  no damage 0  budget 11.5  touches 28  touch->screen 4 mean 27.2 max 36.4 ms  shade->screen - (from the loop -) ms  errors 0
missed: drawn 3.2 ms before the vsync, draw 1.7 swap 1.6, presented 0.1 ms late: 24.8 after the last present, validate 0.6, present 0.8, GPU busy; redrawn 100%, shade 0 still / 0 still
missed: drawn 4.8 ms before the vsync, draw 1.8 swap 3.0, presented 0.0 ms late: 25.0 after the last present, validate 2.1, present 0.8, GPU busy; redrawn 100%, shade 0 still / 0 still
missed: drawn 3.5 ms before the vsync, draw 1.7 swap 2.2, presented 0.4 ms late: 24.8 after the last present, validate 1.2, present 0.8, GPU busy; redrawn 100%, shade 0 still / 0 still
drawn  58 of  60  missed  3  commits  59 (at once 9)  draw 1.9/3.2 (elements 0.8/1.4) swap 2.6/5.7 (present 2.5/5.6, fast 0) ms  redrawn 98.3/100.0%  no damage 1  budget 11.6  touches 32  touch->screen 4 mean 40.2 max 49.6 ms  shade->screen - (from the loop -) ms  errors 0
drawn  60 of  60  missed  0  commits  60 (at once 4)  draw 1.9/3.5 (elements 0.8/1.2) swap 6.3/8.4 (present 6.2/8.3, fast 0) ms  redrawn 100.0/100.0%  no damage 0  budget 18.6  touches 36  touch->screen 4 mean 35.8 max 38.9 ms  shade->screen - (from the loop -) ms  errors 0
drawn  60 of  60  missed  0  commits  60 (at once 1)  draw 1.8/2.3 (elements 0.8/1.2) swap 8.5/9.6 (present 8.4/9.5, fast 0) ms  redrawn 100.0/100.0%  no damage 0  budget 20.8  touches 40  touch->screen 4 mean 37.9 max 38.3 ms  shade->screen - (from the loop -) ms  errors 0
drawn  60 of  60  missed  0  commits  59 (at once 1)  draw 1.9/3.9 (elements 0.9/3.2) swap 9.9/11.1 (present 9.8/11.1, fast 0) ms  redrawn 100.0/100.0%  no damage 0  budget 21.8  touches 44  touch->screen 4 mean 36.3 max 36.8 ms  shade->screen - (from the loop -) ms  errors 0
drawn  60 of  60  missed  0  commits  61 (at once 1)  draw 1.9/5.9 (elements 0.8/1.0) swap 11.1/12.1 (present 11.0/12.0, fast 0) ms  redrawn 100.0/100.0%  no damage 0  budget 24.5  touches 48  touch->screen 4 mean 35.1 max 35.4 ms  shade->screen - (from the loop -) ms  errors 0
drawn  60 of  60  missed  0  commits  60 (at once 4)  draw 1.9/2.5 (elements 0.8/1.1) swap 11.8/13.1 (present 11.7/13.0, fast 0) ms  redrawn 100.0/100.0%  no damage 0  budget 26.0  touches 52  touch->screen 4 mean 33.8 max 34.5 ms  shade->screen - (from the loop -) ms  errors 0
missed: drawn 16.4 ms before the vsync, draw 1.6 swap 16.1, presented 1.2 ms late: 19.0 after the last present, validate 0.5, present 15.4, GPU busy; redrawn 100%, shade 0 still / 0 still
drawn  59 of  60  missed  1  commits  59 (at once 8)  draw 2.0/5.4 (elements 0.8/1.3) swap 8.3/16.1 (present 8.2/16.0, fast 0) ms  redrawn 100.0/100.0%  no damage 0  budget 12.0  touches 56  touch->screen 4 mean 27.5 max 32.9 ms  shade->screen - (from the loop -) ms  errors 0
missed: drawn 1.9 ms before the vsync, draw 1.8 swap 1.5, presented 1.4 ms late: 28.6 after the last present, validate 0.6, present 0.8, GPU busy; redrawn 100%, shade 0 still / 0 still
missed: drawn 1.5 ms before the vsync, draw 2.7 swap 1.4, presented 2.7 ms late: 22.7 after the last present, validate 0.5, present 0.8, GPU busy; redrawn 100%, shade 0 still / 0 still
drawn  58 of  61  missed  2  commits  57 (at once 7)  draw 2.0/5.6 (elements 0.9/4.5) swap 2.8/7.1 (present 2.7/7.1, fast 0) ms  redrawn 100.0/100.0%  no damage 0  budget 15.1  touches 60  touch->screen 4 mean 24.7 max 26.6 ms  shade->screen - (from the loop -) ms  errors 0
missed: drawn 1.9 ms before the vsync, draw 2.2 swap 1.4, presented 1.8 ms late: 22.1 after the last present, validate 0.5, present 0.8, GPU busy; redrawn 100%, shade 0 still / 0 still
drawn  59 of  60  missed  1  commits  59 (at once 7)  draw 2.0/5.3 (elements 0.9/4.4) swap 2.3/7.7 (present 2.3/7.6, fast 0) ms  redrawn 100.0/100.0%  no damage 0  budget 15.5  touches 64  touch->screen 4 mean 24.1 max 25.6 ms  shade->screen - (from the loop -) ms  errors 0
missed: drawn 2.1 ms before the vsync, draw 2.2 swap 1.4, presented 1.5 ms late: 20.2 after the last present, validate 0.5, present 0.8, GPU busy; redrawn 100%, shade 0 still / 0 still
drawn  58 of  60  missed  1  commits  58 (at once 6)  draw 2.0/6.1 (elements 0.9/1.8) swap 2.4/10.4 (present 2.3/10.3, fast 0) ms  redrawn 100.0/100.0%  no damage 0  budget 14.1  touches 68  touch->screen 3 mean 22.2 max 22.9 ms  shade->screen - (from the loop -) ms  errors 0
drawn  60 of  60  missed  0  commits  61 (at once 7)  draw 1.9/2.6 (elements 0.9/1.3) swap 2.3/6.3 (present 2.2/6.2, fast 0) ms  redrawn 100.0/100.0%  no damage 0  budget 12.9  touches 72  touch->screen 4 mean 36.3 max 37.0 ms  shade->screen - (from the loop -) ms  errors 0
drawn  60 of  60  missed  0  commits  59 (at once 7)  draw 2.0/6.0 (elements 0.9/1.2) swap 2.2/7.2 (present 2.1/7.1, fast 0) ms  redrawn 100.0/100.0%  no damage 0  budget 15.4  touches 76  touch->screen 4 mean 33.4 max 34.7 ms  shade->screen - (from the loop -) ms  errors 0
drawn  59 of  60  missed  0  commits  60 (at once 9)  draw 2.1/7.5 (elements 0.9/2.0) swap 2.1/5.2 (present 2.1/5.1, fast 0) ms  redrawn 100.0/100.0%  no damage 0  budget 12.7  touches 80  touch->screen 4 mean 30.4 max 31.5 ms  shade->screen - (from the loop -) ms  errors 0
drawn  60 of  60  missed  0  commits  60 (at once 10)  draw 2.0/3.0 (elements 0.9/1.5) swap 2.4/6.3 (present 2.3/6.2, fast 0) ms  redrawn 100.0/100.0%  no damage 0  budget 12.3  touches 84  touch->screen 4 mean 25.2 max 28.2 ms  shade->screen - (from the loop -) ms  errors 0
missed: drawn 1.7 ms before the vsync, draw 2.2 swap 2.3, presented 2.9 ms late: 27.8 after the last present, validate 1.1, present 1.1, GPU busy; redrawn 100%, shade 0 still / 0 still
drawn  59 of  60  missed  1  commits  59 (at once 8)  draw 2.1/5.7 (elements 0.9/4.9) swap 2.1/6.5 (present 2.1/6.4, fast 0) ms  redrawn 100.0/100.0%  no damage 0  budget 10.7  touches 88  touch->screen 4 mean 22.9 max 26.1 ms  shade->screen - (from the loop -) ms  errors 0
drawn  60 of  60  missed  0  commits  60 (at once 9)  draw 2.2/8.4 (elements 0.9/3.4) swap 2.7/5.9 (present 2.6/5.9, fast 0) ms  redrawn 100.0/100.0%  no damage 0  budget 14.0  touches 92  touch->screen 4 mean 21.5 max 23.2 ms  shade->screen - (from the loop -) ms  errors 0
drawn  18 of  60  missed  0  commits  17 (at once 1)  draw 2.0/5.6 (elements 1.0/4.4) swap 3.5/6.5 (present 3.4/6.4, fast 0) ms  redrawn 100.0/100.0%  no damage 0  budget 13.4  touches 92  touch->screen 1 mean 36.4 max 36.4 ms  shade->screen - (from the loop -) ms  errors 0
drawn   0 of  60  missed  0  commits   0 (at once 0)  draw - (elements -) swap - (present -, fast 0) ms  redrawn -%  no damage 0  budget 13.4  touches 92  touch->screen -  shade->screen - (from the loop -) ms  errors 0
drawn   0 of  60  missed  0  commits   0 (at once 0)  draw - (elements -) swap - (present -, fast 0) ms  redrawn -%  no damage 0  budget 13.4  touches 92  touch->screen -  shade->screen - (from the loop -) ms  errors 0
drawn   0 of  60  missed  0  commits   0 (at once 0)  draw - (elements -) swap - (present -, fast 0) ms  redrawn -%  no damage 0  budget 13.4  touches 92  touch->screen -  shade->screen - (from the loop -) ms  errors 0
drawn   0 of  60  missed  0  commits   0 (at once 0)  draw - (elements -) swap - (present -, fast 0) ms  redrawn -%  no damage 0  budget 13.4  touches 92  touch->screen -  shade->screen - (from the loop -) ms  errors 0
drawn   0 of  60  missed  0  commits   0 (at once 0)  draw - (elements -) swap - (present -, fast 0) ms  redrawn -%  no damage 0  budget 13.4  touches 92  touch->screen -  shade->screen - (from the loop -) ms  errors 0
