touch: item swipe (/dev/input/event10)
pacing: late in the frame, margin 4.0 ms, clients' frames at once
warm-up: 12 textures in 1.1 ms
missed: drawn -15204060.6 ms before the vsync, draw 7.3 swap 561.9, presented 15204629.7 ms late: 0.0 after the last present, validate 12.3, present 549.4, GPU busy; redrawn 100%, shade 0 still / 0 still
missed: drawn 6.8 ms before the vsync, draw 9.6 swap 2.3, presented 5.0 ms late: 31.2 after the last present, validate 0.7, present 1.5, GPU done; redrawn 100%, shade 0 still / 0 still
drawn   3 of  22  missed  2  commits   0 (at once 0)  draw 6.4/9.6 (elements 0.0/0.1) swap 189.1/561.9 (present 189.0/561.8, fast 0) ms  redrawn 100.0/100.0%  no damage 0  budget 14.2  touches 1  touch->screen -  shade->screen - (from the loop -) ms  errors 0
drawn  21 of  60  missed  0  commits   4 (at once 4)  draw 2.3/3.2 (elements 0.2/1.2) swap 1.7/2.5 (present 1.7/2.4, fast 0) ms  redrawn 95.2/100.0%  no damage 1  budget 10.7  touches 2  touch->screen 1 mean 315.8 max 315.8 ms  shade->screen - (from the loop -) ms  errors 0
missed: drawn 0.7 ms before the vsync, draw 6.3 swap 3.5, presented 8.9 ms late: 32.2 after the last present, validate 1.1, present 1.7, GPU done; redrawn 100%, shade 0 still / 0 still
drawn  33 of  60  missed  1  commits   2 (at once 1)  draw 2.2/6.4 (elements 0.1/1.0) swap 1.6/4.5 (present 2.0/4.2, fast 0) ms  redrawn 72.7/100.0%  no damage 9  budget 12.0  touches 3  touch->screen 1 mean 138.4 max 138.4 ms  shade->screen - (from the loop -) ms  errors 0
drawn  23 of  60  missed  0  commits  23 (at once 20)  draw 1.0/2.4 (elements 0.4/1.1) swap 1.0/3.9 (present 2.0/3.8, fast 0) ms  redrawn 47.8/100.0%  no damage 12  budget 11.8  touches 4  touch->screen 1 mean 103.1 max 103.1 ms  shade->screen - (from the loop -) ms  errors 0
missed: drawn 4.7 ms before the vsync, draw 2.3 swap 3.0, presented 0.5 ms late: 20.9 after the last present, validate 1.1, present 1.6, GPU done; redrawn 100%, shade 0 still / 0 still
drawn  83 of  60  missed  1  commits  83 (at once 73)  draw 0.8/3.7 (elements 0.4/2.5) swap 0.9/7.6 (present 2.6/7.4, fast 0) ms  redrawn 33.7/100.0%  no damage 55  budget 15.5  touches 5  touch->screen 1 mean 21.1 max 21.1 ms  shade->screen - (from the loop -) ms  errors 0
missed: drawn 2.0 ms before the vsync, draw 1.8 swap 2.0, presented 1.8 ms late: 22.7 after the last present, validate 0.6, present 0.8, GPU done; redrawn 100%, shade 0 still / 0 still
drawn  57 of  60  missed  1  commits  57 (at once 34)  draw 2.2/7.3 (elements 0.9/1.3) swap 2.3/7.8 (present 2.2/7.6, fast 0) ms  redrawn 100.0/100.0%  no damage 0  budget 11.7  touches 6  touch->screen 1 mean 19.9 max 19.9 ms  shade->screen - (from the loop -) ms  errors 0
missed: drawn 2.8 ms before the vsync, draw 3.2 swap 2.0, presented 2.5 ms late: 29.8 after the last present, validate 0.7, present 0.9, GPU done; redrawn 100%, shade 0 still / 0 still
drawn  58 of  60  missed  1  commits  58 (at once 36)  draw 2.4/9.6 (elements 1.0/2.8) swap 2.2/7.3 (present 2.1/7.2, fast 0) ms  redrawn 100.0/100.0%  no damage 0  budget 14.5  touches 6  touch->screen -  shade->screen - (from the loop -) ms  errors 0
missed: drawn 3.2 ms before the vsync, draw 1.9 swap 1.9, presented 0.7 ms late: 26.2 after the last present, validate 0.8, present 1.0, GPU busy; redrawn 100%, shade 0 still / 0 still
drawn  57 of  60  missed  1  commits  57 (at once 34)  draw 2.3/6.0 (elements 1.0/2.4) swap 2.3/7.0 (present 2.2/6.9, fast 0) ms  redrawn 100.0/100.0%  no damage 0  budget 12.3  touches 7  touch->screen 1 mean 25.0 max 25.0 ms  shade->screen - (from the loop -) ms  errors 0
drawn  60 of  60  missed  0  commits  60 (at once 27)  draw 2.3/6.0 (elements 1.0/4.9) swap 3.0/7.0 (present 2.9/6.9, fast 0) ms  redrawn 100.0/100.0%  no damage 0  budget 13.6  touches 8  touch->screen 1 mean 24.5 max 24.5 ms  shade->screen - (from the loop -) ms  errors 0
missed: drawn 0.1 ms before the vsync, draw 2.1 swap 1.8, presented 4.0 ms late: 29.8 after the last present, validate 0.7, present 1.0, GPU busy; redrawn 100%, shade 0 still / 0 still
missed: drawn 3.5 ms before the vsync, draw 2.1 swap 2.1, presented 0.9 ms late: 26.0 after the last present, validate 0.8, present 1.2, GPU busy; redrawn 100%, shade 0 still / 0 still
drawn  58 of  60  missed  2  commits  58 (at once 19)  draw 2.2/5.8 (elements 1.0/3.7) swap 4.4/7.5 (present 4.3/7.3, fast 0) ms  redrawn 100.0/100.0%  no damage 0  budget 14.8  touches 9  touch->screen 1 mean 23.9 max 23.9 ms  shade->screen - (from the loop -) ms  errors 0
missed: drawn 2.6 ms before the vsync, draw 1.8 swap 1.8, presented 1.0 ms late: 26.0 after the last present, validate 0.8, present 0.9, GPU busy; redrawn 100%, shade 0 still / 0 still
missed: drawn 2.9 ms before the vsync, draw 1.9 swap 1.7, presented 0.7 ms late: 25.6 after the last present, validate 0.7, present 0.9, GPU busy; redrawn 100%, shade 0 still / 0 still
drawn  58 of  60  missed  2  commits  58 (at once 13)  draw 2.3/6.4 (elements 1.0/5.2) swap 4.5/6.8 (present 4.4/6.7, fast 0) ms  redrawn 100.0/100.0%  no damage 0  budget 15.2  touches 10  touch->screen 1 mean 24.1 max 24.1 ms  shade->screen - (from the loop -) ms  errors 0
missed: drawn 3.4 ms before the vsync, draw 2.1 swap 1.9, presented 0.8 ms late: 25.4 after the last present, validate 0.7, present 1.0, GPU busy; redrawn 100%, shade 0 still / 0 still
missed: drawn 1.7 ms before the vsync, draw 4.6 swap 3.7, presented 6.7 ms late: 32.7 after the last present, validate 1.7, present 1.8, GPU busy; redrawn 100%, shade 0 still / 0 still
drawn  58 of  60  missed  2  commits  59 (at once 16)  draw 2.4/8.0 (elements 1.0/1.8) swap 4.7/7.7 (present 4.6/7.6, fast 0) ms  redrawn 100.0/100.0%  no damage 0  budget 18.0  touches 11  touch->screen 1 mean 49.1 max 49.1 ms  shade->screen - (from the loop -) ms  errors 0
missed: drawn 3.9 ms before the vsync, draw 3.5 swap 2.6, presented 2.3 ms late: 25.0 after the last present, validate 1.4, present 1.1, GPU busy; redrawn 100%, shade 0 still / 0 still
drawn  58 of  60  missed  1  commits  58 (at once 15)  draw 2.4/7.4 (elements 1.1/6.0) swap 4.7/8.8 (present 4.6/8.7, fast 0) ms  redrawn 100.0/100.0%  no damage 0  budget 17.7  touches 12  touch->screen 1 mean 27.9 max 27.9 ms  shade->screen - (from the loop -) ms  errors 0
missed: drawn 2.3 ms before the vsync, draw 1.9 swap 2.3, presented 2.0 ms late: 23.3 after the last present, validate 0.9, present 1.3, GPU busy; redrawn 100%, shade 0 still / 0 still
drawn  59 of  60  missed  1  commits  59 (at once 9)  draw 2.5/12.2 (elements 1.2/10.0) swap 7.3/10.3 (present 7.2/10.2, fast 0) ms  redrawn 100.0/100.0%  no damage 0  budget 15.2  touches 13  touch->screen 1 mean 51.0 max 51.0 ms  shade->screen - (from the loop -) ms  errors 0
missed: drawn 2.2 ms before the vsync, draw 2.3 swap 2.0, presented 2.1 ms late: 23.7 after the last present, validate 0.9, present 1.0, GPU busy; redrawn 100%, shade 0 still / 0 still
missed: drawn 2.4 ms before the vsync, draw 2.4 swap 2.0, presented 2.1 ms late: 43.8 after the last present, validate 0.8, present 1.0, GPU busy; redrawn 100%, shade 0 still / 0 still
drawn  58 of  61  missed  2  commits  57 (at once 27)  draw 2.4/6.8 (elements 1.0/4.5) swap 2.4/6.4 (present 2.3/6.3, fast 0) ms  redrawn 100.0/100.0%  no damage 0  budget 13.1  touches 14  touch->screen 1 mean 67.3 max 67.3 ms  shade->screen - (from the loop -) ms  errors 0
missed: drawn 1.2 ms before the vsync, draw 2.0 swap 1.7, presented 2.5 ms late: 28.1 after the last present, validate 0.6, present 0.9, GPU busy; redrawn 100%, shade 0 still / 0 still
drawn  59 of  60  missed  1  commits  59 (at once 25)  draw 2.4/6.0 (elements 0.9/1.4) swap 2.5/7.1 (present 2.4/6.8, fast 0) ms  redrawn 100.0/100.0%  no damage 0  budget 14.9  touches 14  touch->screen -  shade->screen - (from the loop -) ms  errors 0
missed: drawn 3.2 ms before the vsync, draw 1.8 swap 1.8, presented 0.3 ms late: 26.9 after the last present, validate 0.6, present 0.9, GPU busy; redrawn 100%, shade 0 still / 0 still
drawn  58 of  60  missed  1  commits  58 (at once 26)  draw 2.5/6.8 (elements 1.0/2.0) swap 2.5/6.9 (present 2.4/6.8, fast 0) ms  redrawn 100.0/100.0%  no damage 0  budget 13.2  touches 15  touch->screen 1 mean 17.8 max 17.8 ms  shade->screen - (from the loop -) ms  errors 0
missed: drawn 3.4 ms before the vsync, draw 2.0 swap 1.9, presented 0.5 ms late: 25.8 after the last present, validate 0.7, present 1.0, GPU busy; redrawn 100%, shade 0 still / 0 still
drawn  59 of  60  missed  1  commits  59 (at once 33)  draw 2.3/5.9 (elements 0.9/4.5) swap 2.3/5.9 (present 2.2/5.7, fast 0) ms  redrawn 100.0/100.0%  no damage 0  budget 11.6  touches 16  touch->screen 1 mean 28.1 max 28.1 ms  shade->screen - (from the loop -) ms  errors 0
drawn  59 of  60  missed  0  commits  59 (at once 37)  draw 2.2/3.0 (elements 0.9/1.2) swap 2.5/7.4 (present 2.5/7.3, fast 0) ms  redrawn 100.0/100.0%  no damage 0  budget 13.5  touches 17  touch->screen 1 mean 29.1 max 29.1 ms  shade->screen - (from the loop -) ms  errors 0
missed: drawn 0.7 ms before the vsync, draw 5.4 swap 2.2, presented 6.8 ms late: 51.0 after the last present, validate 0.8, present 1.1, GPU busy; redrawn 100%, shade 0 still / 0 still
drawn  57 of  60  missed  1  commits  57 (at once 22)  draw 2.3/5.8 (elements 1.0/4.6) swap 2.6/7.1 (present 2.5/7.0, fast 0) ms  redrawn 100.0/100.0%  no damage 0  budget 13.1  touches 18  touch->screen 1 mean 65.7 max 65.7 ms  shade->screen - (from the loop -) ms  errors 0
missed: drawn 1.4 ms before the vsync, draw 2.5 swap 2.1, presented 3.3 ms late: 25.2 after the last present, validate 0.8, present 1.2, GPU done; redrawn 100%, shade 0 still / 0 still
drawn  59 of  60  missed  1  commits  59 (at once 30)  draw 2.3/7.6 (elements 1.0/1.6) swap 2.5/6.7 (present 2.4/6.5, fast 0) ms  redrawn 100.0/100.0%  no damage 0  budget 12.7  touches 19  touch->screen 1 mean 28.7 max 28.7 ms  shade->screen - (from the loop -) ms  errors 0
missed: drawn 0.2 ms before the vsync, draw 2.0 swap 1.7, presented 3.5 ms late: 23.3 after the last present, validate 0.6, present 0.9, GPU busy; redrawn 100%, shade 0 still / 0 still
missed: drawn 3.9 ms before the vsync, draw 2.2 swap 2.1, presented 0.5 ms late: 29.0 after the last present, validate 0.8, present 1.2, GPU busy; redrawn 100%, shade 0 still / 0 still
drawn  58 of  60  missed  2  commits  58 (at once 24)  draw 2.4/6.4 (elements 1.0/1.4) swap 2.8/7.7 (present 2.7/7.6, fast 0) ms  redrawn 100.0/100.0%  no damage 0  budget 15.0  touches 20  touch->screen 1 mean 20.9 max 20.9 ms  shade->screen - (from the loop -) ms  errors 0
missed: drawn 0.5 ms before the vsync, draw 2.5 swap 2.3, presented 4.3 ms late: 27.5 after the last present, validate 0.7, present 1.4, GPU busy; redrawn 100%, shade 0 still / 0 still
drawn  69 of  60  missed  1  commits  69 (at once 41)  draw 1.9/6.9 (elements 0.9/5.7) swap 2.0/6.8 (present 2.4/6.7, fast 0) ms  redrawn 79.7/100.0%  no damage 14  budget 12.9  touches 20  touch->screen -  shade->screen - (from the loop -) ms  errors 0
missed: drawn 0.7 ms before the vsync, draw 2.3 swap 1.8, presented 3.5 ms late: 22.6 after the last present, validate 0.7, present 1.0, GPU busy; redrawn 100%, shade 0 still / 0 still
missed: drawn 1.1 ms before the vsync, draw 4.3 swap 3.7, presented 7.0 ms late: 37.2 after the last present, validate 1.1, present 2.3, GPU done; redrawn 100%, shade 0 still / 0 still
missed: drawn 0.8 ms before the vsync, draw 2.4 swap 2.5, presented 4.2 ms late: 30.3 after the last present, validate 0.8, present 1.6, GPU busy; redrawn 100%, shade 0 still / 0 still
missed: drawn 4.6 ms before the vsync, draw 2.8 swap 3.9, presented 2.0 ms late: 106.1 after the last present, validate 0.8, present 2.8, GPU busy; redrawn 100%, shade 0 still / 0 still
drawn 191 of  60  missed  4  commits 191 (at once 184)  draw 0.2/4.6 (elements 0.1/2.2) swap 0.1/5.6 (present 3.1/5.5, fast 0) ms  redrawn 4.2/100.0%  no damage 183  budget 14.6  touches 20  touch->screen -  shade->screen - (from the loop -) ms  errors 0
drawn   0 of  60  missed  0  commits   0 (at once 0)  draw - (elements -) swap - (present -, fast 0) ms  redrawn -%  no damage 0  budget 14.6  touches 20  touch->screen -  shade->screen - (from the loop -) ms  errors 0
missed: drawn 10.3 ms before the vsync, draw 10.8 swap 3.1, presented 3.9 ms late: 2069.0 after the last present, validate 1.1, present 1.8, GPU busy; redrawn 100%, shade 0 still / 0 still
missed: drawn 6.7 ms before the vsync, draw 7.0 swap 2.1, presented 2.5 ms late: 22.6 after the last present, validate 0.7, present 1.1, GPU done; redrawn 100%, shade 0 still / 0 still
drawn  35 of  60  missed  2  commits  36 (at once 15)  draw 3.2/10.8 (elements 1.1/2.6) swap 2.6/6.9 (present 2.5/6.7, fast 0) ms  redrawn 100.0/100.0%  no damage 0  budget 17.2  touches 20  touch->screen -  shade->screen - (from the loop -) ms  errors 0
missed: drawn 7.5 ms before the vsync, draw 5.1 swap 4.4, presented 2.1 ms late: 53.3 after the last present, validate 1.8, present 2.4, GPU busy; redrawn 100%, shade 0 still / 0 still
drawn  10 of  60  missed  1  commits   9 (at once 4)  draw 3.2/5.1 (elements 1.4/2.3) swap 3.0/5.1 (present 2.8/5.0, fast 0) ms  redrawn 100.0/100.0%  no damage 0  budget 17.2  touches 20  touch->screen -  shade->screen - (from the loop -) ms  errors 0
drawn   0 of  60  missed  0  commits   0 (at once 0)  draw - (elements -) swap - (present -, fast 0) ms  redrawn -%  no damage 0  budget 17.2  touches 20  touch->screen -  shade->screen - (from the loop -) ms  errors 0
drawn   0 of  60  missed  0  commits   0 (at once 0)  draw - (elements -) swap - (present -, fast 0) ms  redrawn -%  no damage 0  budget 17.2  touches 20  touch->screen -  shade->screen - (from the loop -) ms  errors 0
