touch: item swipe (/dev/input/event10)
pacing: late in the frame, margin 4.0 ms, clients' frames at once
warm-up: 12 textures in 1.4 ms
missed: drawn -15103412.4 ms before the vsync, draw 5.4 swap 548.0, presented 15103965.9 ms late: 0.0 after the last present, validate 5.4, present 542.6, GPU busy; redrawn 100%, shade 0 still / 0 still
missed: drawn 6.8 ms before the vsync, draw 9.4 swap 2.6, presented 5.2 ms late: 29.2 after the last present, validate 0.6, present 1.9, GPU done; redrawn 100%, shade 0 still / 0 still
drawn   3 of  23  missed  2  commits   0 (at once 0)  draw 5.9/9.4 (elements 0.0/0.1) swap 184.5/548.0 (present 184.4/548.0, fast 0) ms  redrawn 100.0/100.0%  no damage 0  budget 14.3  touches 1  touch->screen -  shade->screen - (from the loop -) ms  errors 0
missed: drawn 4.1 ms before the vsync, draw 5.4 swap 2.1, presented 3.3 ms late: 29.3 after the last present, validate 0.7, present 1.3, GPU done; redrawn 100%, shade 0 still / 0 still
missed: drawn 1.7 ms before the vsync, draw 2.3 swap 1.9, presented 2.4 ms late: 32.4 after the last present, validate 0.7, present 1.0, GPU busy; redrawn 100%, shade 0 still / 0 still
drawn  17 of  60  missed  2  commits   3 (at once 1)  draw 2.8/7.8 (elements 0.3/2.6) swap 1.9/2.9 (present 1.9/2.7, fast 0) ms  redrawn 94.1/100.0%  no damage 1  budget 14.5  touches 2  touch->screen -  shade->screen - (from the loop -) ms  errors 0
missed: drawn 4.3 ms before the vsync, draw 2.6 swap 2.2, presented 0.3 ms late: 23.6 after the last present, validate 0.7, present 1.2, GPU busy; redrawn 100%, shade 0 still / 0 still
missed: drawn 13.1 ms before the vsync, draw 2.5 swap 21.7, presented 11.0 ms late: 37.8 after the last present, validate 0.9, present 20.5, GPU busy; redrawn 100%, shade 0 still / 0 still
drawn  34 of  60  missed  2  commits   2 (at once 2)  draw 2.0/4.6 (elements 0.2/1.2) swap 2.3/21.7 (present 3.0/21.5, fast 0) ms  redrawn 73.5/100.0%  no damage 9  budget 25.0  touches 2  touch->screen 1 mean 359.5 max 359.5 ms  shade->screen - (from the loop -) ms  errors 0
missed: drawn 2.4 ms before the vsync, draw 3.0 swap 2.3, presented 3.1 ms late: 22.0 after the last present, validate 0.8, present 1.3, GPU busy; redrawn 100%, shade 0 still / 0 still
missed: drawn 7.3 ms before the vsync, draw 4.2 swap 3.1, presented 0.0 ms late: 22.0 after the last present, validate 1.0, present 1.8, GPU busy; redrawn 100%, shade 0 still / 0 still
missed: drawn 4.2 ms before the vsync, draw 2.8 swap 2.9, presented 1.6 ms late: 22.2 after the last present, validate 0.9, present 1.3, GPU busy; redrawn 100%, shade 0 still / 0 still
missed: drawn 4.0 ms before the vsync, draw 2.7 swap 2.7, presented 1.5 ms late: 20.8 after the last present, validate 1.4, present 1.1, GPU busy; redrawn 100%, shade 0 still / 0 still
missed: drawn 5.1 ms before the vsync, draw 6.3 swap 2.3, presented 3.5 ms late: 20.5 after the last present, validate 0.9, present 1.2, GPU busy; redrawn 100%, shade 0 still / 0 still
missed: drawn 2.3 ms before the vsync, draw 2.6 swap 2.2, presented 2.5 ms late: 20.5 after the last present, validate 0.8, present 1.2, GPU busy; redrawn 100%, shade 0 still / 0 still
missed: drawn 4.7 ms before the vsync, draw 2.6 swap 2.2, presented 0.2 ms late: 20.8 after the last present, validate 0.9, present 1.1, GPU busy; redrawn 100%, shade 0 still / 0 still
missed: drawn 5.3 ms before the vsync, draw 2.9 swap 3.1, presented 0.8 ms late: 23.5 after the last present, validate 0.9, present 1.7, GPU busy; redrawn 100%, shade 0 still / 0 still
missed: drawn 5.5 ms before the vsync, draw 3.4 swap 2.9, presented 0.9 ms late: 20.7 after the last present, validate 1.3, present 1.5, GPU busy; redrawn 100%, shade 0 still / 0 still
drawn  37 of  60  missed  9  commits  37 (at once 32)  draw 2.9/6.3 (elements 1.1/2.0) swap 2.6/5.4 (present 2.5/5.2, fast 0) ms  redrawn 100.0/100.0%  no damage 0  budget 16.3  touches 3  touch->screen 1 mean 112.9 max 112.9 ms  shade->screen - (from the loop -) ms  errors 0
missed: drawn 3.0 ms before the vsync, draw 2.4 swap 2.1, presented 1.6 ms late: 19.4 after the last present, validate 0.9, present 1.1, GPU busy; redrawn 100%, shade 0 still / 0 still
missed: drawn 2.2 ms before the vsync, draw 2.5 swap 3.1, presented 3.3 ms late: 21.1 after the last present, validate 1.7, present 1.2, GPU busy; redrawn 100%, shade 0 still / 0 still
missed: drawn 3.4 ms before the vsync, draw 3.1 swap 2.2, presented 2.0 ms late: 20.6 after the last present, validate 0.9, present 1.2, GPU busy; redrawn 100%, shade 0 still / 0 still
missed: drawn 5.6 ms before the vsync, draw 2.5 swap 3.6, presented 0.6 ms late: 21.5 after the last present, validate 2.3, present 1.1, GPU busy; redrawn 100%, shade 0 still / 0 still
missed: drawn 1.9 ms before the vsync, draw 3.2 swap 3.0, presented 4.4 ms late: 22.3 after the last present, validate 0.9, present 1.9, GPU busy; redrawn 100%, shade 0 still / 0 still
missed: drawn 3.5 ms before the vsync, draw 2.9 swap 2.3, presented 1.8 ms late: 20.5 after the last present, validate 0.9, present 1.2, GPU busy; redrawn 100%, shade 0 still / 0 still
missed: drawn 1.9 ms before the vsync, draw 2.8 swap 2.9, presented 3.9 ms late: 22.4 after the last present, validate 0.9, present 1.7, GPU busy; redrawn 100%, shade 0 still / 0 still
missed: drawn 6.0 ms before the vsync, draw 3.3 swap 3.3, presented 0.7 ms late: 21.4 after the last present, validate 1.0, present 2.1, GPU busy; redrawn 100%, shade 0 still / 0 still
missed: drawn 9.9 ms before the vsync, draw 2.7 swap 8.3, presented 1.1 ms late: 17.8 after the last present, validate 0.8, present 7.3, GPU busy; redrawn 100%, shade 0 still / 0 still
missed: drawn 6.6 ms before the vsync, draw 6.8 swap 1.8, presented 2.0 ms late: 23.9 after the last present, validate 0.7, present 0.9, GPU done; redrawn 100%, shade 0 still / 0 still
drawn  44 of  60  missed 10  commits  44 (at once 37)  draw 3.2/11.0 (elements 1.1/1.7) swap 2.9/8.5 (present 2.8/8.3, fast 0) ms  redrawn 100.0/100.0%  no damage 0  budget 17.4  touches 4  touch->screen 1 mean 36.4 max 36.4 ms  shade->screen - (from the loop -) ms  errors 0
missed: drawn 5.7 ms before the vsync, draw 7.5 swap 2.3, presented 4.3 ms late: 25.2 after the last present, validate 0.9, present 1.2, GPU busy; redrawn 100%, shade 0 still / 0 still
missed: drawn 1.3 ms before the vsync, draw 2.6 swap 2.4, presented 3.9 ms late: 21.5 after the last present, validate 0.8, present 1.5, GPU busy; redrawn 100%, shade 0 still / 0 still
missed: drawn 5.7 ms before the vsync, draw 5.6 swap 4.4, presented 4.4 ms late: 30.5 after the last present, validate 1.7, present 2.4, GPU busy; redrawn 100%, shade 0 still / 0 still
missed: drawn 6.9 ms before the vsync, draw 3.0 swap 5.1, presented 1.3 ms late: 24.1 after the last present, validate 3.3, present 1.6, GPU busy; redrawn 100%, shade 0 still / 0 still
missed: drawn 6.1 ms before the vsync, draw 3.9 swap 3.7, presented 1.5 ms late: 24.1 after the last present, validate 1.6, present 1.8, GPU done; redrawn 100%, shade 0 still / 0 still
missed: drawn 3.2 ms before the vsync, draw 3.2 swap 2.6, presented 2.6 ms late: 19.9 after the last present, validate 0.8, present 1.5, GPU done; redrawn 100%, shade 0 still / 0 still
missed: drawn 5.1 ms before the vsync, draw 2.6 swap 2.8, presented 0.4 ms late: 19.6 after the last present, validate 0.9, present 1.7, GPU busy; redrawn 100%, shade 0 still / 0 still
missed: drawn 5.8 ms before the vsync, draw 3.5 swap 2.6, presented 0.4 ms late: 18.9 after the last present, validate 0.9, present 1.4, GPU busy; redrawn 100%, shade 0 still / 0 still
missed: drawn 11.3 ms before the vsync, draw 2.2 swap 12.0, presented 3.0 ms late: 23.8 after the last present, validate 0.7, present 11.2, GPU busy; redrawn 100%, shade 0 still / 0 still
missed: drawn 4.2 ms before the vsync, draw 3.0 swap 2.5, presented 1.3 ms late: 20.1 after the last present, validate 1.1, present 1.1, GPU busy; redrawn 100%, shade 0 still / 0 still
drawn  48 of  60  missed 10  commits  48 (at once 41)  draw 3.3/8.3 (elements 1.2/2.9) swap 3.5/12.0 (present 3.4/11.9, fast 0) ms  redrawn 100.0/100.0%  no damage 0  budget 18.2  touches 5  touch->screen 1 mean 23.6 max 23.6 ms  shade->screen - (from the loop -) ms  errors 0
missed: drawn 5.0 ms before the vsync, draw 2.9 swap 2.6, presented 0.5 ms late: 18.6 after the last present, validate 0.9, present 1.5, GPU busy; redrawn 100%, shade 0 still / 0 still
missed: drawn 5.9 ms before the vsync, draw 3.2 swap 2.8, presented 0.2 ms late: 22.4 after the last present, validate 1.1, present 1.5, GPU busy; redrawn 100%, shade 0 still / 0 still
missed: drawn 2.2 ms before the vsync, draw 3.3 swap 2.2, presented 3.5 ms late: 20.2 after the last present, validate 0.8, present 1.2, GPU busy; redrawn 100%, shade 0 still / 0 still
missed: drawn 1.4 ms before the vsync, draw 2.9 swap 2.3, presented 4.0 ms late: 21.4 after the last present, validate 0.9, present 1.2, GPU busy; redrawn 100%, shade 0 still / 0 still
missed: drawn 10.5 ms before the vsync, draw 2.4 swap 9.7, presented 1.6 ms late: 19.6 after the last present, validate 0.7, present 8.8, GPU busy; redrawn 100%, shade 0 still / 0 still
missed: drawn 4.4 ms before the vsync, draw 2.9 swap 2.8, presented 1.4 ms late: 40.0 after the last present, validate 1.3, present 1.3, GPU busy; redrawn 100%, shade 0 still / 0 still
missed: drawn 2.9 ms before the vsync, draw 3.5 swap 2.6, presented 3.3 ms late: 22.5 after the last present, validate 1.0, present 1.3, GPU busy; redrawn 100%, shade 0 still / 0 still
missed: drawn 3.3 ms before the vsync, draw 3.1 swap 2.4, presented 2.4 ms late: 23.0 after the last present, validate 0.9, present 1.3, GPU busy; redrawn 100%, shade 0 still / 0 still
missed: drawn 2.0 ms before the vsync, draw 3.6 swap 3.1, presented 4.8 ms late: 23.3 after the last present, validate 1.4, present 1.5, GPU busy; redrawn 100%, shade 0 still / 0 still
missed: drawn 4.4 ms before the vsync, draw 3.1 swap 3.2, presented 1.9 ms late: 20.8 after the last present, validate 1.5, present 1.5, GPU busy; redrawn 100%, shade 0 still / 0 still
drawn  48 of  60  missed 10  commits  49 (at once 41)  draw 3.2/8.9 (elements 1.1/1.7) swap 2.7/9.7 (present 2.6/9.5, fast 0) ms  redrawn 100.0/100.0%  no damage 0  budget 13.2  touches 6  touch->screen 1 mean 22.0 max 22.0 ms  shade->screen - (from the loop -) ms  errors 0
missed: drawn 4.5 ms before the vsync, draw 3.3 swap 2.8, presented 1.7 ms late: 21.3 after the last present, validate 1.0, present 1.2, GPU busy; redrawn 100%, shade 0 still / 0 still
missed: drawn 4.3 ms before the vsync, draw 2.9 swap 3.2, presented 1.9 ms late: 24.3 after the last present, validate 1.5, present 1.5, GPU busy; redrawn 100%, shade 0 still / 0 still
missed: drawn 1.8 ms before the vsync, draw 3.8 swap 2.7, presented 4.8 ms late: 23.4 after the last present, validate 1.2, present 1.4, GPU busy; redrawn 100%, shade 0 still / 0 still
missed: drawn 4.8 ms before the vsync, draw 2.9 swap 2.5, presented 1.0 ms late: 23.2 after the last present, validate 0.9, present 1.4, GPU busy; redrawn 100%, shade 0 still / 0 still
missed: drawn 2.7 ms before the vsync, draw 2.6 swap 2.5, presented 2.5 ms late: 20.2 after the last present, validate 1.3, present 1.1, GPU busy; redrawn 100%, shade 0 still / 0 still
missed: drawn 1.2 ms before the vsync, draw 2.5 swap 6.6, presented 8.0 ms late: 25.1 after the last present, validate 5.2, present 1.2, GPU busy; redrawn 100%, shade 0 still / 0 still
missed: drawn 3.8 ms before the vsync, draw 2.6 swap 2.6, presented 1.4 ms late: 19.5 after the last present, validate 1.1, present 1.3, GPU busy; redrawn 100%, shade 0 still / 0 still
missed: drawn 3.1 ms before the vsync, draw 3.3 swap 2.3, presented 2.5 ms late: 21.6 after the last present, validate 0.9, present 1.2, GPU done; redrawn 100%, shade 0 still / 0 still
missed: drawn 1.9 ms before the vsync, draw 3.1 swap 2.3, presented 3.4 ms late: 21.1 after the last present, validate 0.8, present 1.3, GPU busy; redrawn 100%, shade 0 still / 0 still
drawn  48 of  60  missed  9  commits  48 (at once 44)  draw 2.8/3.8 (elements 1.0/1.6) swap 2.8/8.1 (present 2.5/7.9, fast 0) ms  redrawn 100.0/100.0%  no damage 0  budget 12.9  touches 7  touch->screen 1 mean 18.6 max 18.6 ms  shade->screen - (from the loop -) ms  errors 0
missed: drawn 4.6 ms before the vsync, draw 2.7 swap 3.2, presented 1.1 ms late: 20.9 after the last present, validate 0.9, present 1.9, GPU busy; redrawn 100%, shade 0 still / 0 still
missed: drawn 2.7 ms before the vsync, draw 2.8 swap 2.1, presented 2.3 ms late: 19.1 after the last present, validate 0.8, present 1.1, GPU busy; redrawn 100%, shade 0 still / 0 still
missed: drawn 3.8 ms before the vsync, draw 2.4 swap 2.1, presented 0.8 ms late: 18.0 after the last present, validate 0.8, present 1.1, GPU busy; redrawn 100%, shade 0 still / 0 still
missed: drawn 13.4 ms before the vsync, draw 2.3 swap 12.3, presented 1.1 ms late: 23.3 after the last present, validate 0.8, present 11.2, GPU busy; redrawn 100%, shade 0 still / 0 still
missed: drawn 6.2 ms before the vsync, draw 3.3 swap 3.3, presented 0.4 ms late: 21.2 after the last present, validate 1.0, present 2.0, GPU done; redrawn 100%, shade 0 still / 0 still
missed: drawn 3.2 ms before the vsync, draw 3.4 swap 2.4, presented 2.7 ms late: 21.9 after the last present, validate 0.9, present 1.3, GPU done; redrawn 100%, shade 0 still / 0 still
missed: drawn 8.9 ms before the vsync, draw 9.0 swap 2.1, presented 2.4 ms late: 29.4 after the last present, validate 0.8, present 1.1, GPU busy; redrawn 100%, shade 0 still / 0 still
missed: drawn 2.4 ms before the vsync, draw 3.4 swap 2.6, presented 3.7 ms late: 21.2 after the last present, validate 0.9, present 1.5, GPU busy; redrawn 100%, shade 0 still / 0 still
missed: drawn 14.8 ms before the vsync, draw 3.1 swap 12.9, presented 1.2 ms late: 27.4 after the last present, validate 0.9, present 11.8, GPU busy; redrawn 100%, shade 0 still / 0 still
missed: drawn 3.7 ms before the vsync, draw 2.5 swap 2.4, presented 1.3 ms late: 20.2 after the last present, validate 1.1, present 1.2, GPU busy; redrawn 100%, shade 0 still / 0 still
drawn  48 of  61  missed 10  commits  47 (at once 39)  draw 3.5/10.2 (elements 1.3/6.3) swap 2.9/12.9 (present 2.8/12.8, fast 0) ms  redrawn 100.0/100.0%  no damage 0  budget 16.4  touches 8  touch->screen 1 mean 42.2 max 42.2 ms  shade->screen - (from the loop -) ms  errors 0
missed: drawn 4.5 ms before the vsync, draw 3.0 swap 2.9, presented 1.4 ms late: 21.1 after the last present, validate 1.2, present 1.5, GPU busy; redrawn 100%, shade 0 still / 0 still
missed: drawn 5.6 ms before the vsync, draw 6.9 swap 2.2, presented 3.6 ms late: 23.4 after the last present, validate 0.9, present 1.2, GPU busy; redrawn 100%, shade 0 still / 0 still
missed: drawn 4.5 ms before the vsync, draw 2.6 swap 2.4, presented 0.5 ms late: 19.5 after the last present, validate 0.9, present 1.3, GPU busy; redrawn 100%, shade 0 still / 0 still
missed: drawn 4.3 ms before the vsync, draw 3.1 swap 2.6, presented 1.4 ms late: 19.7 after the last present, validate 1.1, present 1.3, GPU busy; redrawn 100%, shade 0 still / 0 still
missed: drawn 9.5 ms before the vsync, draw 9.0 swap 2.4, presented 2.0 ms late: 22.8 after the last present, validate 1.0, present 1.1, GPU done; redrawn 100%, shade 0 still / 0 still
missed: drawn 2.2 ms before the vsync, draw 8.6 swap 2.2, presented 8.7 ms late: 26.0 after the last present, validate 0.9, present 1.1, GPU busy; redrawn 100%, shade 0 still / 0 still
missed: drawn 3.5 ms before the vsync, draw 2.3 swap 2.2, presented 1.0 ms late: 20.1 after the last present, validate 0.9, present 1.1, GPU busy; redrawn 100%, shade 0 still / 0 still
missed: drawn 1.8 ms before the vsync, draw 4.3 swap 3.0, presented 5.7 ms late: 25.7 after the last present, validate 1.1, present 1.6, GPU done; redrawn 100%, shade 0 still / 0 still
missed: drawn 6.6 ms before the vsync, draw 2.3 swap 5.4, presented 1.2 ms late: 23.0 after the last present, validate 3.9, present 1.3, GPU busy; redrawn 100%, shade 0 still / 0 still
missed: drawn 14.8 ms before the vsync, draw 2.2 swap 14.4, presented 1.9 ms late: 23.3 after the last present, validate 0.7, present 13.5, GPU busy; redrawn 100%, shade 0 still / 0 still
missed: drawn 11.2 ms before the vsync, draw 9.7 swap 2.8, presented 1.4 ms late: 28.9 after the last present, validate 1.2, present 1.5, GPU busy; redrawn 100%, shade 0 still / 0 still
missed: drawn 1.5 ms before the vsync, draw 3.2 swap 2.5, presented 4.3 ms late: 32.0 after the last present, validate 1.2, present 1.2, GPU busy; redrawn 100%, shade 0 still / 0 still
drawn  48 of  60  missed 12  commits  48 (at once 40)  draw 3.4/9.7 (elements 1.2/7.9) swap 2.9/14.4 (present 2.7/14.3, fast 0) ms  redrawn 100.0/100.0%  no damage 0  budget 19.6  touches 9  touch->screen 1 mean 31.3 max 31.3 ms  shade->screen - (from the loop -) ms  errors 0
missed: drawn 4.9 ms before the vsync, draw 3.2 swap 3.1, presented 1.4 ms late: 21.3 after the last present, validate 1.0, present 1.9, GPU busy; redrawn 100%, shade 0 still / 0 still
missed: drawn 1.7 ms before the vsync, draw 3.1 swap 2.6, presented 4.2 ms late: 24.6 after the last present, validate 0.9, present 1.4, GPU busy; redrawn 100%, shade 0 still / 0 still
missed: drawn 4.7 ms before the vsync, draw 2.8 swap 3.4, presented 1.5 ms late: 19.6 after the last present, validate 1.0, present 2.1, GPU busy; redrawn 100%, shade 0 still / 0 still
missed: drawn 12.0 ms before the vsync, draw 2.2 swap 11.0, presented 1.2 ms late: 21.2 after the last present, validate 0.8, present 10.0, GPU busy; redrawn 100%, shade 0 still / 0 still
missed: drawn 4.7 ms before the vsync, draw 2.4 swap 2.5, presented 0.3 ms late: 19.5 after the last present, validate 0.8, present 1.3, GPU busy; redrawn 100%, shade 0 still / 0 still
missed: drawn 7.8 ms before the vsync, draw 7.6 swap 2.1, presented 2.1 ms late: 23.3 after the last present, validate 0.9, present 1.1, GPU busy; redrawn 100%, shade 0 still / 0 still
missed: drawn 14.6 ms before the vsync, draw 2.2 swap 13.6, presented 1.1 ms late: 22.6 after the last present, validate 0.8, present 12.6, GPU busy; redrawn 100%, shade 0 still / 0 still
missed: drawn 6.7 ms before the vsync, draw 2.6 swap 5.7, presented 1.6 ms late: 24.3 after the last present, validate 2.3, present 3.1, GPU busy; redrawn 100%, shade 0 still / 0 still
missed: drawn 3.0 ms before the vsync, draw 4.9 swap 2.6, presented 4.8 ms late: 21.6 after the last present, validate 1.1, present 1.2, GPU busy; redrawn 100%, shade 0 still / 0 still
drawn  51 of  60  missed  9  commits  51 (at once 44)  draw 3.2/8.2 (elements 1.3/6.3) swap 3.2/13.6 (present 3.0/13.4, fast 0) ms  redrawn 100.0/100.0%  no damage 0  budget 16.5  touches 9  touch->screen -  shade->screen - (from the loop -) ms  errors 0
missed: drawn 6.7 ms before the vsync, draw 7.6 swap 2.9, presented 3.9 ms late: 24.7 after the last present, validate 1.1, present 1.6, GPU busy; redrawn 100%, shade 0 still / 0 still
missed: drawn 3.0 ms before the vsync, draw 2.8 swap 2.3, presented 2.2 ms late: 20.7 after the last present, validate 0.9, present 1.2, GPU busy; redrawn 100%, shade 0 still / 0 still
missed: drawn 4.3 ms before the vsync, draw 2.4 swap 2.2, presented 0.2 ms late: 19.1 after the last present, validate 0.8, present 1.1, GPU busy; redrawn 100%, shade 0 still / 0 still
missed: drawn 2.4 ms before the vsync, draw 2.5 swap 2.2, presented 2.4 ms late: 19.1 after the last present, validate 0.9, present 1.1, GPU busy; redrawn 100%, shade 0 still / 0 still
missed: drawn 8.0 ms before the vsync, draw 6.9 swap 2.5, presented 1.4 ms late: 23.5 after the last present, validate 1.1, present 1.1, GPU busy; redrawn 100%, shade 0 still / 0 still
missed: drawn 9.9 ms before the vsync, draw 7.9 swap 2.2, presented 0.4 ms late: 25.0 after the last present, validate 0.9, present 1.1, GPU done; redrawn 100%, shade 0 still / 0 still
missed: drawn 5.4 ms before the vsync, draw 2.9 swap 2.5, presented 0.2 ms late: 18.5 after the last present, validate 0.9, present 1.4, GPU busy; redrawn 100%, shade 0 still / 0 still
missed: drawn 2.6 ms before the vsync, draw 2.4 swap 3.4, presented 3.2 ms late: 22.0 after the last present, validate 2.1, present 1.2, GPU busy; redrawn 100%, shade 0 still / 0 still
missed: drawn 7.2 ms before the vsync, draw 2.7 swap 5.6, presented 1.2 ms late: 20.3 after the last present, validate 4.4, present 1.1, GPU busy; redrawn 100%, shade 0 still / 0 still
drawn  49 of  60  missed  9  commits  49 (at once 42)  draw 3.1/7.9 (elements 1.1/5.1) swap 2.7/8.4 (present 2.6/8.2, fast 0) ms  redrawn 100.0/100.0%  no damage 0  budget 15.1  touches 10  touch->screen 1 mean 19.2 max 19.2 ms  shade->screen - (from the loop -) ms  errors 0
missed: drawn 2.8 ms before the vsync, draw 10.5 swap 3.3, presented 11.2 ms late: 32.0 after the last present, validate 1.4, present 1.6, GPU busy; redrawn 100%, shade 0 still / 0 still
missed: drawn 2.5 ms before the vsync, draw 2.8 swap 2.1, presented 2.6 ms late: 23.1 after the last present, validate 0.8, present 1.1, GPU busy; redrawn 100%, shade 0 still / 0 still
missed: drawn 4.1 ms before the vsync, draw 2.7 swap 2.5, presented 1.0 ms late: 19.6 after the last present, validate 1.1, present 1.2, GPU busy; redrawn 100%, shade 0 still / 0 still
missed: drawn 2.5 ms before the vsync, draw 4.1 swap 2.7, presented 4.4 ms late: 21.7 after the last present, validate 1.2, present 1.3, GPU busy; redrawn 100%, shade 0 still / 0 still
missed: drawn 13.9 ms before the vsync, draw 2.2 swap 13.1, presented 1.5 ms late: 21.5 after the last present, validate 0.7, present 12.1, GPU busy; redrawn 100%, shade 0 still / 0 still
missed: drawn 2.9 ms before the vsync, draw 3.8 swap 3.2, presented 4.1 ms late: 23.6 after the last present, validate 0.9, present 2.0, GPU busy; redrawn 100%, shade 0 still / 0 still
missed: drawn 8.2 ms before the vsync, draw 3.0 swap 5.6, presented 0.5 ms late: 25.3 after the last present, validate 4.0, present 1.4, GPU busy; redrawn 100%, shade 0 still / 0 still
missed: drawn 5.4 ms before the vsync, draw 3.1 swap 2.7, presented 0.5 ms late: 24.6 after the last present, validate 1.1, present 1.4, GPU busy; redrawn 100%, shade 0 still / 0 still
missed: drawn 5.8 ms before the vsync, draw 3.4 swap 2.5, presented 0.3 ms late: 19.9 after the last present, validate 1.0, present 1.3, GPU busy; redrawn 100%, shade 0 still / 0 still
missed: drawn 4.0 ms before the vsync, draw 3.1 swap 2.9, presented 2.0 ms late: 20.5 after the last present, validate 1.4, present 1.3, GPU busy; redrawn 100%, shade 0 still / 0 still
drawn  49 of  60  missed 10  commits  49 (at once 41)  draw 3.1/10.5 (elements 1.2/7.1) swap 3.1/13.1 (present 3.0/12.9, fast 0) ms  redrawn 100.0/100.0%  no damage 0  budget 14.9  touches 11  touch->screen 1 mean 34.9 max 34.9 ms  shade->screen - (from the loop -) ms  errors 0
missed: drawn 4.3 ms before the vsync, draw 2.5 swap 2.3, presented 0.5 ms late: 19.9 after the last present, validate 0.9, present 1.3, GPU busy; redrawn 100%, shade 0 still / 0 still
missed: drawn 4.2 ms before the vsync, draw 3.2 swap 2.3, presented 1.4 ms late: 23.6 after the last present, validate 1.0, present 1.1, GPU busy; redrawn 100%, shade 0 still / 0 still
missed: drawn 4.0 ms before the vsync, draw 5.2 swap 2.5, presented 3.7 ms late: 21.5 after the last present, validate 0.9, present 1.3, GPU busy; redrawn 100%, shade 0 still / 0 still
missed: drawn 6.9 ms before the vsync, draw 3.9 swap 3.7, presented 0.8 ms late: 20.4 after the last present, validate 1.3, present 2.1, GPU done; redrawn 100%, shade 0 still / 0 still
missed: drawn 3.2 ms before the vsync, draw 3.1 swap 2.4, presented 2.4 ms late: 20.8 after the last present, validate 0.9, present 1.2, GPU busy; redrawn 100%, shade 0 still / 0 still
missed: drawn 3.5 ms before the vsync, draw 4.4 swap 2.3, presented 3.2 ms late: 23.1 after the last present, validate 0.8, present 1.2, GPU busy; redrawn 100%, shade 0 still / 0 still
missed: drawn 5.6 ms before the vsync, draw 2.8 swap 2.9, presented 0.1 ms late: 19.1 after the last present, validate 0.9, present 1.3, GPU busy; redrawn 100%, shade 0 still / 0 still
missed: drawn 1.8 ms before the vsync, draw 3.5 swap 2.2, presented 4.0 ms late: 20.7 after the last present, validate 0.9, present 1.1, GPU busy; redrawn 100%, shade 0 still / 0 still
missed: drawn 5.7 ms before the vsync, draw 2.5 swap 4.0, presented 0.9 ms late: 20.7 after the last present, validate 2.8, present 1.1, GPU busy; redrawn 100%, shade 0 still / 0 still
missed: drawn 3.3 ms before the vsync, draw 3.0 swap 2.4, presented 2.3 ms late: 21.9 after the last present, validate 0.9, present 1.3, GPU busy; redrawn 100%, shade 0 still / 0 still
drawn  47 of  60  missed 10  commits  47 (at once 39)  draw 3.0/6.3 (elements 1.1/1.7) swap 2.6/5.2 (present 2.5/5.1, fast 0) ms  redrawn 100.0/100.0%  no damage 0  budget 14.4  touches 12  touch->screen 1 mean 33.1 max 33.1 ms  shade->screen - (from the loop -) ms  errors 0
missed: drawn 1.8 ms before the vsync, draw 2.7 swap 2.2, presented 3.1 ms late: 20.1 after the last present, validate 0.8, present 1.2, GPU busy; redrawn 100%, shade 0 still / 0 still
missed: drawn 6.4 ms before the vsync, draw 2.8 swap 4.9, presented 1.3 ms late: 21.5 after the last present, validate 3.5, present 1.2, GPU busy; redrawn 100%, shade 0 still / 0 still
missed: drawn 2.8 ms before the vsync, draw 2.5 swap 2.2, presented 2.0 ms late: 20.6 after the last present, validate 0.9, present 1.1, GPU busy; redrawn 100%, shade 0 still / 0 still
missed: drawn 6.8 ms before the vsync, draw 4.4 swap 2.6, presented 0.2 ms late: 22.8 after the last present, validate 1.0, present 1.4, GPU busy; redrawn 100%, shade 0 still / 0 still
missed: drawn 2.8 ms before the vsync, draw 2.9 swap 4.7, presented 4.7 ms late: 24.0 after the last present, validate 1.5, present 2.9, GPU busy; redrawn 100%, shade 0 still / 0 still
missed: drawn 1.1 ms before the vsync, draw 2.9 swap 2.8, presented 4.6 ms late: 23.6 after the last present, validate 1.2, present 1.3, GPU busy; redrawn 100%, shade 0 still / 0 still
missed: drawn 2.1 ms before the vsync, draw 3.5 swap 2.5, presented 3.9 ms late: 42.2 after the last present, validate 0.9, present 1.4, GPU busy; redrawn 100%, shade 0 still / 0 still
missed: drawn 2.7 ms before the vsync, draw 2.6 swap 2.9, presented 2.9 ms late: 23.1 after the last present, validate 1.1, present 1.6, GPU busy; redrawn 100%, shade 0 still / 0 still
missed: drawn 4.0 ms before the vsync, draw 4.3 swap 2.5, presented 3.0 ms late: 23.8 after the last present, validate 0.9, present 1.4, GPU done; redrawn 100%, shade 0 still / 0 still
missed: drawn 4.8 ms before the vsync, draw 2.5 swap 3.3, presented 1.1 ms late: 20.9 after the last present, validate 2.0, present 1.1, GPU busy; redrawn 100%, shade 0 still / 0 still
missed: drawn 7.2 ms before the vsync, draw 2.8 swap 5.7, presented 1.4 ms late: 21.8 after the last present, validate 4.4, present 1.1, GPU busy; redrawn 100%, shade 0 still / 0 still
drawn  47 of  60  missed 11  commits  47 (at once 39)  draw 2.9/4.4 (elements 1.0/2.3) swap 2.8/9.1 (present 2.7/9.0, fast 0) ms  redrawn 100.0/100.0%  no damage 0  budget 12.6  touches 13  touch->screen 1 mean 15.7 max 15.7 ms  shade->screen - (from the loop -) ms  errors 0
missed: drawn 3.4 ms before the vsync, draw 2.5 swap 2.4, presented 1.6 ms late: 19.0 after the last present, validate 1.0, present 1.2, GPU busy; redrawn 100%, shade 0 still / 0 still
missed: drawn 5.1 ms before the vsync, draw 2.9 swap 2.7, presented 0.5 ms late: 21.1 after the last present, validate 0.9, present 1.6, GPU busy; redrawn 100%, shade 0 still / 0 still
missed: drawn 8.8 ms before the vsync, draw 3.1 swap 6.8, presented 1.3 ms late: 25.2 after the last present, validate 5.2, present 1.4, GPU busy; redrawn 100%, shade 0 still / 0 still
missed: drawn 7.5 ms before the vsync, draw 4.3 swap 3.6, presented 0.4 ms late: 20.1 after the last present, validate 1.3, present 2.0, GPU done; redrawn 100%, shade 0 still / 0 still
missed: drawn 1.8 ms before the vsync, draw 4.1 swap 2.7, presented 5.1 ms late: 38.1 after the last present, validate 1.1, present 1.4, GPU busy; redrawn 100%, shade 0 still / 0 still
missed: drawn 2.6 ms before the vsync, draw 2.9 swap 2.3, presented 2.7 ms late: 20.6 after the last present, validate 0.8, present 1.2, GPU busy; redrawn 100%, shade 0 still / 0 still
missed: drawn 10.0 ms before the vsync, draw 2.5 swap 8.4, presented 0.9 ms late: 19.0 after the last present, validate 0.8, present 7.4, GPU busy; redrawn 100%, shade 0 still / 0 still
missed: drawn 1.4 ms before the vsync, draw 13.7 swap 4.5, presented 17.0 ms late: 35.9 after the last present, validate 1.6, present 2.6, GPU busy; redrawn 100%, shade 0 still / 0 still
missed: drawn 4.5 ms before the vsync, draw 3.4 swap 3.0, presented 2.0 ms late: 40.6 after the last present, validate 1.3, present 1.4, GPU busy; redrawn 100%, shade 0 still / 0 still
missed: drawn 5.2 ms before the vsync, draw 2.8 swap 2.4, presented 0.1 ms late: 17.1 after the last present, validate 0.9, present 1.3, GPU busy; redrawn 100%, shade 0 still / 0 still
missed: drawn 1.8 ms before the vsync, draw 3.3 swap 2.7, presented 4.2 ms late: 22.0 after the last present, validate 0.9, present 1.5, GPU busy; redrawn 100%, shade 0 still / 0 still
missed: drawn 4.5 ms before the vsync, draw 2.7 swap 2.3, presented 0.6 ms late: 20.1 after the last present, validate 0.9, present 1.3, GPU busy; redrawn 100%, shade 0 still / 0 still
drawn  47 of  61  missed 12  commits  47 (at once 37)  draw 3.3/13.7 (elements 1.3/10.5) swap 2.8/8.4 (present 2.7/8.2, fast 0) ms  redrawn 100.0/100.0%  no damage 0  budget 13.2  touches 14  touch->screen 1 mean 26.1 max 26.1 ms  shade->screen - (from the loop -) ms  errors 0
missed: drawn 9.1 ms before the vsync, draw 7.2 swap 2.3, presented 0.4 ms late: 22.7 after the last present, validate 0.9, present 1.2, GPU done; redrawn 100%, shade 0 still / 0 still
missed: drawn 3.1 ms before the vsync, draw 8.6 swap 2.0, presented 7.7 ms late: 26.9 after the last present, validate 0.8, present 1.0, GPU done; redrawn 100%, shade 0 still / 0 still
missed: drawn 0.5 ms before the vsync, draw 3.1 swap 2.5, presented 5.2 ms late: 22.8 after the last present, validate 1.2, present 1.1, GPU busy; redrawn 100%, shade 0 still / 0 still
missed: drawn 2.0 ms before the vsync, draw 2.7 swap 2.2, presented 2.9 ms late: 20.4 after the last present, validate 0.8, present 1.2, GPU busy; redrawn 100%, shade 0 still / 0 still
missed: drawn 9.8 ms before the vsync, draw 8.9 swap 2.2, presented 1.4 ms late: 23.2 after the last present, validate 0.9, present 1.2, GPU done; redrawn 100%, shade 0 still / 0 still
missed: drawn 4.8 ms before the vsync, draw 2.8 swap 3.6, presented 1.7 ms late: 22.3 after the last present, validate 1.9, present 1.5, GPU busy; redrawn 100%, shade 0 still / 0 still
missed: drawn 4.3 ms before the vsync, draw 2.9 swap 2.6, presented 1.2 ms late: 18.9 after the last present, validate 1.0, present 1.4, GPU busy; redrawn 100%, shade 0 still / 0 still
drawn  49 of  60  missed  7  commits  49 (at once 45)  draw 3.1/8.9 (elements 1.0/1.6) swap 2.6/7.3 (present 2.5/7.2, fast 0) ms  redrawn 100.0/100.0%  no damage 0  budget 13.7  touches 15  touch->screen 1 mean 26.6 max 26.6 ms  shade->screen - (from the loop -) ms  errors 0
missed: drawn 3.6 ms before the vsync, draw 2.5 swap 2.7, presented 1.7 ms late: 20.4 after the last present, validate 1.4, present 1.2, GPU busy; redrawn 100%, shade 0 still / 0 still
missed: drawn 2.2 ms before the vsync, draw 3.9 swap 3.0, presented 4.9 ms late: 22.2 after the last present, validate 1.2, present 1.5, GPU busy; redrawn 100%, shade 0 still / 0 still
missed: drawn 3.8 ms before the vsync, draw 2.5 swap 2.8, presented 1.6 ms late: 19.4 after the last present, validate 1.2, present 1.4, GPU busy; redrawn 100%, shade 0 still / 0 still
missed: drawn 5.2 ms before the vsync, draw 2.6 swap 3.9, presented 1.3 ms late: 19.8 after the last present, validate 2.6, present 1.1, GPU busy; redrawn 100%, shade 0 still / 0 still
missed: drawn 5.3 ms before the vsync, draw 3.3 swap 3.0, presented 1.2 ms late: 38.4 after the last present, validate 1.1, present 1.7, GPU busy; redrawn 100%, shade 0 still / 0 still
missed: drawn 10.0 ms before the vsync, draw 2.7 swap 8.6, presented 1.3 ms late: 26.2 after the last present, validate 7.4, present 1.0, GPU busy; redrawn 100%, shade 0 still / 0 still
missed: drawn 1.4 ms before the vsync, draw 2.8 swap 3.2, presented 4.8 ms late: 22.1 after the last present, validate 1.9, present 1.2, GPU busy; redrawn 100%, shade 0 still / 0 still
missed: drawn 3.0 ms before the vsync, draw 2.2 swap 2.2, presented 1.5 ms late: 18.7 after the last present, validate 0.9, present 1.1, GPU busy; redrawn 100%, shade 0 still / 0 still
missed: drawn 3.0 ms before the vsync, draw 2.5 swap 2.6, presented 2.2 ms late: 40.5 after the last present, validate 1.2, present 1.2, GPU busy; redrawn 100%, shade 0 still / 0 still
missed: drawn 5.1 ms before the vsync, draw 3.0 swap 2.6, presented 0.7 ms late: 19.7 after the last present, validate 1.0, present 1.5, GPU busy; redrawn 100%, shade 0 still / 0 still
drawn  49 of  60  missed 10  commits  49 (at once 43)  draw 2.8/4.8 (elements 1.0/1.7) swap 2.6/8.6 (present 2.5/8.5, fast 0) ms  redrawn 100.0/100.0%  no damage 0  budget 12.7  touches 16  touch->screen 1 mean 13.1 max 13.1 ms  shade->screen - (from the loop -) ms  errors 0
missed: drawn 4.2 ms before the vsync, draw 2.6 swap 2.4, presented 1.0 ms late: 22.0 after the last present, validate 0.9, present 1.4, GPU busy; redrawn 100%, shade 0 still / 0 still
missed: drawn 4.7 ms before the vsync, draw 2.8 swap 3.2, presented 1.3 ms late: 19.6 after the last present, validate 1.0, present 2.0, GPU busy; redrawn 100%, shade 0 still / 0 still
missed: drawn 4.5 ms before the vsync, draw 3.2 swap 2.8, presented 1.6 ms late: 20.7 after the last present, validate 1.1, present 1.5, GPU busy; redrawn 100%, shade 0 still / 0 still
missed: drawn 2.4 ms before the vsync, draw 7.8 swap 2.2, presented 7.6 ms late: 24.8 after the last present, validate 0.8, present 1.2, GPU busy; redrawn 100%, shade 0 still / 0 still
missed: drawn 6.9 ms before the vsync, draw 3.2 swap 5.1, presented 1.5 ms late: 24.3 after the last present, validate 3.6, present 1.2, GPU busy; redrawn 100%, shade 0 still / 0 still
missed: drawn 10.0 ms before the vsync, draw 2.5 swap 8.7, presented 1.2 ms late: 19.0 after the last present, validate 0.8, present 7.7, GPU busy; redrawn 100%, shade 0 still / 0 still
missed: drawn 3.8 ms before the vsync, draw 3.1 swap 2.7, presented 2.1 ms late: 22.5 after the last present, validate 1.3, present 1.1, GPU busy; redrawn 100%, shade 0 still / 0 still
missed: drawn 3.9 ms before the vsync, draw 3.3 swap 5.1, presented 4.5 ms late: 24.9 after the last present, validate 2.1, present 2.7, GPU busy; redrawn 100%, shade 0 still / 0 still
missed: drawn 9.1 ms before the vsync, draw 4.4 swap 6.2, presented 1.6 ms late: 30.8 after the last present, validate 4.4, present 1.5, GPU done; redrawn 100%, shade 0 still / 0 still
missed: drawn 5.0 ms before the vsync, draw 2.7 swap 2.5, presented 0.4 ms late: 20.7 after the last present, validate 0.9, present 1.4, GPU busy; redrawn 100%, shade 0 still / 0 still
missed: drawn 0.9 ms before the vsync, draw 5.1 swap 3.7, presented 8.0 ms late: 26.5 after the last present, validate 1.4, present 2.0, GPU done; redrawn 100%, shade 0 still / 0 still
drawn  47 of  60  missed 11  commits  47 (at once 37)  draw 3.2/8.6 (elements 1.1/1.9) swap 3.0/9.0 (present 2.9/8.9, fast 0) ms  redrawn 100.0/100.0%  no damage 0  budget 15.6  touches 17  touch->screen -  shade->screen - (from the loop -) ms  errors 0
missed: drawn 2.6 ms before the vsync, draw 3.8 swap 2.6, presented 3.9 ms late: 40.9 after the last present, validate 1.0, present 1.4, GPU busy; redrawn 100%, shade 0 still / 0 still
missed: drawn 4.5 ms before the vsync, draw 3.1 swap 2.4, presented 1.1 ms late: 21.0 after the last present, validate 1.0, present 1.3, GPU busy; redrawn 100%, shade 0 still / 0 still
missed: drawn 1.6 ms before the vsync, draw 3.3 swap 2.6, presented 4.4 ms late: 22.8 after the last present, validate 0.9, present 1.5, GPU busy; redrawn 100%, shade 0 still / 0 still
missed: drawn 4.7 ms before the vsync, draw 2.8 swap 2.1, presented 0.2 ms late: 19.0 after the last present, validate 0.8, present 1.1, GPU busy; redrawn 100%, shade 0 still / 0 still
missed: drawn 8.5 ms before the vsync, draw 2.4 swap 7.8, presented 1.7 ms late: 24.8 after the last present, validate 6.2, present 1.4, GPU busy; redrawn 100%, shade 0 still / 0 still
missed: drawn 10.0 ms before the vsync, draw 2.8 swap 7.9, presented 0.7 ms late: 23.3 after the last present, validate 6.3, present 1.4, GPU busy; redrawn 100%, shade 0 still / 0 still
missed: drawn 3.0 ms before the vsync, draw 3.0 swap 7.0, presented 7.1 ms late: 23.8 after the last present, validate 5.9, present 1.0, GPU busy; redrawn 100%, shade 0 still / 0 still
missed: drawn 0.1 ms before the vsync, draw 3.0 swap 3.5, presented 6.5 ms late: 34.4 after the last present, validate 1.4, present 1.8, GPU busy; redrawn 100%, shade 0 still / 0 still
missed: drawn 4.7 ms before the vsync, draw 3.5 swap 2.6, presented 1.7 ms late: 26.4 after the last present, validate 1.0, present 1.4, GPU busy; redrawn 100%, shade 0 still / 0 still
drawn  49 of  60  missed  9  commits  49 (at once 39)  draw 2.9/7.4 (elements 1.0/1.5) swap 2.9/8.3 (present 2.8/8.2, fast 0) ms  redrawn 100.0/100.0%  no damage 0  budget 14.6  touches 17  touch->screen 1 mean 23.5 max 23.5 ms  shade->screen - (from the loop -) ms  errors 0
missed: drawn 3.5 ms before the vsync, draw 3.0 swap 2.5, presented 2.2 ms late: 22.3 after the last present, validate 1.3, present 1.1, GPU busy; redrawn 100%, shade 0 still / 0 still
missed: drawn 0.6 ms before the vsync, draw 2.8 swap 2.2, presented 4.6 ms late: 21.5 after the last present, validate 0.8, present 1.2, GPU busy; redrawn 100%, shade 0 still / 0 still
missed: drawn 2.3 ms before the vsync, draw 2.9 swap 2.4, presented 3.1 ms late: 20.7 after the last present, validate 0.9, present 1.2, GPU busy; redrawn 100%, shade 0 still / 0 still
missed: drawn 3.8 ms before the vsync, draw 2.7 swap 2.4, presented 1.4 ms late: 21.8 after the last present, validate 1.0, present 1.2, GPU busy; redrawn 100%, shade 0 still / 0 still
missed: drawn 4.0 ms before the vsync, draw 3.1 swap 2.6, presented 1.9 ms late: 21.2 after the last present, validate 1.2, present 1.2, GPU busy; redrawn 100%, shade 0 still / 0 still
missed: drawn 13.5 ms before the vsync, draw 2.3 swap 12.4, presented 1.2 ms late: 22.5 after the last present, validate 0.8, present 11.4, GPU busy; redrawn 100%, shade 0 still / 0 still
missed: drawn 13.1 ms before the vsync, draw 2.4 swap 11.9, presented 1.2 ms late: 22.3 after the last present, validate 0.8, present 11.0, GPU busy; redrawn 100%, shade 0 still / 0 still
missed: drawn 9.0 ms before the vsync, draw 8.7 swap 2.3, presented 2.0 ms late: 23.1 after the last present, validate 1.1, present 1.0, GPU done; redrawn 100%, shade 0 still / 0 still
missed: drawn 12.8 ms before the vsync, draw 2.5 swap 11.5, presented 1.2 ms late: 22.3 after the last present, validate 1.0, present 10.3, GPU busy; redrawn 100%, shade 0 still / 0 still
missed: drawn 13.2 ms before the vsync, draw 2.5 swap 12.3, presented 1.7 ms late: 21.6 after the last present, validate 0.8, present 11.3, GPU busy; redrawn 100%, shade 0 still / 0 still
missed: drawn 5.0 ms before the vsync, draw 3.0 swap 3.6, presented 1.6 ms late: 21.6 after the last present, validate 2.0, present 1.3, GPU busy; redrawn 100%, shade 0 still / 0 still
missed: drawn 6.1 ms before the vsync, draw 3.0 swap 3.6, presented 0.6 ms late: 19.5 after the last present, validate 1.2, present 1.7, GPU busy; redrawn 100%, shade 0 still / 0 still
drawn  47 of  60  missed 12  commits  47 (at once 38)  draw 3.4/8.7 (elements 1.1/3.7) swap 3.5/12.4 (present 3.4/12.3, fast 0) ms  redrawn 100.0/100.0%  no damage 0  budget 15.9  touches 18  touch->screen 1 mean 21.5 max 21.5 ms  shade->screen - (from the loop -) ms  errors 0
missed: drawn 2.5 ms before the vsync, draw 3.6 swap 2.5, presented 3.8 ms late: 24.9 after the last present, validate 0.9, present 1.3, GPU busy; redrawn 100%, shade 0 still / 0 still
missed: drawn 6.7 ms before the vsync, draw 4.1 swap 3.4, presented 0.9 ms late: 25.5 after the last present, validate 1.1, present 2.1, GPU busy; redrawn 100%, shade 0 still / 0 still
missed: drawn 2.1 ms before the vsync, draw 2.4 swap 2.4, presented 2.7 ms late: 20.3 after the last present, validate 0.8, present 1.1, GPU busy; redrawn 100%, shade 0 still / 0 still
missed: drawn 0.8 ms before the vsync, draw 3.2 swap 2.7, presented 5.3 ms late: 40.2 after the last present, validate 0.9, present 1.6, GPU busy; redrawn 100%, shade 0 still / 0 still
missed: drawn 1.2 ms before the vsync, draw 2.8 swap 2.2, presented 3.9 ms late: 21.3 after the last present, validate 0.8, present 1.2, GPU busy; redrawn 100%, shade 0 still / 0 still
missed: drawn 3.8 ms before the vsync, draw 3.1 swap 2.5, presented 2.0 ms late: 19.5 after the last present, validate 1.0, present 1.3, GPU busy; redrawn 100%, shade 0 still / 0 still
missed: drawn 3.0 ms before the vsync, draw 3.4 swap 2.1, presented 2.8 ms late: 22.4 after the last present, validate 0.9, present 1.1, GPU done; redrawn 100%, shade 0 still / 0 still
missed: drawn 7.9 ms before the vsync, draw 3.3 swap 6.0, presented 1.6 ms late: 25.8 after the last present, validate 4.7, present 1.1, GPU busy; redrawn 100%, shade 0 still / 0 still
missed: drawn 13.9 ms before the vsync, draw 2.4 swap 12.9, presented 1.4 ms late: 22.5 after the last present, validate 0.6, present 12.1, GPU busy; redrawn 100%, shade 0 still / 0 still
missed: drawn 4.4 ms before the vsync, draw 3.9 swap 3.8, presented 3.4 ms late: 23.7 after the last present, validate 1.2, present 1.6, GPU done; redrawn 100%, shade 0 still / 0 still
missed: drawn 4.7 ms before the vsync, draw 3.0 swap 2.4, presented 0.8 ms late: 19.9 after the last present, validate 0.9, present 1.3, GPU busy; redrawn 100%, shade 0 still / 0 still
drawn  48 of  60  missed 11  commits  48 (at once 41)  draw 3.0/8.0 (elements 1.1/1.9) swap 2.8/12.9 (present 2.6/12.8, fast 0) ms  redrawn 100.0/100.0%  no damage 0  budget 13.9  touches 19  touch->screen 1 mean 18.0 max 18.0 ms  shade->screen - (from the loop -) ms  errors 0
missed: drawn 4.9 ms before the vsync, draw 3.3 swap 3.8, presented 2.3 ms late: 22.1 after the last present, validate 1.0, present 2.5, GPU busy; redrawn 100%, shade 0 still / 0 still
missed: drawn 1.7 ms before the vsync, draw 3.3 swap 2.7, presented 4.3 ms late: 21.9 after the last present, validate 1.1, present 1.4, GPU busy; redrawn 100%, shade 0 still / 0 still
missed: drawn 7.8 ms before the vsync, draw 3.1 swap 6.1, presented 1.6 ms late: 24.8 after the last present, validate 4.6, present 1.3, GPU busy; redrawn 100%, shade 0 still / 0 still
missed: drawn 9.3 ms before the vsync, draw 2.7 swap 8.6, presented 2.1 ms late: 24.2 after the last present, validate 7.4, present 1.0, GPU busy; redrawn 100%, shade 0 still / 0 still
missed: drawn 10.9 ms before the vsync, draw 2.1 swap 9.9, presented 1.2 ms late: 18.7 after the last present, validate 0.7, present 9.1, GPU busy; redrawn 100%, shade 0 still / 0 still
missed: drawn 3.4 ms before the vsync, draw 2.7 swap 2.2, presented 1.6 ms late: 21.3 after the last present, validate 0.9, present 1.2, GPU busy; redrawn 100%, shade 0 still / 0 still
missed: drawn 4.4 ms before the vsync, draw 2.9 swap 2.6, presented 1.2 ms late: 21.2 after the last present, validate 1.1, present 1.2, GPU busy; redrawn 100%, shade 0 still / 0 still
missed: drawn 1.4 ms before the vsync, draw 3.2 swap 2.5, presented 4.4 ms late: 22.2 after the last present, validate 1.0, present 1.3, GPU busy; redrawn 100%, shade 0 still / 0 still
missed: drawn 2.2 ms before the vsync, draw 8.4 swap 2.2, presented 8.5 ms late: 26.9 after the last present, validate 0.9, present 1.2, GPU busy; redrawn 100%, shade 0 still / 0 still
missed: drawn 15.1 ms before the vsync, draw 2.0 swap 14.6, presented 1.4 ms late: 21.6 after the last present, validate 0.7, present 13.7, GPU busy; redrawn 100%, shade 0 still / 0 still
drawn  48 of  60  missed 10  commits  49 (at once 43)  draw 3.1/9.3 (elements 1.3/8.0) swap 3.4/14.6 (present 3.2/14.5, fast 0) ms  redrawn 100.0/100.0%  no damage 0  budget 22.9  touches 20  touch->screen 1 mean 53.5 max 53.5 ms  shade->screen - (from the loop -) ms  errors 0
missed: drawn 5.8 ms before the vsync, draw 2.2 swap 5.1, presented 1.6 ms late: 23.1 after the last present, validate 3.7, present 1.2, GPU busy; redrawn 100%, shade 0 still / 0 still
missed: drawn 5.6 ms before the vsync, draw 7.2 swap 1.8, presented 3.5 ms late: 24.8 after the last present, validate 0.7, present 0.9, GPU busy; redrawn 100%, shade 0 still / 0 still
missed: drawn 2.4 ms before the vsync, draw 2.4 swap 2.1, presented 2.2 ms late: 20.2 after the last present, validate 0.9, present 1.1, GPU busy; redrawn 100%, shade 0 still / 0 still
missed: drawn 3.7 ms before the vsync, draw 2.1 swap 1.7, presented 0.1 ms late: 17.8 after the last present, validate 0.6, present 1.0, GPU busy; redrawn 100%, shade 0 still / 0 still
missed: drawn 2.6 ms before the vsync, draw 9.6 swap 2.4, presented 9.6 ms late: 27.4 after the last present, validate 1.0, present 1.2, GPU busy; redrawn 100%, shade 0 still / 0 still
missed: drawn 0.0 ms before the vsync, draw 11.6 swap 3.6, presented 22.1 ms late: 57.6 after the last present, validate 1.3, present 1.7, GPU done; redrawn 100%, shade 0 still / 0 still
missed: drawn 6.7 ms before the vsync, draw 3.7 swap 5.2, presented 2.3 ms late: 44.4 after the last present, validate 2.4, present 2.5, GPU busy; redrawn 100%, shade 0 still / 0 still
missed: drawn 0.4 ms before the vsync, draw 2.8 swap 2.1, presented 4.6 ms late: 28.7 after the last present, validate 0.9, present 1.1, GPU busy; redrawn 100%, shade 0 still / 0 still
missed: drawn 5.7 ms before the vsync, draw 3.1 swap 3.9, presented 1.5 ms late: 58.6 after the last present, validate 2.1, present 1.7, GPU busy; redrawn 100%, shade 0 still / 0 still
drawn 148 of  60  missed  9  commits 147 (at once 136)  draw 0.9/11.6 (elements 0.3/3.6) swap 0.7/5.2 (present 2.6/5.0, fast 0) ms  redrawn 25.7/100.0%  no damage 110  budget 16.9  touches 20  touch->screen -  shade->screen - (from the loop -) ms  errors 0
drawn   1 of  60  missed  0  commits   1 (at once 1)  draw 2.9/2.9 (elements 1.1/1.1) swap 2.6/2.6 (present 2.5/2.5, fast 0) ms  redrawn 100.0/100.0%  no damage 0  budget 16.5  touches 20  touch->screen -  shade->screen - (from the loop -) ms  errors 0
missed: drawn 5.6 ms before the vsync, draw 11.1 swap 3.2, presented 8.8 ms late: 25.6 after the last present, validate 1.3, present 1.6, GPU busy; redrawn 100%, shade 0 still / 0 still
drawn   5 of  60  missed  1  commits   5 (at once 2)  draw 5.2/11.1 (elements 3.1/8.9) swap 2.9/4.4 (present 2.8/4.2, fast 0) ms  redrawn 100.0/100.0%  no damage 0  budget 19.2  touches 20  touch->screen -  shade->screen - (from the loop -) ms  errors 0
missed: drawn 5.6 ms before the vsync, draw 6.5 swap 2.1, presented 3.1 ms late: 24.8 after the last present, validate 0.8, present 1.1, GPU busy; redrawn 100%, shade 0 still / 0 still
missed: drawn 4.9 ms before the vsync, draw 2.6 swap 2.6, presented 0.3 ms late: 19.5 after the last present, validate 0.9, present 1.5, GPU busy; redrawn 100%, shade 0 still / 0 still
missed: drawn 8.0 ms before the vsync, draw 5.6 swap 2.9, presented 0.5 ms late: 23.7 after the last present, validate 1.1, present 1.6, GPU busy; redrawn 100%, shade 0 still / 0 still
missed: drawn 1.8 ms before the vsync, draw 3.4 swap 2.2, presented 4.0 ms late: 22.4 after the last present, validate 0.8, present 1.2, GPU busy; redrawn 100%, shade 0 still / 0 still
missed: drawn 15.5 ms before the vsync, draw 2.5 swap 14.1, presented 1.1 ms late: 29.9 after the last present, validate 0.8, present 13.2, GPU busy; redrawn 100%, shade 0 still / 0 still
missed: drawn 3.2 ms before the vsync, draw 4.9 swap 3.4, presented 5.4 ms late: 26.2 after the last present, validate 1.3, present 1.9, GPU busy; redrawn 100%, shade 0 still / 0 still
missed: drawn 4.3 ms before the vsync, draw 12.1 swap 3.4, presented 11.3 ms late: 30.7 after the last present, validate 1.5, present 1.7, GPU busy; redrawn 100%, shade 0 still / 0 still
missed: drawn 1.9 ms before the vsync, draw 3.9 swap 3.5, presented 5.6 ms late: 25.5 after the last present, validate 1.3, present 1.9, GPU busy; redrawn 100%, shade 0 still / 0 still
missed: drawn 6.6 ms before the vsync, draw 4.3 swap 3.4, presented 1.2 ms late: 25.0 after the last present, validate 1.1, present 2.0, GPU busy; redrawn 100%, shade 0 still / 0 still
missed: drawn 1.3 ms before the vsync, draw 6.4 swap 4.2, presented 9.4 ms late: 58.0 after the last present, validate 1.7, present 2.3, GPU done; redrawn 100%, shade 0 still / 0 still
drawn  33 of  60  missed 10  commits  33 (at once 28)  draw 3.9/12.1 (elements 1.5/6.7) swap 3.0/14.1 (present 2.9/14.0, fast 0) ms  redrawn 100.0/100.0%  no damage 0  budget 19.0  touches 20  touch->screen -  shade->screen - (from the loop -) ms  errors 0
drawn   0 of  60  missed  0  commits   0 (at once 0)  draw - (elements -) swap - (present -, fast 0) ms  redrawn -%  no damage 0  budget 19.0  touches 20  touch->screen -  shade->screen - (from the loop -) ms  errors 0
drawn   0 of  60  missed  0  commits   0 (at once 0)  draw - (elements -) swap - (present -, fast 0) ms  redrawn -%  no damage 0  budget 19.0  touches 20  touch->screen -  shade->screen - (from the loop -) ms  errors 0
