touch: item swipe (/dev/input/event10)
pacing: late in the frame, margin 4.0 ms, clients' frames at once
warm-up: 12 textures in 1.5 ms
missed: drawn -14941082.5 ms before the vsync, draw 11.4 swap 551.5, presented 14941645.4 ms late: 0.0 after the last present, validate 8.4, present 542.7, GPU busy; redrawn 100%, shade 0 still / 0 still
missed: drawn 6.0 ms before the vsync, draw 11.6 swap 4.7, presented 10.0 ms late: 33.8 after the last present, validate 1.8, present 2.5, GPU done; redrawn 100%, shade 0 still / 0 still
drawn   3 of  23  missed  2  commits   0 (at once 0)  draw 8.7/11.6 (elements 0.1/0.1) swap 186.6/551.5 (present 186.5/551.4, fast 0) ms  redrawn 100.0/100.0%  no damage 0  budget 17.4  touches 1  touch->screen -  shade->screen - (from the loop -) ms  errors 0
drawn  15 of  60  missed  0  commits   4 (at once 3)  draw 2.2/5.3 (elements 0.2/1.2) swap 1.5/2.6 (present 1.5/2.5, fast 0) ms  redrawn 93.3/100.0%  no damage 1  budget 12.2  touches 1  touch->screen -  shade->screen - (from the loop -) ms  errors 0
drawn  38 of  60  missed  0  commits   2 (at once 1)  draw 2.0/5.7 (elements 0.1/1.3) swap 1.4/3.6 (present 1.7/3.2, fast 0) ms  redrawn 76.3/100.0%  no damage 9  budget 12.4  touches 2  touch->screen 1 mean 231.1 max 231.1 ms  shade->screen - (from the loop -) ms  errors 0
drawn  43 of  60  missed  0  commits  43 (at once 20)  draw 2.2/6.5 (elements 0.9/1.8) swap 2.5/5.0 (present 2.4/4.9, fast 0) ms  redrawn 100.0/100.0%  no damage 0  budget 13.0  touches 3  touch->screen 1 mean 111.1 max 111.1 ms  shade->screen - (from the loop -) ms  errors 0
missed: drawn 3.0 ms before the vsync, draw 1.7 swap 1.9, presented 0.6 ms late: 42.9 after the last present, validate 0.8, present 1.0, GPU busy; redrawn 100%, shade 0 still / 0 still
drawn  57 of  60  missed  1  commits  57 (at once 23)  draw 2.0/5.4 (elements 0.9/4.5) swap 2.9/5.9 (present 2.8/5.8, fast 0) ms  redrawn 100.0/100.0%  no damage 0  budget 12.6  touches 4  touch->screen 1 mean 15.9 max 15.9 ms  shade->screen - (from the loop -) ms  errors 0
missed: drawn 6.2 ms before the vsync, draw 2.0 swap 4.8, presented 0.6 ms late: 26.3 after the last present, validate 3.7, present 1.0, GPU busy; redrawn 100%, shade 0 still / 0 still
drawn  59 of  60  missed  1  commits  59 (at once 21)  draw 2.1/5.3 (elements 0.9/2.5) swap 3.6/5.9 (present 3.5/5.9, fast 0) ms  redrawn 100.0/100.0%  no damage 0  budget 14.5  touches 5  touch->screen 1 mean 21.8 max 21.8 ms  shade->screen - (from the loop -) ms  errors 0
missed: drawn 0.9 ms before the vsync, draw 2.1 swap 5.7, presented 6.9 ms late: 30.5 after the last present, validate 4.5, present 1.0, GPU done; redrawn 100%, shade 0 still / 0 still
drawn  59 of  60  missed  1  commits  59 (at once 10)  draw 2.1/3.2 (elements 0.9/1.5) swap 4.5/8.1 (present 4.4/7.9, fast 0) ms  redrawn 100.0/100.0%  no damage 0  budget 12.6  touches 6  touch->screen 1 mean 23.4 max 23.4 ms  shade->screen - (from the loop -) ms  errors 0
drawn  60 of  60  missed  0  commits  60 (at once 12)  draw 2.0/5.4 (elements 0.9/4.5) swap 5.8/10.1 (present 5.7/10.0, fast 0) ms  redrawn 100.0/100.0%  no damage 0  budget 20.3  touches 7  touch->screen 1 mean 22.3 max 22.3 ms  shade->screen - (from the loop -) ms  errors 0
drawn  61 of  60  missed  0  commits  61 (at once 7)  draw 2.0/3.5 (elements 0.9/1.6) swap 8.7/10.7 (present 8.7/10.6, fast 0) ms  redrawn 98.4/100.0%  no damage 1  budget 21.8  touches 8  touch->screen 1 mean 35.9 max 35.9 ms  shade->screen - (from the loop -) ms  errors 0
drawn  60 of  60  missed  0  commits  61 (at once 7)  draw 2.1/5.4 (elements 0.9/2.8) swap 10.4/12.2 (present 10.3/11.9, fast 0) ms  redrawn 100.0/100.0%  no damage 0  budget 23.7  touches 9  touch->screen 1 mean 34.6 max 34.6 ms  shade->screen - (from the loop -) ms  errors 0
drawn  60 of  60  missed  0  commits  59 (at once 18)  draw 2.2/3.7 (elements 1.0/1.9) swap 11.2/13.5 (present 11.1/13.4, fast 0) ms  redrawn 100.0/100.0%  no damage 0  budget 25.4  touches 9  touch->screen -  shade->screen - (from the loop -) ms  errors 0
missed: drawn 1.5 ms before the vsync, draw 2.1 swap 1.6, presented 2.3 ms late: 20.5 after the last present, validate 0.7, present 0.8, GPU busy; redrawn 100%, shade 0 still / 0 still
missed: drawn 2.9 ms before the vsync, draw 1.6 swap 1.7, presented 0.5 ms late: 24.6 after the last present, validate 0.5, present 1.0, GPU busy; redrawn 100%, shade 0 still / 0 still
drawn  58 of  60  missed  2  commits  58 (at once 16)  draw 2.2/5.9 (elements 0.9/1.2) swap 3.4/13.6 (present 3.3/13.5, fast 0) ms  redrawn 100.0/100.0%  no damage 0  budget 12.7  touches 10  touch->screen 1 mean 49.8 max 49.8 ms  shade->screen - (from the loop -) ms  errors 0
missed: drawn 3.0 ms before the vsync, draw 1.8 swap 1.7, presented 0.5 ms late: 28.5 after the last present, validate 0.6, present 1.0, GPU busy; redrawn 100%, shade 0 still / 0 still
missed: drawn 15.2 ms before the vsync, draw 1.7 swap 14.8, presented 1.3 ms late: 19.8 after the last present, validate 0.4, present 14.2, GPU busy; redrawn 100%, shade 0 still / 0 still
drawn  59 of  61  missed  2  commits  59 (at once 20)  draw 2.3/7.5 (elements 1.0/5.7) swap 2.5/14.8 (present 2.4/14.7, fast 0) ms  redrawn 100.0/100.0%  no damage 0  budget 12.8  touches 11  touch->screen 1 mean 25.2 max 25.2 ms  shade->screen - (from the loop -) ms  errors 0
missed: drawn 14.0 ms before the vsync, draw 2.3 swap 12.7, presented 0.8 ms late: 30.0 after the last present, validate 0.6, present 11.8, GPU done; redrawn 100%, shade 0 still / 0 still
drawn  58 of  60  missed  1  commits  58 (at once 25)  draw 2.2/6.8 (elements 1.0/1.5) swap 2.5/12.7 (present 2.4/12.4, fast 0) ms  redrawn 100.0/100.0%  no damage 0  budget 13.7  touches 12  touch->screen 1 mean 25.9 max 25.9 ms  shade->screen - (from the loop -) ms  errors 0
drawn  60 of  60  missed  0  commits  60 (at once 28)  draw 2.1/3.0 (elements 0.9/1.3) swap 2.6/6.7 (present 2.5/6.6, fast 0) ms  redrawn 100.0/100.0%  no damage 0  budget 12.8  touches 13  touch->screen 1 mean 32.6 max 32.6 ms  shade->screen - (from the loop -) ms  errors 0
drawn  59 of  60  missed  0  commits  59 (at once 28)  draw 2.1/4.0 (elements 0.9/2.9) swap 2.4/5.5 (present 2.3/5.5, fast 0) ms  redrawn 100.0/100.0%  no damage 0  budget 11.4  touches 14  touch->screen 1 mean 27.7 max 27.7 ms  shade->screen - (from the loop -) ms  errors 0
drawn  60 of  60  missed  0  commits  60 (at once 35)  draw 2.1/4.2 (elements 0.9/1.3) swap 2.3/5.7 (present 2.2/5.6, fast 0) ms  redrawn 100.0/100.0%  no damage 0  budget 13.4  touches 15  touch->screen 1 mean 19.8 max 19.8 ms  shade->screen - (from the loop -) ms  errors 0
missed: drawn 0.5 ms before the vsync, draw 2.1 swap 1.9, presented 3.5 ms late: 25.9 after the last present, validate 0.6, present 1.2, GPU busy; redrawn 100%, shade 0 still / 0 still
drawn  59 of  60  missed  1  commits  59 (at once 23)  draw 2.1/3.4 (elements 0.9/1.4) swap 2.8/6.3 (present 2.8/6.2, fast 0) ms  redrawn 100.0/100.0%  no damage 0  budget 13.2  touches 16  touch->screen 1 mean 25.2 max 25.2 ms  shade->screen - (from the loop -) ms  errors 0
drawn  59 of  60  missed  0  commits  59 (at once 24)  draw 2.1/3.5 (elements 0.9/1.3) swap 2.9/5.6 (present 2.8/5.5, fast 0) ms  redrawn 100.0/100.0%  no damage 0  budget 13.7  touches 17  touch->screen 1 mean 24.4 max 24.4 ms  shade->screen - (from the loop -) ms  errors 0
missed: drawn 4.4 ms before the vsync, draw 2.0 swap 3.4, presented 1.1 ms late: 24.9 after the last present, validate 2.4, present 1.0, GPU busy; redrawn 100%, shade 0 still / 0 still
drawn  60 of  60  missed  1  commits  60 (at once 12)  draw 2.0/2.8 (elements 0.9/1.4) swap 4.7/7.2 (present 4.6/7.2, fast 0) ms  redrawn 100.0/100.0%  no damage 0  budget 13.3  touches 17  touch->screen -  shade->screen - (from the loop -) ms  errors 0
missed: drawn 1.1 ms before the vsync, draw 2.0 swap 2.0, presented 3.0 ms late: 27.9 after the last present, validate 0.9, present 1.0, GPU busy; redrawn 100%, shade 0 still / 0 still
drawn  60 of  60  missed  1  commits  60 (at once 15)  draw 2.1/4.6 (elements 0.9/1.4) swap 4.4/8.8 (present 4.4/8.7, fast 0) ms  redrawn 98.3/100.0%  no damage 1  budget 17.0  touches 18  touch->screen 1 mean 22.6 max 22.6 ms  shade->screen - (from the loop -) ms  errors 0
drawn  60 of  60  missed  0  commits  60 (at once 2)  draw 2.0/2.4 (elements 0.9/1.1) swap 8.8/9.9 (present 8.7/9.8, fast 0) ms  redrawn 100.0/100.0%  no damage 0  budget 21.4  touches 19  touch->screen 1 mean 22.2 max 22.2 ms  shade->screen - (from the loop -) ms  errors 0
drawn  61 of  60  missed  0  commits  62 (at once 5)  draw 1.9/2.9 (elements 0.8/1.2) swap 9.7/12.2 (present 9.7/11.0, fast 0) ms  redrawn 98.4/100.0%  no damage 1  budget 23.3  touches 20  touch->screen 1 mean 20.9 max 20.9 ms  shade->screen - (from the loop -) ms  errors 0
missed: drawn 1.8 ms before the vsync, draw 2.8 swap 1.9, presented 3.0 ms late: 25.2 after the last present, validate 0.7, present 1.1, GPU done; redrawn 100%, shade 0 still / 0 still
missed: drawn 4.6 ms before the vsync, draw 3.3 swap 1.6, presented 0.4 ms late: 42.9 after the last present, validate 0.6, present 0.9, GPU busy; redrawn 100%, shade 0 still / 0 still
drawn 256 of  60  missed  2  commits 255 (at once 225)  draw 0.4/5.5 (elements 0.2/3.5) swap 1.4/13.2 (present 8.4/13.0, fast 0) ms  redrawn 16.4/100.0%  no damage 214  budget 16.8  touches 20  touch->screen -  shade->screen - (from the loop -) ms  errors 0
drawn   0 of  60  missed  0  commits   0 (at once 0)  draw - (elements -) swap - (present -, fast 0) ms  redrawn -%  no damage 0  budget 16.8  touches 20  touch->screen -  shade->screen - (from the loop -) ms  errors 0
missed: drawn 9.2 ms before the vsync, draw 2.8 swap 7.2, presented 0.9 ms late: 22.1 after the last present, validate 5.8, present 1.3, GPU done; redrawn 100%, shade 0 still / 0 still
drawn  10 of  60  missed  1  commits  11 (at once 6)  draw 3.2/4.9 (elements 1.4/1.9) swap 3.2/7.2 (present 3.0/7.1, fast 0) ms  redrawn 100.0/100.0%  no damage 0  budget 14.8  touches 20  touch->screen -  shade->screen - (from the loop -) ms  errors 0
missed: drawn 1.6 ms before the vsync, draw 4.7 swap 3.4, presented 6.6 ms late: 60.0 after the last present, validate 1.2, present 2.0, GPU busy; redrawn 100%, shade 0 still / 0 still
drawn  36 of  60  missed  1  commits  35 (at once 12)  draw 2.7/11.0 (elements 1.1/2.5) swap 2.6/6.5 (present 2.5/6.4, fast 0) ms  redrawn 100.0/100.0%  no damage 0  budget 15.3  touches 20  touch->screen -  shade->screen - (from the loop -) ms  errors 0
drawn   0 of  60  missed  0  commits   0 (at once 0)  draw - (elements -) swap - (present -, fast 0) ms  redrawn -%  no damage 0  budget 15.3  touches 20  touch->screen -  shade->screen - (from the loop -) ms  errors 0
drawn   0 of  61  missed  0  commits   0 (at once 0)  draw - (elements -) swap - (present -, fast 0) ms  redrawn -%  no damage 0  budget 15.3  touches 20  touch->screen -  shade->screen - (from the loop -) ms  errors 0
