touch: item swipe (/dev/input/event10)
pacing: late in the frame, margin 4.0 ms
warm-up: 3 textures in 2.1 ms
missed: drawn -7595056.3 ms before the vsync, draw 8.4 swap 562.1, presented 7595626.8 ms late: 0.0 after the last present, validate 9.3, present 552.6, GPU busy; redrawn 100%, shade 0 still / 0 still
missed: drawn 1.9 ms before the vsync, draw 1.6 swap 5.1, presented 4.8 ms late: 27.3 after the last present, validate 1.5, present 3.4, GPU busy; redrawn 5%, shade 93 held / 0 still
drawn  21 of  22  missed  2 (skipped 2)  commits   0  draw 1.9/8.4 swap 29.6/562.1 (present 29.5/562.0, fast 0) ms  redrawn 17.8/100.0%  no damage 0  budget 10.5  touches 0  touch->screen -  shade->screen 20.6/34.5 (from the loop 19.8/34.4) ms  errors 0
drawn  57 of  61  missed  0 (skipped 0)  commits   3  draw 1.9/3.8 swap 2.2/4.9 (present 2.1/4.7, fast 0) ms  redrawn 17.8/48.5%  no damage 0  budget 10.1  touches 0  touch->screen -  shade->screen 23.3/27.4 (from the loop 21.3/24.6) ms  errors 0
missed: drawn 11.2 ms before the vsync, draw 1.8 swap 11.3, presented 1.8 ms late: 25.8 after the last present, validate 0.9, present 10.1, GPU busy; redrawn 47%, shade 869 running / 0 still
drawn  16 of  60  missed  1 (skipped 1)  commits   2  draw 3.8/8.3 swap 3.7/11.3 (present 3.6/11.1, fast 0) ms  redrawn 52.5/97.0%  no damage 0  budget 14.8  touches 0  touch->screen -  shade->screen - (from the loop -) ms  errors 0
drawn  30 of  60  missed  0 (skipped 0)  commits   0  draw 2.6/4.9 swap 3.1/4.2 (present 2.9/4.0, fast 0) ms  redrawn 58.1/97.0%  no damage 0  budget 13.0  touches 0  touch->screen -  shade->screen 25.0/31.9 (from the loop 24.2/26.0) ms  errors 0
drawn  34 of  60  missed  0 (skipped 0)  commits   0  draw 2.6/4.5 swap 2.8/4.4 (present 2.6/4.2, fast 0) ms  redrawn 50.1/97.0%  no damage 0  budget 13.4  touches 0  touch->screen -  shade->screen 24.1/24.7 (from the loop 23.0/24.2) ms  errors 0
drawn  16 of  61  missed  0 (skipped 0)  commits   0  draw 2.5/3.6 swap 3.1/3.6 (present 2.9/3.5, fast 0) ms  redrawn 72.3/97.0%  no damage 0  budget 12.6  touches 0  touch->screen -  shade->screen - (from the loop -) ms  errors 0
missed: drawn 10.3 ms before the vsync, draw 5.8 swap 5.2, presented 0.6 ms late: 24.0 after the last present, validate 2.7, present 2.1, GPU busy; redrawn 97%, shade 0 still / 110 held
drawn  58 of  60  missed  1 (skipped 1)  commits   0  draw 2.3/5.8 swap 2.3/5.2 (present 2.1/4.9, fast 0) ms  redrawn 33.0/97.0%  no damage 0  budget 10.8  touches 0  touch->screen -  shade->screen 24.4/36.3 (from the loop 22.4/36.2) ms  errors 0
drawn  32 of  60  missed  0 (skipped 0)  commits   0  draw 2.5/4.7 swap 2.6/3.9 (present 2.5/3.6, fast 0) ms  redrawn 33.4/48.5%  no damage 0  budget 12.8  touches 0  touch->screen -  shade->screen 25.2/25.7 (from the loop 22.6/23.5) ms  errors 0
missed: drawn 11.0 ms before the vsync, draw 8.0 swap 3.9, presented 0.8 ms late: 24.8 after the last present, validate 1.3, present 2.3, GPU done; redrawn 24%, shade 0 still / 256 running
drawn  30 of  61  missed  1 (skipped 1)  commits   0  draw 2.6/8.0 swap 2.9/3.9 (present 2.7/3.7, fast 0) ms  redrawn 58.0/97.0%  no damage 0  budget 12.2  touches 0  touch->screen -  shade->screen 27.4/41.4 (from the loop 24.8/40.5) ms  errors 0
drawn  33 of  60  missed  0 (skipped 0)  commits   0  draw 2.6/3.7 swap 2.8/4.5 (present 2.6/4.2, fast 0) ms  redrawn 48.2/97.0%  no damage 0  budget 13.3  touches 0  touch->screen -  shade->screen 24.4/31.9 (from the loop 23.2/27.5) ms  errors 0
drawn  18 of  61  missed  0 (skipped 0)  commits   0  draw 2.4/3.6 swap 2.9/3.9 (present 2.8/3.6, fast 0) ms  redrawn 66.0/97.0%  no damage 1  budget 12.3  touches 0  touch->screen -  shade->screen - (from the loop -) ms  errors 0
drawn  36 of  60  missed  0 (skipped 0)  commits   0  draw 1.9/3.2 swap 2.2/3.5 (present 2.1/3.3, fast 0) ms  redrawn 42.4/97.0%  no damage 0  budget 10.8  touches 0  touch->screen -  shade->screen 21.2/28.1 (from the loop 20.8/24.9) ms  errors 0
drawn  42 of  60  missed  0 (skipped 0)  commits   0  draw 2.4/5.1 swap 2.6/4.4 (present 2.4/4.2, fast 0) ms  redrawn 20.6/36.1%  no damage 0  budget 11.7  touches 0  touch->screen -  shade->screen 22.0/22.8 (from the loop 21.5/22.7) ms  errors 0
drawn  27 of  60  missed  0 (skipped 0)  commits   0  draw 2.7/3.8 swap 2.9/4.1 (present 2.8/3.8, fast 0) ms  redrawn 43.0/48.5%  no damage 0  budget 12.0  touches 0  touch->screen -  shade->screen 25.2/32.7 (from the loop 24.0/26.7) ms  errors 0
drawn  28 of  61  missed  0 (skipped 0)  commits   0  draw 2.5/5.5 swap 2.8/4.4 (present 2.7/4.2, fast 0) ms  redrawn 68.1/97.0%  no damage 1  budget 11.5  touches 0  touch->screen -  shade->screen 24.7/31.9 (from the loop 23.4/28.4) ms  errors 0
drawn  26 of  60  missed  0 (skipped 0)  commits   0  draw 2.5/4.0 swap 2.7/4.0 (present 2.6/3.7, fast 0) ms  redrawn 39.5/48.5%  no damage 0  budget 12.3  touches 0  touch->screen -  shade->screen 23.7/24.1 (from the loop 22.8/23.7) ms  errors 0
drawn  27 of  60  missed  0 (skipped 0)  commits   0  draw 1.5/3.1 swap 1.9/2.8 (present 1.7/2.6, fast 0) ms  redrawn 66.8/97.0%  no damage 0  budget  9.4  touches 0  touch->screen -  shade->screen 22.7/30.0 (from the loop 22.2/27.0) ms  errors 0
drawn  60 of  60  missed  0 (skipped 0)  commits   0  draw 2.3/4.2 swap 2.4/4.3 (present 2.2/4.1, fast 0) ms  redrawn 24.8/97.0%  no damage 0  budget 11.3  touches 0  touch->screen -  shade->screen 20.8/22.5 (from the loop 20.5/22.4) ms  errors 0
drawn  18 of  61  missed  0 (skipped 0)  commits   0  draw 2.9/4.6 swap 3.0/4.4 (present 2.8/4.2, fast 0) ms  redrawn 41.9/48.5%  no damage 0  budget 13.4  touches 0  touch->screen -  shade->screen 20.0/20.0 (from the loop 19.8/19.9) ms  errors 0
drawn  30 of  60  missed  0 (skipped 0)  commits   0  draw 2.4/3.5 swap 2.9/3.5 (present 2.7/3.3, fast 0) ms  redrawn 57.4/97.0%  no damage 0  budget 12.2  touches 0  touch->screen -  shade->screen 25.9/28.9 (from the loop 23.2/26.3) ms  errors 0
drawn  34 of  60  missed  0 (skipped 0)  commits   0  draw 2.9/5.5 swap 3.0/4.3 (present 2.8/4.1, fast 0) ms  redrawn 48.1/97.0%  no damage 0  budget 14.4  touches 0  touch->screen -  shade->screen 21.7/28.2 (from the loop 21.2/25.7) ms  errors 0
drawn  16 of  60  missed  0 (skipped 0)  commits   0  draw 2.3/3.4 swap 3.1/4.0 (present 3.1/3.8, fast 0) ms  redrawn 68.7/97.0%  no damage 1  budget 12.8  touches 0  touch->screen -  shade->screen - (from the loop -) ms  errors 0
drawn  51 of  60  missed  0 (skipped 0)  commits   0  draw 2.1/3.6 swap 2.4/5.5 (present 2.2/5.2, fast 0) ms  redrawn 34.8/97.0%  no damage 0  budget 11.0  touches 0  touch->screen -  shade->screen 21.8/27.7 (from the loop 20.8/27.2) ms  errors 0
drawn  39 of  61  missed  0 (skipped 0)  commits   0  draw 2.4/4.4 swap 2.9/4.1 (present 2.7/3.8, fast 0) ms  redrawn 31.0/48.5%  no damage 0  budget 12.9  touches 0  touch->screen -  shade->screen 21.4/22.3 (from the loop 21.1/22.2) ms  errors 0
drawn  30 of  60  missed  0 (skipped 0)  commits   0  draw 2.5/4.6 swap 4.1/7.0 (present 3.9/6.8, fast 0) ms  redrawn 55.0/97.0%  no damage 0  budget 14.9  touches 0  touch->screen -  shade->screen 22.8/29.9 (from the loop 21.9/26.4) ms  errors 0
drawn  27 of  60  missed  0 (skipped 0)  commits   0  draw 2.2/3.6 swap 2.6/7.6 (present 2.5/7.3, fast 0) ms  redrawn 50.4/97.0%  no damage 0  budget 11.4  touches 0  touch->screen -  shade->screen 25.1/29.1 (from the loop 23.3/28.4) ms  errors 0
drawn  23 of  61  missed  0 (skipped 0)  commits   0  draw 2.9/4.7 swap 3.3/3.9 (present 3.1/3.6, fast 0) ms  redrawn 65.1/97.0%  no damage 0  budget 12.6  touches 0  touch->screen -  shade->screen - (from the loop -) ms  errors 0
drawn  29 of  60  missed  0 (skipped 0)  commits   0  draw 2.1/3.6 swap 2.1/3.4 (present 2.0/3.2, fast 0) ms  redrawn 50.1/97.0%  no damage 0  budget 10.8  touches 0  touch->screen -  shade->screen 21.6/27.7 (from the loop 20.7/25.2) ms  errors 0
drawn  47 of  60  missed  0 (skipped 0)  commits   0  draw 2.4/4.0 swap 2.4/6.1 (present 2.2/5.6, fast 0) ms  redrawn 18.6/26.8%  no damage 0  budget 11.2  touches 0  touch->screen -  shade->screen 24.4/27.0 (from the loop 22.4/23.8) ms  errors 0
drawn  22 of  61  missed  0 (skipped 0)  commits   0  draw 2.7/4.1 swap 3.0/3.9 (present 2.8/3.7, fast 0) ms  redrawn 45.1/48.5%  no damage 0  budget 12.3  touches 0  touch->screen -  shade->screen 24.1/25.6 (from the loop 23.4/25.1) ms  errors 0
drawn  27 of  60  missed  0 (skipped 0)  commits   0  draw 2.3/3.3 swap 2.8/3.6 (present 2.7/3.4, fast 0) ms  redrawn 63.3/97.0%  no damage 0  budget 11.5  touches 0  touch->screen -  shade->screen 25.4/26.1 (from the loop 23.7/24.5) ms  errors 0
drawn  30 of  60  missed  0 (skipped 0)  commits   0  draw 2.8/6.1 swap 2.9/5.3 (present 2.7/5.0, fast 0) ms  redrawn 41.1/97.0%  no damage 0  budget 13.5  touches 0  touch->screen -  shade->screen 23.8/24.8 (from the loop 22.1/24.4) ms  errors 0
drawn  23 of  60  missed  0 (skipped 0)  commits   0  draw 2.2/3.7 swap 2.8/3.7 (present 2.6/3.6, fast 0) ms  redrawn 71.5/97.0%  no damage 0  budget 10.8  touches 0  touch->screen -  shade->screen 24.5/28.6 (from the loop 23.1/27.1) ms  errors 0
drawn  60 of  61  missed  0 (skipped 0)  commits   0  draw 2.2/3.7 swap 2.4/4.1 (present 2.3/3.9, fast 0) ms  redrawn 26.8/97.0%  no damage 0  budget 11.3  touches 0  touch->screen -  shade->screen 22.6/27.2 (from the loop 21.4/23.8) ms  errors 0
missed: drawn 2.2 ms before the vsync, draw 2.2 swap 2.3, presented 2.2 ms late: 25.9 after the last present, validate 0.9, present 1.2, GPU busy; redrawn 24%, shade 448 held / 0 still
drawn  24 of  60  missed  1 (skipped 1)  commits   0  draw 2.8/4.3 swap 3.0/4.7 (present 2.8/4.4, fast 0) ms  redrawn 37.7/48.5%  no damage 0  budget 13.3  touches 0  touch->screen -  shade->screen 27.1/40.2 (from the loop 25.5/40.1) ms  errors 0
drawn  30 of  61  missed  0 (skipped 0)  commits   0  draw 2.6/4.5 swap 2.9/3.9 (present 2.7/3.6, fast 0) ms  redrawn 54.8/97.0%  no damage 0  budget 12.6  touches 0  touch->screen -  shade->screen 26.2/27.4 (from the loop 23.8/26.5) ms  errors 0
drawn   0 of  60  missed  0 (skipped 0)  commits   0  draw - swap - (present -, fast 0) ms  redrawn -%  no damage 0  budget 12.6  touches 0  touch->screen -  shade->screen - (from the loop -) ms  errors 0
drawn   0 of  60  missed  0 (skipped 0)  commits   0  draw - swap - (present -, fast 0) ms  redrawn -%  no damage 0  budget 12.6  touches 0  touch->screen -  shade->screen - (from the loop -) ms  errors 0
drawn   0 of  60  missed  0 (skipped 0)  commits   0  draw - swap - (present -, fast 0) ms  redrawn -%  no damage 0  budget 12.6  touches 0  touch->screen -  shade->screen - (from the loop -) ms  errors 0
