touch: item swipe (/dev/input/event10)
pacing: late in the frame, margin 4.0 ms
warm-up: 3 textures in 2.1 ms
missed: drawn -8134461.0 ms before the vsync, draw 10.8 swap 554.3, presented 8135026.1 ms late: 0.0 after the last present, validate 7.1, present 547.0, GPU busy; redrawn 100%, shade 0 still / 0 still
drawn  22 of  23  missed  1 (skipped 1)  commits   0  draw 2.2/10.8 swap 27.7/554.3 (present 27.6/554.2, fast 0) ms  redrawn 26.8/100.0%  no damage 0  budget 11.7  touches 0  touch->screen -  shade->screen 48.3/543.7 (from the loop 22.1/29.8) ms  errors 0
missed: drawn 10.3 ms before the vsync, draw 2.2 swap 10.1, presented 1.9 ms late: 25.4 after the last present, validate 3.6, present 6.3, GPU busy; redrawn 26%, shade 475 held / 0 still
drawn  44 of  60  missed  1 (skipped 1)  commits   3  draw 2.3/6.2 swap 2.9/10.1 (present 2.7/9.9, fast 0) ms  redrawn 29.8/48.5%  no damage 0  budget 16.9  touches 0  touch->screen -  shade->screen 22.9/37.6 (from the loop 22.4/37.3) ms  errors 0
missed: drawn 13.6 ms before the vsync, draw 3.3 swap 11.6, presented 1.2 ms late: 19.9 after the last present, validate 0.7, present 10.8, GPU busy; redrawn 97%, shade 581 held / 0 still
drawn  32 of  60  missed  1 (skipped 1)  commits   2  draw 2.8/4.5 swap 3.3/11.6 (present 3.1/11.5, fast 0) ms  redrawn 54.9/97.0%  no damage 0  budget 14.3  touches 0  touch->screen -  shade->screen 28.1/41.5 (from the loop 26.8/33.1) ms  errors 0
drawn  33 of  61  missed  0 (skipped 0)  commits   0  draw 2.4/4.3 swap 3.0/9.0 (present 2.9/8.8, fast 0) ms  redrawn 54.6/97.0%  no damage 0  budget 14.8  touches 0  touch->screen -  shade->screen 25.7/33.0 (from the loop 24.9/29.4) ms  errors 0
drawn  30 of  61  missed  0 (skipped 0)  commits   0  draw 3.2/4.2 swap 3.4/3.9 (present 3.1/3.6, fast 0) ms  redrawn 47.1/97.0%  no damage 0  budget 14.3  touches 0  touch->screen -  shade->screen - (from the loop -) ms  errors 0
drawn  35 of  60  missed  0 (skipped 0)  commits   0  draw 2.0/5.7 swap 2.3/4.1 (present 2.2/3.8, fast 0) ms  redrawn 50.6/97.0%  no damage 0  budget 11.9  touches 0  touch->screen -  shade->screen 24.3/30.0 (from the loop 22.8/26.8) ms  errors 0
missed: drawn 11.7 ms before the vsync, draw 6.9 swap 7.0, presented 2.0 ms late: 26.4 after the last present, validate 2.2, present 4.3, GPU done; redrawn 26%, shade 0 still / 475 held
drawn  44 of  60  missed  1 (skipped 1)  commits   0  draw 2.4/6.9 swap 2.5/7.0 (present 2.3/6.7, fast 0) ms  redrawn 19.0/26.8%  no damage 0  budget 16.6  touches 0  touch->screen -  shade->screen 26.9/43.1 (from the loop 24.3/40.9) ms  errors 0
drawn  31 of  61  missed  0 (skipped 0)  commits   0  draw 3.0/4.7 swap 3.1/6.3 (present 2.9/5.9, fast 0) ms  redrawn 40.9/48.5%  no damage 0  budget 13.7  touches 0  touch->screen -  shade->screen 28.5/28.7 (from the loop 25.6/28.2) ms  errors 0
drawn  32 of  60  missed  0 (skipped 0)  commits   0  draw 2.5/4.1 swap 2.9/3.9 (present 2.7/3.6, fast 0) ms  redrawn 66.7/97.0%  no damage 0  budget 11.6  touches 0  touch->screen -  shade->screen 27.0/28.8 (from the loop 24.8/26.6) ms  errors 0
drawn  32 of  61  missed  0 (skipped 0)  commits   0  draw 3.2/4.1 swap 3.4/4.3 (present 3.1/4.0, fast 0) ms  redrawn 38.0/97.0%  no damage 0  budget 15.4  touches 0  touch->screen -  shade->screen 27.0/28.0 (from the loop 23.9/25.7) ms  errors 0
drawn  31 of  60  missed  0 (skipped 0)  commits   0  draw 2.6/4.5 swap 3.0/3.9 (present 2.8/3.7, fast 0) ms  redrawn 56.4/97.0%  no damage 0  budget 11.4  touches 0  touch->screen -  shade->screen 24.5/24.8 (from the loop 24.1/24.7) ms  errors 0
missed: drawn 11.1 ms before the vsync, draw 6.6 swap 6.7, presented 2.1 ms late: 25.9 after the last present, validate 2.2, present 4.1, GPU busy; redrawn 13%, shade 239 held / 0 still
missed: drawn 12.2 ms before the vsync, draw 6.1 swap 6.8, presented 0.6 ms late: 25.7 after the last present, validate 2.6, present 3.8, GPU busy; redrawn 19%, shade 359 held / 0 still
drawn  59 of  61  missed  2 (skipped 2)  commits   0  draw 2.3/6.6 swap 2.9/10.3 (present 2.8/9.0, fast 0) ms  redrawn 26.5/97.0%  no damage 0  budget 16.8  touches 0  touch->screen -  shade->screen 27.7/41.9 (from the loop 25.2/40.3) ms  errors 0
drawn  27 of  60  missed  0 (skipped 0)  commits   0  draw 2.8/4.1 swap 4.0/5.4 (present 3.8/5.2, fast 0) ms  redrawn 36.4/48.5%  no damage 0  budget 16.5  touches 0  touch->screen -  shade->screen 31.4/31.7 (from the loop 25.9/26.5) ms  errors 0
drawn  36 of  61  missed  0 (skipped 0)  commits   0  draw 2.6/3.9 swap 5.9/8.5 (present 5.7/8.4, fast 0) ms  redrawn 53.1/97.0%  no damage 0  budget 19.4  touches 0  touch->screen -  shade->screen 29.7/30.5 (from the loop 24.9/27.3) ms  errors 0
drawn  38 of  60  missed  0 (skipped 0)  commits   0  draw 2.7/5.2 swap 2.8/4.0 (present 2.6/3.8, fast 0) ms  redrawn 47.1/97.0%  no damage 0  budget 15.7  touches 0  touch->screen -  shade->screen 26.4/27.3 (from the loop 25.4/27.0) ms  errors 0
drawn  23 of  60  missed  0 (skipped 0)  commits   0  draw 3.2/6.6 swap 3.4/6.8 (present 3.2/6.5, fast 0) ms  redrawn 56.8/97.0%  no damage 0  budget 15.8  touches 0  touch->screen -  shade->screen - (from the loop -) ms  errors 0
drawn  47 of  60  missed  0 (skipped 0)  commits   0  draw 2.2/7.0 swap 2.2/3.8 (present 2.1/3.6, fast 0) ms  redrawn 36.3/97.0%  no damage 0  budget 14.3  touches 0  touch->screen -  shade->screen 23.9/30.8 (from the loop 23.2/28.4) ms  errors 0
missed: drawn 11.3 ms before the vsync, draw 6.3 swap 6.7, presented 1.5 ms late: 25.8 after the last present, validate 2.5, present 3.7, GPU done; redrawn 36%, shade 0 still / 672 running
drawn  42 of  61  missed  1 (skipped 1)  commits   0  draw 2.5/6.6 swap 2.7/6.7 (present 2.5/6.4, fast 0) ms  redrawn 26.3/44.4%  no damage 0  budget 18.1  touches 0  touch->screen -  shade->screen 23.8/30.3 (from the loop 23.0/26.6) ms  errors 0
drawn  33 of  60  missed  0 (skipped 0)  commits   0  draw 2.7/3.8 swap 3.1/4.0 (present 2.9/3.8, fast 0) ms  redrawn 43.5/97.0%  no damage 0  budget 13.9  touches 0  touch->screen -  shade->screen 28.3/29.5 (from the loop 25.4/28.0) ms  errors 0
drawn  32 of  61  missed  0 (skipped 0)  commits   0  draw 2.2/3.6 swap 2.7/3.5 (present 2.5/3.4, fast 0) ms  redrawn 61.0/97.0%  no damage 0  budget 11.6  touches 0  touch->screen -  shade->screen 26.7/27.3 (from the loop 24.0/25.7) ms  errors 0
drawn  30 of  60  missed  0 (skipped 0)  commits   0  draw 3.2/4.4 swap 3.4/4.0 (present 3.2/3.8, fast 0) ms  redrawn 42.7/48.5%  no damage 0  budget 15.3  touches 0  touch->screen -  shade->screen - (from the loop -) ms  errors 0
drawn  33 of  60  missed  0 (skipped 0)  commits   0  draw 2.1/3.9 swap 2.5/3.9 (present 2.3/3.7, fast 0) ms  redrawn 61.3/97.0%  no damage 0  budget 11.7  touches 0  touch->screen -  shade->screen 23.5/31.0 (from the loop 23.1/29.1) ms  errors 0
drawn  50 of  61  missed  0 (skipped 0)  commits   0  draw 2.4/3.9 swap 2.6/4.1 (present 2.4/3.8, fast 0) ms  redrawn 18.2/26.8%  no damage 0  budget 13.7  touches 0  touch->screen -  shade->screen 23.1/23.8 (from the loop 22.7/23.7) ms  errors 0
drawn  26 of  60  missed  0 (skipped 0)  commits   0  draw 3.1/6.4 swap 3.7/6.7 (present 3.5/6.6, fast 0) ms  redrawn 40.7/48.5%  no damage 0  budget 16.4  touches 0  touch->screen -  shade->screen 25.9/26.1 (from the loop 23.0/25.8) ms  errors 0
drawn  32 of  60  missed  0 (skipped 0)  commits   0  draw 2.6/3.9 swap 6.4/8.1 (present 6.2/8.0, fast 0) ms  redrawn 55.3/97.0%  no damage 0  budget 17.8  touches 0  touch->screen -  shade->screen 25.7/26.9 (from the loop 23.6/24.4) ms  errors 0
drawn  36 of  61  missed  0 (skipped 0)  commits   0  draw 2.9/4.2 swap 3.0/3.9 (present 2.9/3.6, fast 0) ms  redrawn 45.8/97.0%  no damage 0  budget 14.8  touches 0  touch->screen -  shade->screen 25.7/26.3 (from the loop 24.9/25.8) ms  errors 0
drawn  28 of  60  missed  0 (skipped 0)  commits   0  draw 2.6/4.0 swap 2.9/3.8 (present 2.7/3.4, fast 0) ms  redrawn 63.9/97.0%  no damage 0  budget 11.6  touches 0  touch->screen -  shade->screen 23.0/23.2 (from the loop 22.7/22.9) ms  errors 0
drawn  60 of  60  missed  0 (skipped 0)  commits   0  draw 2.2/3.8 swap 2.4/4.6 (present 2.2/4.4, fast 0) ms  redrawn 26.0/97.0%  no damage 0  budget 11.3  touches 0  touch->screen -  shade->screen 24.0/24.7 (from the loop 23.4/24.6) ms  errors 0
drawn  32 of  60  missed  0 (skipped 0)  commits   0  draw 2.9/4.5 swap 3.2/5.8 (present 3.0/5.6, fast 0) ms  redrawn 34.6/48.5%  no damage 0  budget 15.2  touches 0  touch->screen -  shade->screen 24.2/24.6 (from the loop 23.0/24.0) ms  errors 0
drawn  35 of  61  missed  0 (skipped 0)  commits   0  draw 2.6/3.7 swap 3.0/3.9 (present 2.8/3.6, fast 0) ms  redrawn 53.7/97.0%  no damage 0  budget 13.1  touches 0  touch->screen -  shade->screen 28.4/29.5 (from the loop 24.9/27.3) ms  errors 0
drawn  38 of  60  missed  0 (skipped 0)  commits   0  draw 2.7/4.3 swap 2.8/3.8 (present 2.6/3.6, fast 0) ms  redrawn 48.9/97.0%  no damage 0  budget 15.3  touches 0  touch->screen -  shade->screen 27.1/27.7 (from the loop 24.1/27.2) ms  errors 0
drawn  22 of  60  missed  0 (skipped 0)  commits   0  draw 3.1/4.4 swap 3.3/3.8 (present 3.1/3.6, fast 0) ms  redrawn 54.2/97.0%  no damage 0  budget 14.1  touches 0  touch->screen -  shade->screen - (from the loop -) ms  errors 0
drawn  42 of  60  missed  0 (skipped 0)  commits   0  draw 2.1/4.1 swap 2.3/3.5 (present 2.2/3.3, fast 0) ms  redrawn 38.5/97.0%  no damage 0  budget 11.4  touches 0  touch->screen -  shade->screen 22.7/31.3 (from the loop 22.1/27.6) ms  errors 0
drawn  42 of  61  missed  0 (skipped 0)  commits   0  draw 2.4/4.2 swap 2.5/4.9 (present 2.3/4.4, fast 0) ms  redrawn 22.9/35.1%  no damage 0  budget 11.7  touches 0  touch->screen -  shade->screen 23.9/28.3 (from the loop 22.9/25.9) ms  errors 0
drawn  34 of  60  missed  0 (skipped 0)  commits   0  draw 2.9/4.7 swap 3.1/3.8 (present 2.9/3.6, fast 0) ms  redrawn 38.0/48.5%  no damage 0  budget 15.2  touches 0  touch->screen -  shade->screen 25.5/26.3 (from the loop 24.3/25.4) ms  errors 0
drawn  15 of  61  missed  0 (skipped 0)  commits   0  draw 2.5/3.5 swap 3.4/4.3 (present 3.2/4.1, fast 0) ms  redrawn 79.4/97.0%  no damage 0  budget 13.0  touches 0  touch->screen -  shade->screen - (from the loop -) ms  errors 0
drawn   0 of  60  missed  0 (skipped 0)  commits   0  draw - swap - (present -, fast 0) ms  redrawn -%  no damage 0  budget 13.0  touches 0  touch->screen -  shade->screen - (from the loop -) ms  errors 0
drawn   0 of  60  missed  0 (skipped 0)  commits   0  draw - swap - (present -, fast 0) ms  redrawn -%  no damage 0  budget 13.0  touches 0  touch->screen -  shade->screen - (from the loop -) ms  errors 0
drawn   0 of  60  missed  0 (skipped 0)  commits   0  draw - swap - (present -, fast 0) ms  redrawn -%  no damage 0  budget 13.0  touches 0  touch->screen -  shade->screen - (from the loop -) ms  errors 0
