touch: item swipe (/dev/input/event10)
pacing: late in the frame, margin 4.0 ms
warm-up: 3 textures in 1.5 ms
missed: drawn -7932637.2 ms before the vsync, draw 11.5 swap 563.7, presented 7933212.4 ms late: 0.0 after the last present, validate 16.5, present 547.0, GPU busy; redrawn 100%, shade 0 still / 0 still
missed: drawn 8.1 ms before the vsync, draw 4.4 swap 6.3, presented 2.4 ms late: 25.0 after the last present, validate 3.3, present 2.6, GPU done; redrawn 12%, shade 226 held / 0 still
drawn  21 of  23  missed  2 (skipped 2)  commits   0  draw 2.6/11.5 swap 29.5/563.7 (present 29.3/563.6, fast 0) ms  redrawn 23.2/100.0%  no damage 0  budget 10.1  touches 0  touch->screen -  shade->screen 36.0/311.4 (from the loop 20.8/39.0) ms  errors 0
missed: drawn 9.8 ms before the vsync, draw 8.9 swap 6.9, presented 6.0 ms late: 29.7 after the last present, validate 1.6, present 5.1, GPU done; redrawn 29%, shade 552 running / 0 still
drawn  42 of  60  missed  1 (skipped 1)  commits   3  draw 1.9/8.9 swap 2.2/6.9 (present 2.1/6.8, fast 0) ms  redrawn 22.8/48.5%  no damage 0  budget 10.1  touches 0  touch->screen -  shade->screen 20.4/21.7 (from the loop 20.2/21.6) ms  errors 0
missed: drawn 10.5 ms before the vsync, draw 6.4 swap 6.4, presented 2.1 ms late: 357.8 after the last present, validate 2.7, present 2.6, GPU busy; redrawn 97%, shade 900 still / 0 still
drawn  36 of  60  missed  1 (skipped 1)  commits   2  draw 2.9/7.5 swap 2.8/6.4 (present 2.6/5.5, fast 0) ms  redrawn 45.6/97.0%  no damage 0  budget 12.3  touches 0  touch->screen -  shade->screen 25.1/33.1 (from the loop 23.9/26.7) ms  errors 0
drawn  32 of  61  missed  0 (skipped 0)  commits   0  draw 2.8/5.5 swap 2.9/4.7 (present 2.7/4.5, fast 0) ms  redrawn 63.6/97.0%  no damage 0  budget 11.6  touches 0  touch->screen -  shade->screen 23.5/24.1 (from the loop 22.9/23.9) ms  errors 0
drawn  30 of  60  missed  0 (skipped 0)  commits   0  draw 3.4/6.1 swap 3.5/4.5 (present 3.3/4.3, fast 0) ms  redrawn 42.0/48.5%  no damage 0  budget 14.4  touches 0  touch->screen -  shade->screen 24.8/25.2 (from the loop 22.7/24.1) ms  errors 0
drawn  33 of  61  missed  0 (skipped 0)  commits   0  draw 2.6/4.0 swap 3.1/5.5 (present 2.9/5.3, fast 0) ms  redrawn 60.4/97.0%  no damage 0  budget 11.2  touches 0  touch->screen -  shade->screen 23.9/29.5 (from the loop 22.5/27.8) ms  errors 0
drawn  59 of  60  missed  0 (skipped 0)  commits   0  draw 2.3/4.6 swap 4.8/10.9 (present 4.6/10.6, fast 0) ms  redrawn 21.1/97.0%  no damage 0  budget 19.1  touches 0  touch->screen -  shade->screen 24.7/29.5 (from the loop 21.2/24.5) ms  errors 0
drawn  21 of  60  missed  0 (skipped 0)  commits   0  draw 3.0/4.1 swap 3.2/3.9 (present 3.0/3.7, fast 0) ms  redrawn 39.1/48.5%  no damage 0  budget 14.9  touches 0  touch->screen -  shade->screen - (from the loop -) ms  errors 0
drawn  36 of  61  missed  0 (skipped 0)  commits   0  draw 2.7/6.6 swap 8.4/11.8 (present 8.2/11.6, fast 0) ms  redrawn 53.1/97.0%  no damage 0  budget 23.4  touches 0  touch->screen -  shade->screen 27.3/29.8 (from the loop 22.2/27.3) ms  errors 0
drawn  37 of  60  missed  0 (skipped 0)  commits   0  draw 2.8/4.7 swap 2.9/3.9 (present 2.7/3.7, fast 0) ms  redrawn 47.2/97.0%  no damage 0  budget 13.8  touches 0  touch->screen -  shade->screen 26.9/28.6 (from the loop 26.0/28.3) ms  errors 0
drawn  23 of  60  missed  0 (skipped 0)  commits   0  draw 2.9/5.4 swap 3.3/3.7 (present 3.1/3.5, fast 0) ms  redrawn 56.7/97.0%  no damage 0  budget 13.4  touches 0  touch->screen -  shade->screen - (from the loop -) ms  errors 0
drawn  56 of  60  missed  0 (skipped 0)  commits   0  draw 2.1/4.1 swap 2.3/4.3 (present 2.1/4.0, fast 0) ms  redrawn 33.1/97.0%  no damage 0  budget 11.1  touches 0  touch->screen -  shade->screen 23.8/24.8 (from the loop 22.8/24.7) ms  errors 0
drawn  42 of  60  missed  0 (skipped 0)  commits   0  draw 2.7/4.6 swap 2.7/4.0 (present 2.6/3.7, fast 0) ms  redrawn 31.7/48.5%  no damage 0  budget 13.8  touches 0  touch->screen -  shade->screen 24.0/24.9 (from the loop 22.3/24.0) ms  errors 0
drawn  35 of  61  missed  0 (skipped 0)  commits   0  draw 2.6/4.3 swap 3.1/7.5 (present 2.9/7.3, fast 0) ms  redrawn 54.3/97.0%  no damage 0  budget 13.3  touches 0  touch->screen -  shade->screen 24.0/25.0 (from the loop 23.1/24.5) ms  errors 0
missed: drawn 11.0 ms before the vsync, draw 5.4 swap 6.2, presented 0.5 ms late: 23.8 after the last present, validate 2.7, present 3.0, GPU done; redrawn 30%, shade 0 still / 566 held
drawn  32 of  61  missed  1 (skipped 1)  commits   0  draw 2.4/5.4 swap 2.7/6.2 (present 2.6/5.9, fast 0) ms  redrawn 48.9/97.0%  no damage 0  budget 12.7  touches 0  touch->screen -  shade->screen 26.5/41.2 (from the loop 25.1/39.8) ms  errors 0
drawn  29 of  61  missed  0 (skipped 0)  commits   0  draw 3.0/4.1 swap 3.4/4.0 (present 3.2/3.8, fast 0) ms  redrawn 52.3/97.0%  no damage 0  budget 13.3  touches 0  touch->screen -  shade->screen - (from the loop -) ms  errors 0
drawn  35 of  60  missed  0 (skipped 0)  commits   0  draw 2.1/4.7 swap 2.4/6.0 (present 2.2/5.7, fast 0) ms  redrawn 43.3/97.0%  no damage 0  budget 11.1  touches 0  touch->screen -  shade->screen 21.9/28.8 (from the loop 21.3/26.1) ms  errors 0
drawn  43 of  60  missed  0 (skipped 0)  commits   0  draw 2.3/4.2 swap 2.4/4.0 (present 2.3/3.8, fast 0) ms  redrawn 20.0/28.0%  no damage 0  budget 11.5  touches 0  touch->screen -  shade->screen 23.9/25.6 (from the loop 22.5/24.0) ms  errors 0
drawn  33 of  60  missed  0 (skipped 0)  commits   0  draw 2.5/4.9 swap 2.9/5.4 (present 2.7/5.1, fast 0) ms  redrawn 40.4/48.5%  no damage 0  budget 11.6  touches 0  touch->screen -  shade->screen 24.1/24.6 (from the loop 23.4/24.5) ms  errors 0
missed: drawn 0.6 ms before the vsync, draw 2.7 swap 2.6, presented 4.7 ms late: 28.8 after the last present, validate 0.8, present 1.6, GPU busy; redrawn 27%, shade 0 still / 421 held
drawn  32 of  61  missed  1 (skipped 1)  commits   0  draw 2.7/4.3 swap 3.1/4.4 (present 2.9/4.2, fast 0) ms  redrawn 64.4/97.0%  no damage 0  budget 11.4  touches 0  touch->screen -  shade->screen 25.6/48.5 (from the loop 23.7/40.2) ms  errors 0
drawn  30 of  61  missed  0 (skipped 0)  commits   0  draw 3.1/4.2 swap 3.4/4.3 (present 3.2/4.1, fast 0) ms  redrawn 39.9/48.5%  no damage 0  budget 13.5  touches 0  touch->screen -  shade->screen 23.7/24.4 (from the loop 22.7/23.5) ms  errors 0
drawn  33 of  60  missed  0 (skipped 0)  commits   0  draw 2.5/4.3 swap 3.1/6.1 (present 2.9/6.0, fast 0) ms  redrawn 55.5/97.0%  no damage 0  budget 11.6  touches 0  touch->screen -  shade->screen 22.5/29.4 (from the loop 21.8/28.8) ms  errors 0
missed: drawn 10.5 ms before the vsync, draw 4.0 swap 6.9, presented 0.3 ms late: 23.3 after the last present, validate 2.6, present 4.0, GPU done; redrawn 22%, shade 415 held / 0 still
drawn  59 of  60  missed  1 (skipped 1)  commits   0  draw 2.3/5.9 swap 2.5/6.9 (present 2.3/6.7, fast 0) ms  redrawn 24.8/97.0%  no damage 0  budget 11.5  touches 0  touch->screen -  shade->screen 24.9/40.8 (from the loop 23.2/39.5) ms  errors 0
missed: drawn 12.0 ms before the vsync, draw 4.3 swap 9.8, presented 2.1 ms late: 23.4 after the last present, validate 1.2, present 8.4, GPU busy; redrawn 40%, shade 742 running / 0 still
drawn  22 of  61  missed  1 (skipped 1)  commits   0  draw 2.9/6.1 swap 3.4/9.8 (present 3.2/9.7, fast 0) ms  redrawn 37.9/48.5%  no damage 0  budget 13.5  touches 0  touch->screen -  shade->screen 23.0/23.1 (from the loop 22.8/23.0) ms  errors 0
drawn  35 of  61  missed  0 (skipped 0)  commits   0  draw 2.5/4.8 swap 3.1/4.7 (present 2.9/4.5, fast 0) ms  redrawn 51.3/97.0%  no damage 0  budget 12.6  touches 0  touch->screen -  shade->screen 25.2/29.3 (from the loop 22.9/26.1) ms  errors 0
drawn  37 of  60  missed  0 (skipped 0)  commits   0  draw 2.9/4.2 swap 3.0/3.8 (present 2.8/3.6, fast 0) ms  redrawn 47.5/97.0%  no damage 0  budget 14.2  touches 0  touch->screen -  shade->screen 22.5/28.5 (from the loop 21.5/27.6) ms  errors 0
drawn  22 of  60  missed  0 (skipped 0)  commits   0  draw 2.9/4.1 swap 3.2/4.0 (present 3.0/3.7, fast 0) ms  redrawn 54.7/97.0%  no damage 0  budget 13.4  touches 0  touch->screen -  shade->screen - (from the loop -) ms  errors 0
drawn  53 of  60  missed  0 (skipped 0)  commits   0  draw 2.2/5.5 swap 2.2/3.5 (present 2.1/3.3, fast 0) ms  redrawn 33.9/97.0%  no damage 0  budget 10.9  touches 0  touch->screen -  shade->screen 23.8/24.9 (from the loop 22.9/24.8) ms  errors 0
drawn  42 of  61  missed  0 (skipped 0)  commits   0  draw 2.7/3.9 swap 2.9/5.1 (present 2.7/4.9, fast 0) ms  redrawn 29.9/48.2%  no damage 0  budget 13.8  touches 0  touch->screen -  shade->screen 23.8/24.9 (from the loop 22.5/23.7) ms  errors 0
missed: drawn 2.5 ms before the vsync, draw 4.3 swap 4.0, presented 5.5 ms late: 29.0 after the last present, validate 1.5, present 2.0, GPU busy; redrawn 48%, shade 0 still / 900 running
drawn  34 of  61  missed  1 (skipped 1)  commits   0  draw 2.7/4.3 swap 3.0/4.0 (present 2.8/3.7, fast 0) ms  redrawn 46.9/97.0%  no damage 0  budget 12.7  touches 0  touch->screen -  shade->screen 24.2/32.0 (from the loop 23.4/26.7) ms  errors 0
drawn  33 of  61  missed  0 (skipped 0)  commits   0  draw 2.8/4.5 swap 3.2/7.3 (present 3.0/7.2, fast 0) ms  redrawn 53.5/97.0%  no damage 0  budget 14.3  touches 0  touch->screen -  shade->screen 22.6/23.4 (from the loop 22.0/23.1) ms  errors 0
drawn  29 of  61  missed  0 (skipped 0)  commits   0  draw 3.2/4.6 swap 3.4/4.1 (present 3.2/3.9, fast 0) ms  redrawn 51.2/97.0%  no damage 0  budget 13.9  touches 0  touch->screen -  shade->screen - (from the loop -) ms  errors 0
drawn  34 of  60  missed  0 (skipped 0)  commits   0  draw 2.1/4.6 swap 2.3/4.5 (present 2.2/4.3, fast 0) ms  redrawn 46.9/97.0%  no damage 0  budget 11.0  touches 0  touch->screen -  shade->screen 21.5/28.9 (from the loop 20.9/28.1) ms  errors 0
drawn  43 of  60  missed  0 (skipped 0)  commits   0  draw 2.4/5.0 swap 2.5/4.6 (present 2.3/4.4, fast 0) ms  redrawn 19.5/26.8%  no damage 0  budget 11.3  touches 0  touch->screen -  shade->screen 22.6/23.5 (from the loop 22.0/23.4) ms  errors 0
drawn  34 of  62  missed  0 (skipped 0)  commits   0  draw 2.8/5.0 swap 3.2/4.5 (present 3.0/4.3, fast 0) ms  redrawn 40.4/48.5%  no damage 0  budget 12.0  touches 0  touch->screen -  shade->screen 24.4/24.9 (from the loop 23.7/24.6) ms  errors 0
drawn  23 of  60  missed  0 (skipped 0)  commits   0  draw 2.9/5.8 swap 4.7/8.1 (present 4.5/7.9, fast 0) ms  redrawn 59.5/97.0%  no damage 0  budget 16.2  touches 0  touch->screen -  shade->screen 24.7/25.0 (from the loop 24.0/24.4) ms  errors 0
drawn   0 of  60  missed  0 (skipped 0)  commits   0  draw - swap - (present -, fast 0) ms  redrawn -%  no damage 0  budget 16.2  touches 0  touch->screen -  shade->screen - (from the loop -) ms  errors 0
drawn   0 of  60  missed  0 (skipped 0)  commits   0  draw - swap - (present -, fast 0) ms  redrawn -%  no damage 0  budget 16.2  touches 0  touch->screen -  shade->screen - (from the loop -) ms  errors 0
drawn   0 of  60  missed  0 (skipped 0)  commits   0  draw - swap - (present -, fast 0) ms  redrawn -%  no damage 0  budget 16.2  touches 0  touch->screen -  shade->screen - (from the loop -) ms  errors 0
