touch: item swipe (/dev/input/event10)
pacing: late in the frame, margin 4.0 ms
warm-up: 3 textures in 1.5 ms
missed: drawn -7680548.5 ms before the vsync, draw 6.7 swap 554.5, presented 7681109.7 ms late: 0.0 after the last present, validate 7.1, present 547.2, GPU busy; redrawn 100%, shade 0 still / 0 still
drawn   1 of  23  missed  1 (skipped 1)  commits   0  draw 6.7/6.7 swap 554.5/554.5 (present 554.4/554.4, fast 0) ms  redrawn 100.0/100.0%  no damage 0  budget  7.0  touches 0  touch->screen -  shade->screen - (from the loop -) ms  errors 0
drawn   2 of  60  missed  0 (skipped 0)  commits   3  draw 1.3/1.5 swap 4.3/4.6 (present 4.2/4.4, fast 0) ms  redrawn 100.0/100.0%  no damage 0  budget  8.0  touches 0  touch->screen -  shade->screen - (from the loop -) ms  errors 0
drawn   3 of  60  missed  0 (skipped 0)  commits   2  draw 4.1/4.2 swap 4.5/5.0 (present 4.3/4.8, fast 0) ms  redrawn 80.8/97.0%  no damage 0  budget 10.4  touches 1  touch->screen -  shade->screen - (from the loop -) ms  errors 0
drawn  34 of  60  missed  0 (skipped 0)  commits   0  draw 2.8/4.4 swap 2.7/4.3 (present 2.5/4.0, fast 0) ms  redrawn 48.7/97.0%  no damage 0  budget 13.3  touches 1  touch->screen -  shade->screen 26.9/27.4 (from the loop 22.4/24.4) ms  errors 0
drawn  16 of  61  missed  0 (skipped 0)  commits   0  draw 2.6/3.7 swap 3.2/4.0 (present 2.9/3.7, fast 0) ms  redrawn 72.0/97.0%  no damage 0  budget 12.9  touches 1  touch->screen -  shade->screen - (from the loop -) ms  errors 0
drawn  48 of  60  missed  0 (skipped 0)  commits   0  draw 2.1/3.5 swap 2.3/3.7 (present 2.2/3.5, fast 0) ms  redrawn 35.7/97.0%  no damage 0  budget 10.8  touches 1  touch->screen -  shade->screen 21.0/31.2 (from the loop 20.8/28.3) ms  errors 0
drawn  43 of  60  missed  0 (skipped 0)  commits   0  draw 2.6/5.3 swap 2.8/5.3 (present 2.6/4.9, fast 0) ms  redrawn 29.8/48.5%  no damage 0  budget 13.5  touches 1  touch->screen -  shade->screen 21.0/28.4 (from the loop 20.4/23.4) ms  errors 0
drawn  28 of  61  missed  0 (skipped 0)  commits   0  draw 2.5/6.4 swap 5.3/9.1 (present 5.1/8.9, fast 0) ms  redrawn 55.9/97.0%  no damage 0  budget 18.0  touches 1  touch->screen -  shade->screen 25.9/26.2 (from the loop 23.3/25.2) ms  errors 0
drawn  27 of  60  missed  0 (skipped 0)  commits   0  draw 2.4/4.1 swap 3.4/9.6 (present 3.2/9.5, fast 0) ms  redrawn 50.3/97.0%  no damage 0  budget 13.3  touches 1  touch->screen -  shade->screen 26.7/32.6 (from the loop 25.3/29.3) ms  errors 0
drawn  26 of  61  missed  0 (skipped 0)  commits   0  draw 2.9/3.8 swap 3.3/5.1 (present 3.1/4.9, fast 0) ms  redrawn 62.0/97.0%  no damage 0  budget 12.8  touches 1  touch->screen -  shade->screen - (from the loop -) ms  errors 0
drawn  28 of  60  missed  0 (skipped 0)  commits   0  draw 2.1/4.5 swap 2.2/3.7 (present 2.0/3.4, fast 0) ms  redrawn 51.4/97.0%  no damage 0  budget 11.1  touches 1  touch->screen -  shade->screen 24.1/24.7 (from the loop 22.8/24.2) ms  errors 0
drawn  48 of  61  missed  0 (skipped 0)  commits   0  draw 2.2/4.1 swap 2.4/4.7 (present 2.3/4.5, fast 0) ms  redrawn 18.4/26.8%  no damage 0  budget 11.4  touches 1  touch->screen -  shade->screen 23.9/24.4 (from the loop 22.6/23.7) ms  errors 0
drawn  22 of  60  missed  0 (skipped 0)  commits   0  draw 2.8/4.8 swap 3.0/3.9 (present 2.8/3.8, fast 0) ms  redrawn 44.7/48.5%  no damage 0  budget 12.6  touches 1  touch->screen -  shade->screen 27.2/28.8 (from the loop 24.1/26.7) ms  errors 0
drawn  27 of  60  missed  0 (skipped 0)  commits   0  draw 2.4/3.5 swap 2.9/6.5 (present 2.7/6.3, fast 0) ms  redrawn 64.2/97.0%  no damage 0  budget 11.7  touches 1  touch->screen -  shade->screen 26.5/29.1 (from the loop 23.5/27.4) ms  errors 0
missed: drawn 9.7 ms before the vsync, draw 4.8 swap 5.8, presented 0.7 ms late: 22.9 after the last present, validate 2.1, present 3.2, GPU busy; redrawn 43%, shade 0 still / 806 running
drawn  30 of  61  missed  1 (skipped 1)  commits   0  draw 2.3/4.8 swap 2.7/5.8 (present 2.5/5.5, fast 0) ms  redrawn 46.2/97.0%  no damage 0  budget 13.0  touches 1  touch->screen -  shade->screen 22.1/28.0 (from the loop 21.4/25.7) ms  errors 0
drawn  23 of  61  missed  0 (skipped 0)  commits   0  draw 2.1/3.3 swap 2.7/4.0 (present 2.6/3.8, fast 0) ms  redrawn 69.1/97.0%  no damage 1  budget 10.8  touches 1  touch->screen -  shade->screen 26.0/27.5 (from the loop 23.9/26.8) ms  errors 0
drawn  60 of  60  missed  0 (skipped 0)  commits   0  draw 2.3/5.0 swap 2.3/4.7 (present 2.2/4.5, fast 0) ms  redrawn 26.9/97.0%  no damage 0  budget 10.9  touches 1  touch->screen -  shade->screen 24.4/27.6 (from the loop 22.1/24.0) ms  errors 0
drawn  24 of  61  missed  0 (skipped 0)  commits   0  draw 2.6/4.1 swap 2.8/3.8 (present 2.6/3.5, fast 0) ms  redrawn 37.3/48.5%  no damage 0  budget 12.9  touches 1  touch->screen -  shade->screen 24.3/24.8 (from the loop 22.7/23.8) ms  errors 0
drawn  31 of  60  missed  0 (skipped 0)  commits   0  draw 2.3/4.2 swap 2.9/3.9 (present 2.8/3.6, fast 0) ms  redrawn 56.3/97.0%  no damage 0  budget 11.9  touches 1  touch->screen -  shade->screen 23.9/31.1 (from the loop 23.2/26.6) ms  errors 0
missed: drawn 10.5 ms before the vsync, draw 3.7 swap 7.0, presented 0.0 ms late: 23.8 after the last present, validate 2.3, present 4.2, GPU busy; redrawn 46%, shade 859 running / 0 still
drawn  33 of  60  missed  1 (skipped 1)  commits   0  draw 2.5/4.5 swap 2.8/7.0 (present 2.7/6.7, fast 0) ms  redrawn 47.2/97.0%  no damage 1  budget 12.9  touches 1  touch->screen -  shade->screen 22.3/30.0 (from the loop 21.9/28.0) ms  errors 0
drawn  16 of  61  missed  0 (skipped 0)  commits   0  draw 2.3/3.4 swap 3.0/3.4 (present 2.8/3.3, fast 0) ms  redrawn 72.4/97.0%  no damage 0  budget 12.1  touches 1  touch->screen -  shade->screen - (from the loop -) ms  errors 0
drawn  46 of  60  missed  0 (skipped 0)  commits   0  draw 2.1/4.1 swap 2.3/4.4 (present 2.2/4.3, fast 0) ms  redrawn 36.4/97.0%  no damage 0  budget 11.0  touches 1  touch->screen -  shade->screen 23.1/28.2 (from the loop 21.1/26.4) ms  errors 0
drawn  42 of  61  missed  0 (skipped 0)  commits   0  draw 2.3/3.9 swap 2.6/4.1 (present 2.4/3.8, fast 0) ms  redrawn 27.8/48.4%  no damage 0  budget 12.4  touches 1  touch->screen -  shade->screen 26.2/27.5 (from the loop 22.3/23.8) ms  errors 0
drawn  27 of  61  missed  0 (skipped 0)  commits   0  draw 2.5/3.5 swap 2.8/3.7 (present 2.6/3.5, fast 0) ms  redrawn 48.3/97.0%  no damage 0  budget 12.1  touches 1  touch->screen -  shade->screen 22.9/30.0 (from the loop 22.3/25.6) ms  errors 0
missed: drawn 3.0 ms before the vsync, draw 2.5 swap 3.9, presented 3.4 ms late: 26.0 after the last present, validate 1.7, present 2.0, GPU busy; redrawn 3%, shade 12 running / 0 still
drawn  28 of  60  missed  1 (skipped 1)  commits   0  draw 2.1/3.7 swap 2.7/4.3 (present 2.6/4.0, fast 0) ms  redrawn 54.7/97.0%  no damage 1  budget 11.4  touches 1  touch->screen -  shade->screen 22.1/29.6 (from the loop 21.6/28.0) ms  errors 0
missed: drawn 1.7 ms before the vsync, draw 2.1 swap 2.6, presented 3.0 ms late: 26.9 after the last present, validate 1.2, present 1.1, GPU busy; redrawn 42%, shade 0 still / 794 running
drawn  25 of  61  missed  1 (skipped 1)  commits   0  draw 2.9/4.5 swap 3.1/4.0 (present 2.9/3.8, fast 0) ms  redrawn 59.3/97.0%  no damage 0  budget 12.8  touches 1  touch->screen -  shade->screen - (from the loop -) ms  errors 0
drawn  27 of  61  missed  0 (skipped 0)  commits   0  draw 1.9/3.5 swap 2.3/3.7 (present 2.1/3.5, fast 0) ms  redrawn 59.6/97.0%  no damage 0  budget 10.5  touches 1  touch->screen -  shade->screen 21.7/27.9 (from the loop 21.0/27.3) ms  errors 0
drawn  51 of  60  missed  0 (skipped 0)  commits   0  draw 2.3/4.2 swap 2.5/3.6 (present 2.3/3.5, fast 0) ms  redrawn 17.9/26.8%  no damage 0  budget 11.2  touches 1  touch->screen -  shade->screen 24.4/27.9 (from the loop 21.8/24.3) ms  errors 0
drawn  19 of  61  missed  0 (skipped 0)  commits   0  draw 2.7/4.3 swap 2.9/3.8 (present 2.7/3.6, fast 0) ms  redrawn 44.6/48.5%  no damage 0  budget 12.6  touches 1  touch->screen -  shade->screen 25.5/28.2 (from the loop 23.9/27.0) ms  errors 0
missed: drawn 1.5 ms before the vsync, draw 3.3 swap 3.2, presented 4.9 ms late: 577.9 after the last present, validate 1.2, present 1.6, GPU busy; redrawn 97%, shade 32 held / 0 still
drawn  28 of  61  missed  1 (skipped 0)  commits   0  draw 2.5/3.9 swap 3.0/3.8 (present 2.8/3.6, fast 0) ms  redrawn 59.6/97.0%  no damage 0  budget 12.4  touches 1  touch->screen -  shade->screen 23.6/29.0 (from the loop 21.2/24.6) ms  errors 0
drawn  32 of  60  missed  0 (skipped 1)  commits   0  draw 2.4/3.6 swap 2.8/4.6 (present 2.6/4.4, fast 0) ms  redrawn 47.4/97.0%  no damage 0  budget 13.0  touches 1  touch->screen -  shade->screen 25.2/27.9 (from the loop 22.5/25.4) ms  errors 0
drawn  20 of  61  missed  0 (skipped 0)  commits   0  draw 2.2/3.6 swap 3.0/4.2 (present 2.8/4.0, fast 0) ms  redrawn 77.0/97.0%  no damage 0  budget 11.6  touches 1  touch->screen -  shade->screen 27.2/32.4 (from the loop 25.8/28.7) ms  errors 0
drawn  60 of  60  missed  0 (skipped 0)  commits   0  draw 2.2/3.9 swap 2.3/4.9 (present 2.2/4.4, fast 0) ms  redrawn 27.5/97.0%  no damage 0  budget 10.8  touches 1  touch->screen -  shade->screen 24.2/24.9 (from the loop 22.8/24.6) ms  errors 0
missed: drawn 5.2 ms before the vsync, draw 3.6 swap 3.7, presented 2.0 ms late: 25.8 after the last present, validate 1.6, present 1.7, GPU busy; redrawn 23%, shade 432 held / 0 still
drawn  26 of  60  missed  1 (skipped 1)  commits   0  draw 2.8/4.4 swap 2.8/3.9 (present 2.6/3.7, fast 0) ms  redrawn 36.1/48.5%  no damage 0  budget 12.9  touches 1  touch->screen -  shade->screen 26.7/41.1 (from the loop 24.6/40.3) ms  errors 0
drawn  31 of  61  missed  0 (skipped 0)  commits   0  draw 2.2/3.5 swap 2.8/4.1 (present 2.6/4.0, fast 0) ms  redrawn 56.5/97.0%  no damage 0  budget 12.1  touches 1  touch->screen -  shade->screen 24.3/28.2 (from the loop 22.4/27.3) ms  errors 0
drawn   0 of  60  missed  0 (skipped 0)  commits   0  draw - swap - (present -, fast 0) ms  redrawn -%  no damage 0  budget 12.1  touches 1  touch->screen -  shade->screen - (from the loop -) ms  errors 0
drawn   0 of  60  missed  0 (skipped 0)  commits   0  draw - swap - (present -, fast 0) ms  redrawn -%  no damage 0  budget 12.1  touches 1  touch->screen -  shade->screen - (from the loop -) ms  errors 0
drawn   0 of  60  missed  0 (skipped 0)  commits   0  draw - swap - (present -, fast 0) ms  redrawn -%  no damage 0  budget 12.1  touches 1  touch->screen -  shade->screen - (from the loop -) ms  errors 0
drawn   0 of  60  missed  0 (skipped 0)  commits   0  draw - swap - (present -, fast 0) ms  redrawn -%  no damage 0  budget 12.1  touches 1  touch->screen -  shade->screen - (from the loop -) ms  errors 0
