touch: item swipe (/dev/input/event10)
pacing: late in the frame, margin 4.0 ms
warm-up: 3 textures in 1.6 ms
missed: drawn -7808300.0 ms before the vsync, draw 13.0 swap 556.0, presented 7808868.9 ms late: 0.0 after the last present, validate 8.7, present 547.0, GPU busy; redrawn 100%, shade 0 still / 0 still
missed: drawn 6.9 ms before the vsync, draw 3.8 swap 3.8, presented 0.6 ms late: 39.3 after the last present, validate 1.0, present 2.6, GPU busy; redrawn 100%, shade 153 held / 0 still
missed: drawn 7.7 ms before the vsync, draw 4.4 swap 3.8, presented 0.3 ms late: 20.9 after the last present, validate 2.1, present 1.3, GPU busy; redrawn 10%, shade 179 held / 0 still
missed: drawn 9.5 ms before the vsync, draw 2.1 swap 7.8, presented 0.4 ms late: 21.9 after the last present, validate 0.8, present 6.8, GPU busy; redrawn 13%, shade 249 held / 0 still
drawn  17 of  21  missed  4 (skipped 4)  commits   0  draw 3.0/13.0 swap 35.6/556.0 (present 35.4/555.8, fast 0) ms  redrawn 27.5/100.0%  no damage 0  budget  9.9  touches 0  touch->screen -  shade->screen 48.5/401.2 (from the loop 25.2/49.5) ms  errors 0
missed: drawn 7.3 ms before the vsync, draw 4.6 swap 4.0, presented 1.2 ms late: 91.9 after the last present, validate 1.4, present 2.3, GPU busy; redrawn 27%, shade 498 held / 0 still
drawn  45 of  60  missed  1 (skipped 1)  commits   2  draw 1.9/4.6 swap 2.2/4.4 (present 2.1/4.3, fast 0) ms  redrawn 22.8/34.6%  no damage 0  budget  9.4  touches 0  touch->screen -  shade->screen 21.1/26.6 (from the loop 20.3/24.2) ms  errors 0
missed: drawn 12.7 ms before the vsync, draw 2.6 swap 11.4, presented 1.3 ms late: 20.6 after the last present, validate 0.6, present 10.6, GPU busy; redrawn 97%, shade 776 held / 0 still
drawn  33 of  61  missed  1 (skipped 1)  commits   3  draw 3.2/6.0 swap 3.3/11.4 (present 3.1/11.3, fast 0) ms  redrawn 46.6/97.0%  no damage 0  budget 13.1  touches 0  touch->screen -  shade->screen 28.4/43.8 (from the loop 24.7/35.3) ms  errors 0
drawn  32 of  61  missed  0 (skipped 0)  commits   0  draw 2.6/4.0 swap 2.8/4.3 (present 2.7/4.1, fast 0) ms  redrawn 64.4/97.0%  no damage 0  budget 11.5  touches 0  touch->screen -  shade->screen 25.8/26.2 (from the loop 23.9/25.6) ms  errors 0
missed: drawn 6.3 ms before the vsync, draw 3.8 swap 3.8, presented 1.2 ms late: 24.6 after the last present, validate 1.5, present 1.9, GPU busy; redrawn 30%, shade 0 still / 566 held
drawn  29 of  60  missed  1 (skipped 1)  commits   0  draw 2.9/4.4 swap 3.1/4.7 (present 2.9/4.5, fast 0) ms  redrawn 44.2/48.5%  no damage 0  budget 13.1  touches 0  touch->screen -  shade->screen 38.1/42.4 (from the loop 35.8/39.8) ms  errors 0
drawn  33 of  60  missed  0 (skipped 0)  commits   0  draw 2.4/4.2 swap 2.8/4.2 (present 2.6/3.9, fast 0) ms  redrawn 57.0/97.0%  no damage 0  budget 11.1  touches 0  touch->screen -  shade->screen 23.6/30.8 (from the loop 23.0/30.1) ms  errors 0
drawn  56 of  61  missed  0 (skipped 0)  commits   0  draw 2.3/6.6 swap 8.1/12.3 (present 7.9/12.0, fast 0) ms  redrawn 21.8/97.0%  no damage 0  budget 22.5  touches 0  touch->screen -  shade->screen 27.4/30.7 (from the loop 20.8/22.9) ms  errors 0
drawn  21 of  60  missed  0 (skipped 0)  commits   0  draw 3.1/4.2 swap 3.3/3.8 (present 3.0/3.6, fast 0) ms  redrawn 39.7/48.5%  no damage 0  budget 15.1  touches 0  touch->screen -  shade->screen - (from the loop -) ms  errors 0
drawn  35 of  61  missed  0 (skipped 0)  commits   0  draw 2.5/3.7 swap 2.9/4.3 (present 2.7/4.0, fast 0) ms  redrawn 53.6/97.0%  no damage 0  budget 12.6  touches 0  touch->screen -  shade->screen 25.5/29.5 (from the loop 23.5/27.0) ms  errors 0
drawn  38 of  60  missed  0 (skipped 0)  commits   0  draw 3.0/4.4 swap 3.1/4.9 (present 2.9/4.4, fast 0) ms  redrawn 49.2/97.0%  no damage 0  budget 14.4  touches 0  touch->screen -  shade->screen 23.7/28.3 (from the loop 22.0/25.8) ms  errors 0
drawn  22 of  60  missed  0 (skipped 0)  commits   0  draw 2.9/4.3 swap 3.3/4.4 (present 3.1/4.1, fast 0) ms  redrawn 54.0/97.0%  no damage 0  budget 13.2  touches 0  touch->screen -  shade->screen - (from the loop -) ms  errors 0
missed: drawn 10.7 ms before the vsync, draw 6.6 swap 6.9, presented 2.7 ms late: 26.2 after the last present, validate 2.6, present 4.0, GPU done; redrawn 16%, shade 302 held / 0 still
drawn  57 of  60  missed  1 (skipped 1)  commits   0  draw 2.3/6.6 swap 2.4/6.9 (present 2.2/6.7, fast 0) ms  redrawn 33.1/97.0%  no damage 0  budget 11.1  touches 0  touch->screen -  shade->screen 25.6/40.3 (from the loop 23.3/40.0) ms  errors 0
missed: drawn 10.7 ms before the vsync, draw 6.1 swap 6.9, presented 2.0 ms late: 25.3 after the last present, validate 2.5, present 3.9, GPU done; redrawn 23%, shade 422 held / 0 still
drawn  39 of  60  missed  1 (skipped 1)  commits   0  draw 2.5/6.1 swap 2.8/6.9 (present 2.6/6.5, fast 0) ms  redrawn 32.6/48.5%  no damage 0  budget 11.6  touches 0  touch->screen -  shade->screen 25.4/40.9 (from the loop 24.0/39.8) ms  errors 0
missed: drawn 5.5 ms before the vsync, draw 3.1 swap 3.5, presented 1.1 ms late: 459.2 after the last present, validate 1.6, present 1.6, GPU busy; redrawn 48%, shade 900 held / 0 still
drawn  35 of  61  missed  1 (skipped 1)  commits   0  draw 2.5/4.4 swap 3.0/5.3 (present 2.8/5.0, fast 0) ms  redrawn 53.3/97.0%  no damage 0  budget 12.2  touches 0  touch->screen -  shade->screen 23.5/38.2 (from the loop 22.6/31.5) ms  errors 0
drawn  33 of  60  missed  0 (skipped 0)  commits   0  draw 2.9/4.2 swap 3.0/3.9 (present 2.8/3.7, fast 0) ms  redrawn 47.0/97.0%  no damage 0  budget 13.9  touches 0  touch->screen -  shade->screen 22.9/29.6 (from the loop 22.3/26.7) ms  errors 0
drawn  26 of  61  missed  0 (skipped 0)  commits   0  draw 3.1/4.3 swap 3.3/4.0 (present 3.1/3.8, fast 0) ms  redrawn 52.9/97.0%  no damage 0  budget 13.4  touches 0  touch->screen -  shade->screen - (from the loop -) ms  errors 0
drawn  35 of  60  missed  0 (skipped 0)  commits   0  draw 2.0/6.1 swap 2.8/8.1 (present 2.6/7.7, fast 0) ms  redrawn 43.6/97.0%  no damage 0  budget 13.1  touches 0  touch->screen -  shade->screen 22.8/28.9 (from the loop 21.2/27.1) ms  errors 0
drawn  43 of  60  missed  0 (skipped 0)  commits   0  draw 2.3/3.8 swap 8.7/10.3 (present 8.5/10.2, fast 0) ms  redrawn 20.2/28.3%  no damage 0  budget 19.9  touches 0  touch->screen -  shade->screen 28.3/30.1 (from the loop 20.9/22.0) ms  errors 0
drawn  33 of  60  missed  0 (skipped 0)  commits   0  draw 2.7/4.2 swap 3.0/5.0 (present 2.8/4.8, fast 0) ms  redrawn 40.5/48.5%  no damage 0  budget 11.9  touches 0  touch->screen -  shade->screen 25.1/30.2 (from the loop 23.7/26.9) ms  errors 0
drawn  32 of  61  missed  0 (skipped 0)  commits   0  draw 2.3/3.7 swap 2.8/3.6 (present 2.7/3.3, fast 0) ms  redrawn 64.0/97.0%  no damage 0  budget 11.2  touches 0  touch->screen -  shade->screen 21.8/22.6 (from the loop 21.5/22.4) ms  errors 0
drawn  31 of  60  missed  0 (skipped 0)  commits   0  draw 2.7/6.0 swap 2.8/3.9 (present 2.7/3.7, fast 0) ms  redrawn 39.4/48.5%  no damage 0  budget 13.1  touches 0  touch->screen -  shade->screen 22.3/23.0 (from the loop 21.8/22.9) ms  errors 0
drawn  33 of  60  missed  0 (skipped 0)  commits   0  draw 2.4/3.9 swap 2.8/4.0 (present 2.6/3.6, fast 0) ms  redrawn 56.1/97.0%  no damage 0  budget 10.4  touches 0  touch->screen -  shade->screen 24.7/27.5 (from the loop 23.2/26.6) ms  errors 0
missed: drawn 10.5 ms before the vsync, draw 6.8 swap 6.7, presented 2.8 ms late: 26.5 after the last present, validate 2.4, present 3.8, GPU done; redrawn 16%, shade 302 held / 0 still
missed: drawn 10.6 ms before the vsync, draw 6.0 swap 7.4, presented 2.6 ms late: 26.4 after the last present, validate 2.2, present 4.4, GPU busy; redrawn 23%, shade 418 held / 0 still
drawn  58 of  61  missed  2 (skipped 2)  commits   0  draw 2.3/6.8 swap 2.6/7.4 (present 2.4/7.1, fast 0) ms  redrawn 24.9/97.0%  no damage 0  budget 11.2  touches 0  touch->screen -  shade->screen 23.4/42.7 (from the loop 22.0/40.3) ms  errors 0
drawn  24 of  60  missed  0 (skipped 0)  commits   0  draw 2.9/3.8 swap 3.0/3.7 (present 2.8/3.5, fast 0) ms  redrawn 38.0/48.5%  no damage 0  budget 13.7  touches 0  touch->screen -  shade->screen 22.3/22.5 (from the loop 20.6/21.6) ms  errors 0
drawn  35 of  60  missed  0 (skipped 0)  commits   0  draw 2.7/4.0 swap 3.1/4.8 (present 2.9/4.5, fast 0) ms  redrawn 53.7/97.0%  no damage 0  budget 12.8  touches 0  touch->screen -  shade->screen 27.4/29.0 (from the loop 23.9/25.6) ms  errors 0
drawn  38 of  60  missed  0 (skipped 0)  commits   0  draw 3.0/5.5 swap 3.1/4.2 (present 2.9/3.9, fast 0) ms  redrawn 49.2/97.0%  no damage 0  budget 14.4  touches 0  touch->screen -  shade->screen 25.5/28.7 (from the loop 22.8/26.1) ms  errors 0
drawn  22 of  61  missed  0 (skipped 0)  commits   0  draw 2.9/4.0 swap 3.9/7.0 (present 3.7/6.9, fast 0) ms  redrawn 54.0/97.0%  no damage 0  budget 15.1  touches 0  touch->screen -  shade->screen - (from the loop -) ms  errors 0
missed: drawn 10.7 ms before the vsync, draw 5.6 swap 5.3, presented 0.0 ms late: 21.8 after the last present, validate 1.7, present 3.2, GPU done; redrawn 16%, shade 0 still / 302 held
drawn  51 of  60  missed  1 (skipped 1)  commits   0  draw 2.2/5.6 swap 2.3/5.3 (present 2.2/5.0, fast 0) ms  redrawn 34.7/97.0%  no damage 0  budget 11.0  touches 0  touch->screen -  shade->screen 26.7/43.4 (from the loop 23.6/38.1) ms  errors 0
drawn  42 of  60  missed  0 (skipped 0)  commits   0  draw 2.5/4.3 swap 2.7/4.0 (present 2.5/3.8, fast 0) ms  redrawn 29.2/47.7%  no damage 0  budget 13.4  touches 0  touch->screen -  shade->screen 24.2/24.9 (from the loop 22.8/24.0) ms  errors 0
drawn  34 of  61  missed  0 (skipped 0)  commits   0  draw 2.7/5.2 swap 3.0/5.5 (present 2.9/5.2, fast 0) ms  redrawn 45.8/97.0%  no damage 0  budget 13.0  touches 0  touch->screen -  shade->screen 26.5/29.1 (from the loop 23.7/25.5) ms  errors 0
drawn  31 of  60  missed  0 (skipped 0)  commits   0  draw 2.2/3.4 swap 2.6/3.7 (present 2.4/3.5, fast 0) ms  redrawn 53.8/97.0%  no damage 0  budget 11.5  touches 0  touch->screen -  shade->screen 23.6/28.2 (from the loop 21.1/25.0) ms  errors 0
drawn  30 of  61  missed  0 (skipped 0)  commits   0  draw 3.2/4.8 swap 3.4/4.6 (present 3.1/4.4, fast 0) ms  redrawn 49.4/97.0%  no damage 0  budget 13.8  touches 0  touch->screen -  shade->screen - (from the loop -) ms  errors 0
drawn  33 of  60  missed  0 (skipped 0)  commits   0  draw 2.0/5.7 swap 2.3/3.6 (present 2.2/3.4, fast 0) ms  redrawn 50.4/97.0%  no damage 0  budget 10.9  touches 0  touch->screen -  shade->screen 25.2/26.0 (from the loop 23.3/25.1) ms  errors 0
missed: drawn 11.8 ms before the vsync, draw 1.9 swap 11.4, presented 1.4 ms late: 18.1 after the last present, validate 1.1, present 10.1, GPU busy; redrawn 26%, shade 491 held / 0 still
drawn  45 of  61  missed  1 (skipped 1)  commits   0  draw 2.4/7.4 swap 2.6/11.4 (present 2.5/11.3, fast 0) ms  redrawn 19.0/26.8%  no damage 0  budget 11.8  touches 0  touch->screen -  shade->screen 25.4/39.9 (from the loop 23.2/32.8) ms  errors 0
drawn  30 of  60  missed  0 (skipped 0)  commits   0  draw 2.8/4.7 swap 3.0/3.9 (present 2.8/3.7, fast 0) ms  redrawn 41.0/48.5%  no damage 0  budget 12.3  touches 0  touch->screen -  shade->screen 25.0/31.8 (from the loop 24.3/27.0) ms  errors 0
drawn  26 of  61  missed  0 (skipped 0)  commits   0  draw 2.8/4.2 swap 3.1/3.9 (present 2.9/3.8, fast 0) ms  redrawn 53.3/97.0%  no damage 0  budget 12.8  touches 0  touch->screen -  shade->screen 24.2/24.6 (from the loop 23.4/24.1) ms  errors 0
drawn   0 of  60  missed  0 (skipped 0)  commits   0  draw - swap - (present -, fast 0) ms  redrawn -%  no damage 0  budget 12.8  touches 0  touch->screen -  shade->screen - (from the loop -) ms  errors 0
drawn   0 of  60  missed  0 (skipped 0)  commits   0  draw - swap - (present -, fast 0) ms  redrawn -%  no damage 0  budget 12.8  touches 0  touch->screen -  shade->screen - (from the loop -) ms  errors 0
drawn   0 of  60  missed  0 (skipped 0)  commits   0  draw - swap - (present -, fast 0) ms  redrawn -%  no damage 0  budget 12.8  touches 0  touch->screen -  shade->screen - (from the loop -) ms  errors 0
