Created symlink '/run/systemd/system/phosh.service' → '/dev/null'.
[15:21:44.052] composer up: 1
hotplug: display 0 connected primary
2026-09-30T12:21:44.206338Z  WARN smithay::backend::egl::ffi: [EGL] 0x3000 (SUCCESS) eglDebugMessageControlKHR: eglDebugMessageControlKHR is not supported by vendor library. Error reporting may not work correctly.
2026-09-30T12:21:44.234483Z  WARN smithay::backend::egl::display: Dmabuf import extension not available
EGL bound to the Wayland display: GL clients' buffers can import
listening on "wayland-1"
spawned: dbus-run-session -- env GDK_DEBUG=no-portals GSK_RENDERER=cairo gnome-calculator
spawned: sleep 4; dbus-run-session -- env GDK_DEBUG=no-portals EGL_PLATFORM=wayland gnome-calculator
dbus-daemon[40562]: [session uid=0 pid=40562 pidfd=5] Activating service name='org.gtk.vfs.Daemon' requested by ':1.0' (uid=0 pid=40564 comm="gnome-calculator" label="kernel")
dbus-daemon[40562]: [session uid=0 pid=40562 pidfd=5] Successfully activated service 'org.gtk.vfs.Daemon'
dbus-daemon[40562]: [session uid=0 pid=40562 pidfd=5] Activating service name='org.freedesktop.portal.Desktop' requested by ':1.0' (uid=0 pid=40564 comm="gnome-calculator" label="kernel")
dbus-daemon[40562]: [session uid=0 pid=40562 pidfd=5] Activating service name='org.freedesktop.impl.portal.PermissionStore' requested by ':1.3' (uid=0 pid=40592 comm="/usr/libexec/xdg-desktop-portal" label="kernel")
dbus-daemon[40562]: [session uid=0 pid=40562 pidfd=5] Successfully activated service 'org.freedesktop.impl.portal.PermissionStore'
dbus-daemon[40562]: [session uid=0 pid=40562 pidfd=5] Activating service name='org.freedesktop.portal.Documents' requested by ':1.3' (uid=0 pid=40592 comm="/usr/libexec/xdg-desktop-portal" label="kernel")
dbus-daemon[40562]: [session uid=0 pid=40562 pidfd=5] Successfully activated service 'org.freedesktop.portal.Documents'

(/usr/libexec/xdg-desktop-portal:40592): xdg-desktop-portal-WARNING **: 15:21:45.334: Choosing gtk.portal for org.freedesktop.impl.portal.Lockdown as a last-resort fallback
dbus-daemon[40562]: [session uid=0 pid=40562 pidfd=5] Activating service name='org.freedesktop.impl.portal.desktop.gtk' requested by ':1.3' (uid=0 pid=40592 comm="/usr/libexec/xdg-desktop-portal" label="kernel")
  1.0 s:  27 fps  mean 16.19 ms  max  33.13 ms  over 20 ms  1  windows 0  errors 0
dbus-daemon[40562]: [session uid=0 pid=40562 pidfd=5] Activating service name='org.a11y.Bus' requested by ':1.7' (uid=0 pid=40614 comm="/usr/libexec/xdg-desktop-portal-gtk" label="kernel")
dbus-daemon[40562]: [session uid=0 pid=40562 pidfd=5] Successfully activated service 'org.a11y.Bus'
dbus-daemon[40630]: Activating service name='org.a11y.atspi.Registry' requested by ':1.1' (uid=0 pid=40614 comm="/usr/libexec/xdg-desktop-portal-gtk" label="kernel")
dbus-daemon[40630]: Successfully activated service 'org.a11y.atspi.Registry'
SpiRegistry daemon is running with well-known name - org.a11y.atspi.Registry
dbus-daemon[40562]: [session uid=0 pid=40562 pidfd=5] Successfully activated service 'org.freedesktop.impl.portal.desktop.gtk'

(/usr/libexec/xdg-desktop-portal:40592): xdg-desktop-portal-WARNING **: 15:21:45.697: Choosing gtk.portal for org.freedesktop.impl.portal.Access as a last-resort fallback

(/usr/libexec/xdg-desktop-portal:40592): xdg-desktop-portal-WARNING **: 15:21:45.777: Failed to load RealtimeKit property: GDBus.Error:org.freedesktop.DBus.Error.ServiceUnknown: The name org.freedesktop.RealtimeKit1 was not provided by any .service files

(/usr/libexec/xdg-desktop-portal:40592): xdg-desktop-portal-WARNING **: 15:21:45.779: Failed to load RealtimeKit property: GDBus.Error:org.freedesktop.DBus.Error.ServiceUnknown: The name org.freedesktop.RealtimeKit1 was not provided by any .service files

(/usr/libexec/xdg-desktop-portal:40592): xdg-desktop-portal-WARNING **: 15:21:45.781: Failed to load RealtimeKit property: GDBus.Error:org.freedesktop.DBus.Error.ServiceUnknown: The name org.freedesktop.RealtimeKit1 was not provided by any .service files

(/usr/libexec/xdg-desktop-portal:40592): xdg-desktop-portal-WARNING **: 15:21:45.781: Choosing gtk.portal for org.freedesktop.impl.portal.Settings as a last-resort fallback

(/usr/libexec/xdg-desktop-portal:40592): xdg-desktop-portal-WARNING **: 15:21:45.786: Choosing gtk.portal for org.freedesktop.impl.portal.FileChooser as a last-resort fallback

(/usr/libexec/xdg-desktop-portal:40592): xdg-desktop-portal-WARNING **: 15:21:45.791: Choosing gtk.portal for org.freedesktop.impl.portal.AppChooser as a last-resort fallback

(/usr/libexec/xdg-desktop-portal:40592): xdg-desktop-portal-WARNING **: 15:21:45.795: Choosing gtk.portal for org.freedesktop.impl.portal.Print as a last-resort fallback

(/usr/libexec/xdg-desktop-portal:40592): xdg-desktop-portal-WARNING **: 15:21:45.801: Choosing gtk.portal for org.freedesktop.impl.portal.Notification as a last-resort fallback

(/usr/libexec/xdg-desktop-portal:40592): xdg-desktop-portal-WARNING **: 15:21:45.806: Choosing gtk.portal for org.freedesktop.impl.portal.Inhibit as a last-resort fallback
[W][15:21:45.816200] pw.conf      | [          conf.c: 1187 try_load_conf()] can't load config client.conf: No such file or directory
[E][15:21:45.816642] pw.conf      | [          conf.c: 1220 pw_conf_load_conf_for_context()] can't load config client.conf: No such file or directory

(/usr/libexec/xdg-desktop-portal:40592): xdg-desktop-portal-WARNING **: 15:21:45.816: Failed to connect to PipeWire: Couldn't create PipeWire context

(/usr/libexec/xdg-desktop-portal:40592): xdg-desktop-portal-WARNING **: 15:21:45.817: Choosing gtk.portal for org.freedesktop.impl.portal.Account as a last-resort fallback

(/usr/libexec/xdg-desktop-portal:40592): xdg-desktop-portal-WARNING **: 15:21:45.824: Choosing gtk.portal for org.freedesktop.impl.portal.Email as a last-resort fallback

(/usr/libexec/xdg-desktop-portal:40592): xdg-desktop-portal-WARNING **: 15:21:45.828: Choosing gtk.portal for org.freedesktop.impl.portal.DynamicLauncher as a last-resort fallback
dbus-daemon[40562]: [session uid=0 pid=40562 pidfd=5] Successfully activated service 'org.freedesktop.portal.Desktop'
window mapped on the left panel
surface 5: buffer Some(Shm)
  2.0 s:  60 fps  mean 16.67 ms  max  21.93 ms  over 20 ms  2  windows 1  errors 0
  3.0 s:  60 fps  mean 16.66 ms  max  18.89 ms  over 20 ms  0  windows 1  errors 0
  4.0 s:  60 fps  mean 16.67 ms  max  17.54 ms  over 20 ms  0  windows 1  errors 0
dbus-daemon[40662]: [session uid=0 pid=40662 pidfd=5] Activating service name='org.gtk.vfs.Daemon' requested by ':1.0' (uid=0 pid=40663 comm="gnome-calculator" label="kernel")
dbus-daemon[40662]: [session uid=0 pid=40662 pidfd=5] Successfully activated service 'org.gtk.vfs.Daemon'
dbus-daemon[40662]: [session uid=0 pid=40662 pidfd=5] Activating service name='org.freedesktop.portal.Desktop' requested by ':1.0' (uid=0 pid=40663 comm="gnome-calculator" label="kernel")
dbus-daemon[40662]: [session uid=0 pid=40662 pidfd=5] Activating service name='org.freedesktop.impl.portal.PermissionStore' requested by ':1.3' (uid=0 pid=40685 comm="/usr/libexec/xdg-desktop-portal" label="kernel")
dbus-daemon[40662]: [session uid=0 pid=40662 pidfd=5] Successfully activated service 'org.freedesktop.impl.portal.PermissionStore'
dbus-daemon[40662]: [session uid=0 pid=40662 pidfd=5] Activating service name='org.freedesktop.portal.Documents' requested by ':1.3' (uid=0 pid=40685 comm="/usr/libexec/xdg-desktop-portal" label="kernel")
dbus-daemon[40662]: [session uid=0 pid=40662 pidfd=5] Successfully activated service 'org.freedesktop.portal.Documents'

(/usr/libexec/xdg-desktop-portal:40685): xdg-desktop-portal-WARNING **: 15:21:49.024: Choosing gtk.portal for org.freedesktop.impl.portal.Lockdown as a last-resort fallback
dbus-daemon[40662]: [session uid=0 pid=40662 pidfd=5] Activating service name='org.freedesktop.impl.portal.desktop.gtk' requested by ':1.3' (uid=0 pid=40685 comm="/usr/libexec/xdg-desktop-portal" label="kernel")
dbus-daemon[40662]: [session uid=0 pid=40662 pidfd=5] Activating service name='org.a11y.Bus' requested by ':1.7' (uid=0 pid=40709 comm="/usr/libexec/xdg-desktop-portal-gtk" label="kernel")
dbus-daemon[40662]: [session uid=0 pid=40662 pidfd=5] Successfully activated service 'org.a11y.Bus'
dbus-daemon[40722]: Activating service name='org.a11y.atspi.Registry' requested by ':1.1' (uid=0 pid=40709 comm="/usr/libexec/xdg-desktop-portal-gtk" label="kernel")
dbus-daemon[40722]: Successfully activated service 'org.a11y.atspi.Registry'
SpiRegistry daemon is running with well-known name - org.a11y.atspi.Registry
dbus-daemon[40662]: [session uid=0 pid=40662 pidfd=5] Successfully activated service 'org.freedesktop.impl.portal.desktop.gtk'

(/usr/libexec/xdg-desktop-portal:40685): xdg-desktop-portal-WARNING **: 15:21:49.371: Choosing gtk.portal for org.freedesktop.impl.portal.Access as a last-resort fallback
  5.0 s:  60 fps  mean 16.67 ms  max  19.14 ms  over 20 ms  0  windows 1  errors 0

(/usr/libexec/xdg-desktop-portal:40685): xdg-desktop-portal-WARNING **: 15:21:49.455: Failed to load RealtimeKit property: GDBus.Error:org.freedesktop.DBus.Error.ServiceUnknown: The name org.freedesktop.RealtimeKit1 was not provided by any .service files

(/usr/libexec/xdg-desktop-portal:40685): xdg-desktop-portal-WARNING **: 15:21:49.457: Failed to load RealtimeKit property: GDBus.Error:org.freedesktop.DBus.Error.ServiceUnknown: The name org.freedesktop.RealtimeKit1 was not provided by any .service files

(/usr/libexec/xdg-desktop-portal:40685): xdg-desktop-portal-WARNING **: 15:21:49.458: Failed to load RealtimeKit property: GDBus.Error:org.freedesktop.DBus.Error.ServiceUnknown: The name org.freedesktop.RealtimeKit1 was not provided by any .service files

(/usr/libexec/xdg-desktop-portal:40685): xdg-desktop-portal-WARNING **: 15:21:49.459: Choosing gtk.portal for org.freedesktop.impl.portal.Settings as a last-resort fallback

(/usr/libexec/xdg-desktop-portal:40685): xdg-desktop-portal-WARNING **: 15:21:49.463: Choosing gtk.portal for org.freedesktop.impl.portal.FileChooser as a last-resort fallback

(/usr/libexec/xdg-desktop-portal:40685): xdg-desktop-portal-WARNING **: 15:21:49.467: Choosing gtk.portal for org.freedesktop.impl.portal.AppChooser as a last-resort fallback

(/usr/libexec/xdg-desktop-portal:40685): xdg-desktop-portal-WARNING **: 15:21:49.472: Choosing gtk.portal for org.freedesktop.impl.portal.Print as a last-resort fallback

(/usr/libexec/xdg-desktop-portal:40685): xdg-desktop-portal-WARNING **: 15:21:49.475: Choosing gtk.portal for org.freedesktop.impl.portal.Notification as a last-resort fallback

(/usr/libexec/xdg-desktop-portal:40685): xdg-desktop-portal-WARNING **: 15:21:49.479: Choosing gtk.portal for org.freedesktop.impl.portal.Inhibit as a last-resort fallback
[W][15:21:49.487118] pw.conf      | [          conf.c: 1187 try_load_conf()] can't load config client.conf: No such file or directory
[E][15:21:49.487677] pw.conf      | [          conf.c: 1220 pw_conf_load_conf_for_context()] can't load config client.conf: No such file or directory

(/usr/libexec/xdg-desktop-portal:40685): xdg-desktop-portal-WARNING **: 15:21:49.487: Failed to connect to PipeWire: Couldn't create PipeWire context

(/usr/libexec/xdg-desktop-portal:40685): xdg-desktop-portal-WARNING **: 15:21:49.488: Choosing gtk.portal for org.freedesktop.impl.portal.Account as a last-resort fallback

(/usr/libexec/xdg-desktop-portal:40685): xdg-desktop-portal-WARNING **: 15:21:49.494: Choosing gtk.portal for org.freedesktop.impl.portal.Email as a last-resort fallback

(/usr/libexec/xdg-desktop-portal:40685): xdg-desktop-portal-WARNING **: 15:21:49.501: Choosing gtk.portal for org.freedesktop.impl.portal.DynamicLauncher as a last-resort fallback
dbus-daemon[40662]: [session uid=0 pid=40662 pidfd=5] Successfully activated service 'org.freedesktop.portal.Desktop'
window mapped on the right panel
  6.0 s:  59 fps  mean 16.68 ms  max  18.83 ms  over 20 ms  0  windows 2  errors 0
surface 5: buffer Some(Egl)
  7.0 s:  60 fps  mean 16.70 ms  max  19.99 ms  over 20 ms  0  windows 2  errors 0
  8.0 s:  60 fps  mean 16.69 ms  max  17.47 ms  over 20 ms  0  windows 2  errors 0
  9.0 s:  60 fps  mean 16.68 ms  max  18.76 ms  over 20 ms  0  windows 2  errors 0
 10.0 s:  60 fps  mean 16.69 ms  max  18.57 ms  over 20 ms  0  windows 2  errors 0
 11.0 s:  60 fps  mean 16.70 ms  max  17.67 ms  over 20 ms  0  windows 2  errors 0
 12.0 s:  60 fps  mean 16.69 ms  max  17.69 ms  over 20 ms  0  windows 2  errors 0
 13.0 s:  60 fps  mean 16.69 ms  max  17.63 ms  over 20 ms  0  windows 2  errors 0
 14.0 s:  60 fps  mean 16.70 ms  max  17.39 ms  over 20 ms  0  windows 2  errors 0
 15.0 s:  60 fps  mean 16.71 ms  max  18.85 ms  over 20 ms  0  windows 2  errors 0
 16.0 s:  60 fps  mean 16.67 ms  max  18.19 ms  over 20 ms  0  windows 2  errors 0
 17.0 s:  59 fps  mean 16.70 ms  max  17.41 ms  over 20 ms  0  windows 2  errors 0
 18.0 s:  60 fps  mean 16.69 ms  max  17.50 ms  over 20 ms  0  windows 2  errors 0
 19.0 s:  60 fps  mean 16.69 ms  max  17.77 ms  over 20 ms  0  windows 2  errors 0
 20.0 s:  60 fps  mean 16.68 ms  max  17.47 ms  over 20 ms  0  windows 2  errors 0
 21.0 s:  60 fps  mean 16.68 ms  max  17.75 ms  over 20 ms  0  windows 2  errors 0
 22.0 s:  60 fps  mean 16.69 ms  max  17.47 ms  over 20 ms  0  windows 2  errors 0
 23.0 s:  60 fps  mean 16.70 ms  max  17.55 ms  over 20 ms  0  windows 2  errors 0
 24.0 s:  60 fps  mean 16.69 ms  max  17.48 ms  over 20 ms  0  windows 2  errors 0
 25.0 s:  60 fps  mean 16.69 ms  max  18.62 ms  over 20 ms  0  windows 2  errors 0
 26.0 s:  60 fps  mean 16.70 ms  max  17.37 ms  over 20 ms  0  windows 2  errors 0
 27.0 s:  59 fps  mean 16.72 ms  max  18.34 ms  over 20 ms  0  windows 2  errors 0
 28.0 s:  60 fps  mean 16.68 ms  max  21.14 ms  over 20 ms  1  windows 2  errors 0
 29.0 s:  60 fps  mean 16.67 ms  max  19.94 ms  over 20 ms  0  windows 2  errors 0
 30.0 s:  60 fps  mean 16.69 ms  max  18.04 ms  over 20 ms  0  windows 2  errors 0
done
Gdk-Message: 15:22:14.420: Lost connection to Wayland compositor.
Gdk-Message: 15:22:14.420: Error reading events from display: Broken pipe
Gdk-Message: 15:22:14.422: Lost connection to Wayland compositor.
Gdk-Message: 15:22:14.422: Error reading events from display: Broken pipe
[15:22:14.477] exit 0
[15:22:14.481] rollback
A connection to the bus can't be made
A connection to the bus can't be made
[15:22:28.209] phosh active
