hotplug: display 0 connected primary
2026-09-30T13:39:49.059941Z  INFO item_compositor::output: hwcomposer display 0: 2784x1800, vsync 16.667 ms
2026-09-30T13:39:49.124745Z  WARN smithay::backend::egl::ffi: [EGL] 0x3000 (SUCCESS) eglDebugMessageControlKHR: eglDebugMessageControlKHR is not supported by vendor library. Error reporting may not work correctly.
2026-09-30T13:39:49.156289Z  WARN smithay::backend::egl::display: Dmabuf import extension not available
2026-09-30T13:39:49.341682Z  INFO item_compositor::output: EGL bound to the Wayland display
2026-09-30T13:39:49.344559Z  INFO item_compositor::input: touch: sfduo touchscreen (/dev/input/event6)
2026-09-30T13:39:49.348122Z  INFO item_compositor: listening on "wayland-item"
2026-09-30T13:39:49.349689Z  INFO item_compositor: spawned: gnome-calculator
2026-09-30T13:39:49.350796Z  INFO item_compositor: spawned: gnome-clocks
2026-09-30T13:39:49.350802Z  INFO item_compositor: pacing: late in the frame, margin 4.0 ms
2026-09-30T13:39:50.344710Z  INFO item_compositor: drawn   1 of  25  missed  1  commits   0  draw 6.7/6.7 swap 569.3/569.3 (present 569.2/569.2, fast 0) ms  redrawn 100.0/100.0%  no damage 0  budget  7.0  touches 0  touch->screen -  shade->screen - (from the loop -) ms  errors 0

(gnome-calculator:145031): Gdk-WARNING **: 16:39:50.495: Failed to read portal settings: GDBus.Error:org.freedesktop.DBus.Error.AccessDenied: Portal operation not allowed: Unable to open /proc/145031/root

(org.gnome.clocks:145032): Gdk-WARNING **: 16:39:50.496: Failed to read portal settings: GDBus.Error:org.freedesktop.DBus.Error.AccessDenied: Portal operation not allowed: Unable to open /proc/145032/root

** (org.gnome.clocks:145032): WARNING **: 16:39:50.740: utils.vala:147: Failed to get clock format from portal, fallback to GSettings.

(gnome-calculator:145031): Gtk-WARNING **: 16:39:51.024: Creating a portal monitor failed: GDBus.Error:org.freedesktop.DBus.Error.AccessDenied: Portal operation not allowed: Unable to open /proc/145031/root
2026-09-30T13:39:51.025062Z  INFO item_compositor::state: window mapped on the left panel, 1.7 s after start

(org.gnome.clocks:145032): Gtk-WARNING **: 16:39:51.025: Creating a portal monitor failed: GDBus.Error:org.freedesktop.DBus.Error.AccessDenied: Portal operation not allowed: Unable to open /proc/145032/root
2026-09-30T13:39:51.034900Z  INFO item_compositor::state: window mapped on the right panel, 1.7 s after start
2026-09-30T13:39:51.316087Z  INFO item_compositor::state: surface ObjectId(wl_surface@16): buffer Some(Egl)
2026-09-30T13:39:51.345005Z  INFO item_compositor: drawn   3 of  60  missed  2  commits   3  draw 2.4/3.9 swap 5.3/5.4 (present 5.1/5.2, fast 0) ms  redrawn 82.8/100.0%  no damage 0  budget  9.3  touches 0  touch->screen -  shade->screen - (from the loop -) ms  errors 0
2026-09-30T13:39:52.345605Z  INFO item_compositor: drawn   2 of  60  missed  1  commits   2  draw 4.8/5.4 swap 5.1/5.4 (present 4.9/5.1, fast 0) ms  redrawn 97.0/97.0%  no damage 0  budget 11.2  touches 0  touch->screen -  shade->screen - (from the loop -) ms  errors 0
2026-09-30T13:39:53.345917Z  INFO item_compositor: drawn   0 of  60  missed  0  commits   0  draw - swap - (present -, fast 0) ms  redrawn -%  no damage 0  budget 11.2  touches 0  touch->screen -  shade->screen - (from the loop -) ms  errors 0
2026-09-30T13:39:54.346182Z  INFO item_compositor: drawn  41 of  60  missed  0  commits   0  draw 2.2/4.0 swap 2.5/3.9 (present 2.4/3.7, fast 0) ms  redrawn 49.3/97.0%  no damage 0  budget 11.4  touches 0  touch->screen -  shade->screen 22.1/27.2 (from the loop 21.0/24.8) ms  errors 0
2026-09-30T13:39:55.366459Z  INFO item_compositor: drawn  61 of  62  missed 40  commits   0  draw 2.6/7.6 swap 9.8/15.9 (present 9.6/15.6, fast 0) ms  redrawn 18.5/25.5%  no damage 0  budget 28.2  touches 0  touch->screen -  shade->screen 36.0/47.5 (from the loop 28.2/39.9) ms  errors 0
2026-09-30T13:39:56.366759Z  INFO item_compositor: drawn  60 of  60  missed 48  commits   0  draw 1.9/5.3 swap 11.1/17.5 (present 13.8/17.2, fast 0) ms  redrawn 30.5/48.5%  no damage 12  budget 11.1  touches 0  touch->screen -  shade->screen 43.2/48.2 (from the loop 31.1/32.2) ms  errors 0
2026-09-30T13:39:57.367077Z  INFO item_compositor: drawn   4 of  60  missed  0  commits   0  draw 0.4/0.5 swap 0.0/0.0 (present -, fast 0) ms  redrawn 0.0/0.0%  no damage 4  budget  8.9  touches 0  touch->screen -  shade->screen - (from the loop -) ms  errors 0
2026-09-30T13:39:58.399777Z  INFO item_compositor: drawn  48 of  62  missed 46  commits   0  draw 2.3/5.2 swap 13.0/17.2 (present 13.1/17.0, fast 0) ms  redrawn 37.8/48.5%  no damage 1  budget 28.2  touches 0  touch->screen -  shade->screen 42.0/47.4 (from the loop 31.0/35.4) ms  errors 0
2026-09-30T13:39:59.417580Z  INFO item_compositor: drawn  61 of  61  missed 61  commits   0  draw 2.3/3.8 swap 14.1/15.5 (present 13.9/15.4, fast 0) ms  redrawn 30.3/97.0%  no damage 0  budget 28.5  touches 0  touch->screen -  shade->screen 41.7/47.4 (from the loop 30.2/31.1) ms  errors 0
2026-09-30T13:40:00.417992Z  INFO item_compositor: drawn  22 of  60  missed 20  commits   0  draw 1.7/2.8 swap 13.2/16.6 (present 14.4/16.4, fast 0) ms  redrawn 36.2/97.0%  no damage 2  budget 24.1  touches 0  touch->screen -  shade->screen 41.2/44.8 (from the loop 29.6/30.2) ms  errors 0
2026-09-30T13:40:01.418298Z  INFO item_compositor: drawn  20 of  60  missed  0  commits   0  draw 2.0/3.2 swap 2.6/5.2 (present 2.5/4.9, fast 0) ms  redrawn 59.1/97.0%  no damage 1  budget 12.5  touches 0  touch->screen -  shade->screen 25.8/30.8 (from the loop 25.1/30.7) ms  errors 0
2026-09-30T13:40:02.438068Z  INFO item_compositor: drawn  61 of  61  missed 52  commits   0  draw 2.6/8.7 swap 12.2/17.6 (present 12.0/17.5, fast 0) ms  redrawn 34.7/97.0%  no damage 0  budget 28.5  touches 0  touch->screen -  shade->screen 35.8/44.2 (from the loop 26.2/41.7) ms  errors 0
2026-09-30T13:40:03.455893Z  INFO item_compositor: drawn  44 of  61  missed 21  commits   0  draw 2.2/4.9 swap 7.9/20.0 (present 9.3/19.8, fast 0) ms  redrawn 33.4/48.5%  no damage 7  budget 25.9  touches 0  touch->screen -  shade->screen 31.5/43.2 (from the loop 25.4/36.5) ms  errors 0
2026-09-30T13:40:04.456429Z  INFO item_compositor: drawn  50 of  60  missed 37  commits   0  draw 1.8/7.9 swap 10.3/15.6 (present 13.8/15.5, fast 0) ms  redrawn 28.3/97.0%  no damage 13  budget 10.5  touches 0  touch->screen -  shade->screen 36.6/40.8 (from the loop 24.5/25.2) ms  errors 0
2026-09-30T13:40:05.456800Z  INFO item_compositor: drawn  26 of  60  missed  0  commits   0  draw 3.1/4.2 swap 3.9/6.3 (present 3.8/6.1, fast 0) ms  redrawn 49.2/97.0%  no damage 1  budget 14.1  touches 0  touch->screen -  shade->screen 22.8/29.4 (from the loop 21.3/29.3) ms  errors 0
2026-09-30T13:40:06.459692Z  INFO item_compositor: drawn  20 of  60  missed  0  commits   0  draw 2.4/3.8 swap 3.1/3.9 (present 3.1/3.7, fast 0) ms  redrawn 67.9/97.0%  no damage 1  budget 12.1  touches 0  touch->screen -  shade->screen 26.2/29.0 (from the loop 25.2/27.6) ms  errors 0
2026-09-30T13:40:07.460041Z  INFO item_compositor: drawn  38 of  60  missed  0  commits   0  draw 2.6/4.4 swap 3.3/4.8 (present 3.1/4.4, fast 0) ms  redrawn 58.5/97.0%  no damage 0  budget 12.9  touches 0  touch->screen -  shade->screen 24.2/28.1 (from the loop 22.8/24.6) ms  errors 0
2026-09-30T13:40:08.460475Z  INFO item_compositor: drawn   0 of  60  missed  0  commits   0  draw - swap - (present -, fast 0) ms  redrawn -%  no damage 0  budget 12.9  touches 0  touch->screen -  shade->screen - (from the loop -) ms  errors 0
2026-09-30T13:40:09.460743Z  INFO item_compositor: drawn   0 of  60  missed  0  commits   0  draw - swap - (present -, fast 0) ms  redrawn -%  no damage 0  budget 12.9  touches 0  touch->screen -  shade->screen - (from the loop -) ms  errors 0
2026-09-30T13:40:10.461053Z  INFO item_compositor: drawn   0 of  60  missed  0  commits   0  draw - swap - (present -, fast 0) ms  redrawn -%  no damage 0  budget 12.9  touches 0  touch->screen -  shade->screen - (from the loop -) ms  errors 0
2026-09-30T13:40:11.461325Z  INFO item_compositor: drawn   0 of  60  missed  0  commits   0  draw - swap - (present -, fast 0) ms  redrawn -%  no damage 0  budget 12.9  touches 0  touch->screen -  shade->screen - (from the loop -) ms  errors 0
2026-09-30T13:40:12.461650Z  INFO item_compositor: drawn   0 of  60  missed  0  commits   0  draw - swap - (present -, fast 0) ms  redrawn -%  no damage 0  budget 12.9  touches 0  touch->screen -  shade->screen - (from the loop -) ms  errors 0
2026-09-30T13:40:13.461918Z  INFO item_compositor: drawn   0 of  60  missed  0  commits   0  draw - swap - (present -, fast 0) ms  redrawn -%  no damage 0  budget 12.9  touches 0  touch->screen -  shade->screen - (from the loop -) ms  errors 0
2026-09-30T13:40:14.462170Z  INFO item_compositor: drawn   0 of  60  missed  0  commits   0  draw - swap - (present -, fast 0) ms  redrawn -%  no damage 0  budget 12.9  touches 0  touch->screen -  shade->screen - (from the loop -) ms  errors 0
2026-09-30T13:40:15.462424Z  INFO item_compositor: drawn   0 of  60  missed  0  commits   0  draw - swap - (present -, fast 0) ms  redrawn -%  no damage 0  budget 12.9  touches 0  touch->screen -  shade->screen - (from the loop -) ms  errors 0
2026-09-30T13:40:16.462771Z  INFO item_compositor: drawn   0 of  60  missed  0  commits   0  draw - swap - (present -, fast 0) ms  redrawn -%  no damage 0  budget 12.9  touches 0  touch->screen -  shade->screen - (from the loop -) ms  errors 0
2026-09-30T13:40:17.463539Z  INFO item_compositor: drawn   0 of  60  missed  0  commits   0  draw - swap - (present -, fast 0) ms  redrawn -%  no damage 0  budget 12.9  touches 0  touch->screen -  shade->screen - (from the loop -) ms  errors 0
2026-09-30T13:40:18.464282Z  INFO item_compositor: drawn   0 of  60  missed  0  commits   0  draw - swap - (present -, fast 0) ms  redrawn -%  no damage 0  budget 12.9  touches 0  touch->screen -  shade->screen - (from the loop -) ms  errors 0
2026-09-30T13:40:19.464674Z  INFO item_compositor: drawn   0 of  60  missed  0  commits   0  draw - swap - (present -, fast 0) ms  redrawn -%  no damage 0  budget 12.9  touches 0  touch->screen -  shade->screen - (from the loop -) ms  errors 0
2026-09-30T13:40:20.465014Z  INFO item_compositor: drawn   0 of  61  missed  0  commits   0  draw - swap - (present -, fast 0) ms  redrawn -%  no damage 0  budget 12.9  touches 0  touch->screen -  shade->screen - (from the loop -) ms  errors 0
2026-09-30T13:40:21.465411Z  INFO item_compositor: drawn   0 of  60  missed  0  commits   0  draw - swap - (present -, fast 0) ms  redrawn -%  no damage 0  budget 12.9  touches 0  touch->screen -  shade->screen - (from the loop -) ms  errors 0
2026-09-30T13:40:22.465721Z  INFO item_compositor: drawn   0 of  60  missed  0  commits   0  draw - swap - (present -, fast 0) ms  redrawn -%  no damage 0  budget 12.9  touches 0  touch->screen -  shade->screen - (from the loop -) ms  errors 0
2026-09-30T13:40:23.466078Z  INFO item_compositor: drawn   0 of  60  missed  0  commits   0  draw - swap - (present -, fast 0) ms  redrawn -%  no damage 0  budget 12.9  touches 0  touch->screen -  shade->screen - (from the loop -) ms  errors 0
2026-09-30T13:40:24.466444Z  INFO item_compositor: drawn   0 of  60  missed  0  commits   0  draw - swap - (present -, fast 0) ms  redrawn -%  no damage 0  budget 12.9  touches 0  touch->screen -  shade->screen - (from the loop -) ms  errors 0
2026-09-30T13:40:25.466774Z  INFO item_compositor: drawn   0 of  60  missed  0  commits   0  draw - swap - (present -, fast 0) ms  redrawn -%  no damage 0  budget 12.9  touches 0  touch->screen -  shade->screen - (from the loop -) ms  errors 0
2026-09-30T13:40:26.467138Z  INFO item_compositor: drawn   0 of  60  missed  0  commits   0  draw - swap - (present -, fast 0) ms  redrawn -%  no damage 0  budget 12.9  touches 0  touch->screen -  shade->screen - (from the loop -) ms  errors 0
2026-09-30T13:40:27.467440Z  INFO item_compositor: drawn   0 of  60  missed  0  commits   0  draw - swap - (present -, fast 0) ms  redrawn -%  no damage 0  budget 12.9  touches 0  touch->screen -  shade->screen - (from the loop -) ms  errors 0
2026-09-30T13:40:28.467737Z  INFO item_compositor: drawn   0 of  60  missed  0  commits   0  draw - swap - (present -, fast 0) ms  redrawn -%  no damage 0  budget 12.9  touches 0  touch->screen -  shade->screen - (from the loop -) ms  errors 0
2026-09-30T13:40:29.468074Z  INFO item_compositor: drawn   0 of  60  missed  0  commits   0  draw - swap - (present -, fast 0) ms  redrawn -%  no damage 0  budget 12.9  touches 0  touch->screen -  shade->screen - (from the loop -) ms  errors 0
2026-09-30T13:40:30.468402Z  INFO item_compositor: drawn   0 of  60  missed  0  commits   0  draw - swap - (present -, fast 0) ms  redrawn -%  no damage 0  budget 12.9  touches 0  touch->screen -  shade->screen - (from the loop -) ms  errors 0
2026-09-30T13:40:31.468669Z  INFO item_compositor: drawn   0 of  60  missed  0  commits   0  draw - swap - (present -, fast 0) ms  redrawn -%  no damage 0  budget 12.9  touches 0  touch->screen -  shade->screen - (from the loop -) ms  errors 0
2026-09-30T13:40:32.469096Z  INFO item_compositor: drawn   0 of  60  missed  0  commits   0  draw - swap - (present -, fast 0) ms  redrawn -%  no damage 0  budget 12.9  touches 0  touch->screen -  shade->screen - (from the loop -) ms  errors 0
2026-09-30T13:40:33.469404Z  INFO item_compositor: drawn   0 of  60  missed  0  commits   0  draw - swap - (present -, fast 0) ms  redrawn -%  no damage 0  budget 12.9  touches 0  touch->screen -  shade->screen - (from the loop -) ms  errors 0
2026-09-30T13:40:34.469760Z  INFO item_compositor: drawn   0 of  60  missed  0  commits   0  draw - swap - (present -, fast 0) ms  redrawn -%  no damage 0  budget 12.9  touches 0  touch->screen -  shade->screen - (from the loop -) ms  errors 0
2026-09-30T13:40:35.470005Z  INFO item_compositor: drawn   0 of  60  missed  0  commits   0  draw - swap - (present -, fast 0) ms  redrawn -%  no damage 0  budget 12.9  touches 0  touch->screen -  shade->screen - (from the loop -) ms  errors 0
2026-09-30T13:40:36.470280Z  INFO item_compositor: drawn   0 of  60  missed  0  commits   0  draw - swap - (present -, fast 0) ms  redrawn -%  no damage 0  budget 12.9  touches 0  touch->screen -  shade->screen - (from the loop -) ms  errors 0
2026-09-30T13:40:37.470606Z  INFO item_compositor: drawn   0 of  60  missed  0  commits   0  draw - swap - (present -, fast 0) ms  redrawn -%  no damage 0  budget 12.9  touches 0  touch->screen -  shade->screen - (from the loop -) ms  errors 0
2026-09-30T13:40:38.470960Z  INFO item_compositor: drawn   0 of  60  missed  0  commits   0  draw - swap - (present -, fast 0) ms  redrawn -%  no damage 0  budget 12.9  touches 0  touch->screen -  shade->screen - (from the loop -) ms  errors 0
2026-09-30T13:40:39.471255Z  INFO item_compositor: drawn   0 of  60  missed  0  commits   0  draw - swap - (present -, fast 0) ms  redrawn -%  no damage 0  budget 12.9  touches 0  touch->screen -  shade->screen - (from the loop -) ms  errors 0
2026-09-30T13:40:40.471572Z  INFO item_compositor: drawn   0 of  60  missed  0  commits   0  draw - swap - (present -, fast 0) ms  redrawn -%  no damage 0  budget 12.9  touches 0  touch->screen -  shade->screen - (from the loop -) ms  errors 0
2026-09-30T13:40:41.471824Z  INFO item_compositor: drawn   0 of  60  missed  0  commits   0  draw - swap - (present -, fast 0) ms  redrawn -%  no damage 0  budget 12.9  touches 0  touch->screen -  shade->screen - (from the loop -) ms  errors 0
2026-09-30T13:40:42.472120Z  INFO item_compositor: drawn   0 of  60  missed  0  commits   0  draw - swap - (present -, fast 0) ms  redrawn -%  no damage 0  budget 12.9  touches 0  touch->screen -  shade->screen - (from the loop -) ms  errors 0
2026-09-30T13:40:43.472489Z  INFO item_compositor: drawn   0 of  60  missed  0  commits   0  draw - swap - (present -, fast 0) ms  redrawn -%  no damage 0  budget 12.9  touches 0  touch->screen -  shade->screen - (from the loop -) ms  errors 0
2026-09-30T13:40:44.472754Z  INFO item_compositor: drawn   0 of  60  missed  0  commits   0  draw - swap - (present -, fast 0) ms  redrawn -%  no damage 0  budget 12.9  touches 0  touch->screen -  shade->screen - (from the loop -) ms  errors 0
2026-09-30T13:40:45.474734Z  INFO item_compositor: drawn  49 of  60  missed  0  commits   0  draw 2.4/6.0 swap 2.8/4.4 (present 2.7/4.1, fast 0) ms  redrawn 38.4/97.0%  no damage 0  budget 12.9  touches 0  touch->screen -  shade->screen 23.0/27.4 (from the loop 21.6/24.9) ms  errors 0
2026-09-30T13:40:46.475170Z  INFO item_compositor: drawn  17 of  60  missed  0  commits   0  draw 3.2/4.4 swap 3.8/4.5 (present 3.5/4.2, fast 0) ms  redrawn 43.6/48.5%  no damage 0  budget 14.5  touches 0  touch->screen -  shade->screen 21.1/26.5 (from the loop 19.9/23.1) ms  errors 0
2026-09-30T13:40:47.475534Z  INFO item_compositor: drawn   3 of  60  missed  0  commits   0  draw 1.9/2.2 swap 2.8/2.9 (present 2.6/2.8, fast 0) ms  redrawn 48.5/48.5%  no damage 0  budget 13.5  touches 0  touch->screen -  shade->screen 26.6/30.4 (from the loop 24.3/25.9) ms  errors 0
2026-09-30T13:40:48.476028Z  INFO item_compositor: drawn  31 of  60  missed 12  commits   0  draw 2.5/9.0 swap 6.8/14.7 (present 6.6/14.6, fast 0) ms  redrawn 60.6/97.0%  no damage 0  budget 19.1  touches 0  touch->screen -  shade->screen 24.3/30.8 (from the loop 23.2/28.3) ms  errors 0
