hotplug: display 0 connected primary
[2m2026-09-30T13:18:23.902284Z[0m [32m INFO[0m [2mitem_compositor::output[0m[2m:[0m hwcomposer display 0: 2784x1800, vsync 16.667 ms
[2m2026-09-30T13:18:23.920930Z[0m [33m WARN[0m [2msmithay::backend::egl::ffi[0m[2m:[0m [EGL] 0x3000 (SUCCESS) eglDebugMessageControlKHR: eglDebugMessageControlKHR is not supported by vendor library. Error reporting may not work correctly.
[2m2026-09-30T13:18:23.939256Z[0m [33m WARN[0m [2msmithay::backend::egl::display[0m[2m:[0m Dmabuf import extension not available
[2m2026-09-30T13:18:24.103780Z[0m [32m INFO[0m [2mitem_compositor::output[0m[2m:[0m EGL bound to the Wayland display
[2m2026-09-30T13:18:24.106429Z[0m [32m INFO[0m [2mitem_compositor::input[0m[2m:[0m touch: item tap (/dev/input/event10)
[2m2026-09-30T13:18:24.109895Z[0m [32m INFO[0m [2mitem_compositor[0m[2m:[0m listening on "wayland-item"
[2m2026-09-30T13:18:24.111786Z[0m [32m INFO[0m [2mitem_compositor[0m[2m:[0m spawned: gnome-calculator
[2m2026-09-30T13:18:24.111812Z[0m [32m INFO[0m [2mitem_compositor[0m[2m:[0m pacing: late in the frame, margin 4.0 ms
[2m2026-09-30T13:18:25.106684Z[0m [32m INFO[0m [2mitem_compositor[0m[2m:[0m drawn   1 of  26  missed  1  commits   0  draw 6.9/6.9 swap 563.9/563.9 (present 563.9/563.9, fast 0) ms  redrawn 100.0/100.0%  no damage 0  budget  7.0  touches 4  touch->screen -  errors 0

(gnome-calculator:121114): Gdk-WARNING **: 16:18:25.204: Failed to read portal settings: GDBus.Error:org.freedesktop.DBus.Error.AccessDenied: Portal operation not allowed: Unable to open /proc/121114/root

(gnome-calculator:121114): Gtk-WARNING **: 16:18:25.735: Creating a portal monitor failed: GDBus.Error:org.freedesktop.DBus.Error.AccessDenied: Portal operation not allowed: Unable to open /proc/121114/root
[2m2026-09-30T13:18:25.736219Z[0m [32m INFO[0m [2mitem_compositor::state[0m[2m:[0m window mapped on the left panel, 1.6 s after start
[2m2026-09-30T13:18:26.106975Z[0m [32m INFO[0m [2mitem_compositor[0m[2m:[0m drawn   1 of  60  missed  0  commits   1  draw 1.6/1.6 swap 3.1/3.1 (present 3.0/3.0, fast 0) ms  redrawn 100.0/100.0%  no damage 0  budget  7.4  touches 8  touch->screen 1 mean 314.3 max 314.3 ms  errors 0
[2m2026-09-30T13:18:26.761635Z[0m [32m INFO[0m [2mitem_compositor::state[0m[2m:[0m surface ObjectId(wl_surface@16): buffer Some(Egl)
[2m2026-09-30T13:18:27.107240Z[0m [32m INFO[0m [2mitem_compositor[0m[2m:[0m drawn   6 of  60  missed  1  commits   6  draw 2.4/3.8 swap 3.5/5.0 (present 3.3/4.8, fast 0) ms  redrawn 57.1/100.0%  no damage 0  budget 10.0  touches 12  touch->screen 2 mean 207.4 max 359.0 ms  errors 0
[2m2026-09-30T13:18:28.109106Z[0m [32m INFO[0m [2mitem_compositor[0m[2m:[0m drawn  40 of  60  missed  1  commits  40  draw 2.2/10.4 swap 2.7/4.3 (present 2.6/4.1, fast 0) ms  redrawn 48.5/48.5%  no damage 0  budget 10.8  touches 16  touch->screen 4 mean 35.3 max 52.1 ms  errors 0
[2m2026-09-30T13:18:29.113874Z[0m [32m INFO[0m [2mitem_compositor[0m[2m:[0m drawn  32 of  60  missed  0  commits  32  draw 1.9/3.2 swap 2.8/4.9 (present 2.7/4.7, fast 0) ms  redrawn 48.5/48.5%  no damage 0  budget 10.6  touches 20  touch->screen 4 mean 45.8 max 60.1 ms  errors 0
[2m2026-09-30T13:18:30.114081Z[0m [32m INFO[0m [2mitem_compositor[0m[2m:[0m drawn  38 of  60  missed  1  commits  39  draw 1.9/3.7 swap 2.8/8.2 (present 2.7/7.9, fast 0) ms  redrawn 48.5/48.5%  no damage 0  budget 11.8  touches 24  touch->screen 4 mean 46.5 max 55.8 ms  errors 0
[2m2026-09-30T13:18:31.114351Z[0m [32m INFO[0m [2mitem_compositor[0m[2m:[0m drawn  37 of  60  missed  1  commits  36  draw 2.0/6.0 swap 3.0/8.5 (present 2.9/8.2, fast 0) ms  redrawn 48.5/48.5%  no damage 0  budget 11.3  touches 28  touch->screen 4 mean 29.6 max 52.9 ms  errors 0
[2m2026-09-30T13:18:32.114602Z[0m [32m INFO[0m [2mitem_compositor[0m[2m:[0m drawn  27 of  60  missed  1  commits  27  draw 1.9/5.7 swap 2.8/7.8 (present 2.7/7.5, fast 0) ms  redrawn 48.5/48.5%  no damage 0  budget 10.6  touches 32  touch->screen 4 mean 31.3 max 41.6 ms  errors 0
[2m2026-09-30T13:18:33.114868Z[0m [32m INFO[0m [2mitem_compositor[0m[2m:[0m drawn  35 of  60  missed  0  commits  35  draw 1.9/3.5 swap 2.7/5.2 (present 2.6/5.0, fast 0) ms  redrawn 48.5/48.5%  no damage 0  budget 11.0  touches 36  touch->screen 4 mean 49.4 max 55.1 ms  errors 0
[2m2026-09-30T13:18:34.115130Z[0m [32m INFO[0m [2mitem_compositor[0m[2m:[0m drawn  32 of  60  missed  0  commits  32  draw 1.9/3.3 swap 3.0/4.6 (present 2.8/4.4, fast 0) ms  redrawn 48.5/48.5%  no damage 0  budget 11.4  touches 40  touch->screen 4 mean 35.2 max 46.5 ms  errors 0
[2m2026-09-30T13:18:35.115766Z[0m [32m INFO[0m [2mitem_compositor[0m[2m:[0m drawn  38 of  60  missed  0  commits  39  draw 1.9/3.4 swap 2.9/4.4 (present 2.8/4.2, fast 0) ms  redrawn 48.5/48.5%  no damage 0  budget 10.5  touches 44  touch->screen 4 mean 32.5 max 43.5 ms  errors 0
[2m2026-09-30T13:18:36.116279Z[0m [32m INFO[0m [2mitem_compositor[0m[2m:[0m drawn  30 of  60  missed  0  commits  29  draw 2.4/4.7 swap 3.3/5.7 (present 3.1/5.2, fast 0) ms  redrawn 48.5/48.5%  no damage 0  budget 12.1  touches 48  touch->screen 4 mean 42.3 max 54.4 ms  errors 0
[2m2026-09-30T13:18:37.116609Z[0m [32m INFO[0m [2mitem_compositor[0m[2m:[0m drawn  33 of  60  missed  0  commits  33  draw 2.0/3.2 swap 2.8/5.0 (present 2.7/4.9, fast 0) ms  redrawn 48.5/48.5%  no damage 0  budget 11.6  touches 52  touch->screen 4 mean 33.4 max 44.9 ms  errors 0
[2m2026-09-30T13:18:38.116821Z[0m [32m INFO[0m [2mitem_compositor[0m[2m:[0m drawn  29 of  61  missed  0  commits  29  draw 1.9/4.7 swap 2.7/5.1 (present 2.6/4.9, fast 0) ms  redrawn 48.5/48.5%  no damage 0  budget 11.4  touches 56  touch->screen 4 mean 51.0 max 58.4 ms  errors 0
[2m2026-09-30T13:18:39.117004Z[0m [32m INFO[0m [2mitem_compositor[0m[2m:[0m drawn  30 of  60  missed  1  commits  30  draw 2.2/5.5 swap 3.2/7.6 (present 3.0/7.3, fast 0) ms  redrawn 48.5/48.5%  no damage 0  budget 12.4  touches 60  touch->screen 4 mean 41.2 max 52.2 ms  errors 0
[2m2026-09-30T13:18:40.117224Z[0m [32m INFO[0m [2mitem_compositor[0m[2m:[0m drawn  24 of  60  missed  0  commits  25  draw 2.1/3.5 swap 3.0/4.2 (present 2.8/4.0, fast 0) ms  redrawn 48.5/48.5%  no damage 0  budget 12.0  touches 64  touch->screen 4 mean 44.7 max 55.5 ms  errors 0
[2m2026-09-30T13:18:41.117476Z[0m [32m INFO[0m [2mitem_compositor[0m[2m:[0m drawn  24 of  60  missed  0  commits  24  draw 2.1/4.2 swap 3.0/5.1 (present 2.9/4.9, fast 0) ms  redrawn 48.5/48.5%  no damage 0  budget 11.3  touches 68  touch->screen 4 mean 40.6 max 49.8 ms  errors 0
[2m2026-09-30T13:18:42.117839Z[0m [32m INFO[0m [2mitem_compositor[0m[2m:[0m drawn  32 of  60  missed  0  commits  31  draw 1.9/2.9 swap 2.7/4.8 (present 2.6/4.5, fast 0) ms  redrawn 48.5/48.5%  no damage 0  budget 11.6  touches 70  touch->screen 2 mean 21.5 max 21.8 ms  errors 0
[2m2026-09-30T13:18:43.118202Z[0m [32m INFO[0m [2mitem_compositor[0m[2m:[0m drawn   0 of  60  missed  0  commits   0  draw - swap - (present -, fast 0) ms  redrawn -%  no damage 0  budget 11.6  touches 70  touch->screen -  errors 0
[2m2026-09-30T13:18:44.118555Z[0m [32m INFO[0m [2mitem_compositor[0m[2m:[0m drawn   0 of  60  missed  0  commits   0  draw - swap - (present -, fast 0) ms  redrawn -%  no damage 0  budget 11.6  touches 70  touch->screen -  errors 0
[2m2026-09-30T13:18:45.118826Z[0m [32m INFO[0m [2mitem_compositor[0m[2m:[0m drawn   0 of  60  missed  0  commits   0  draw - swap - (present -, fast 0) ms  redrawn -%  no damage 0  budget 11.6  touches 70  touch->screen -  errors 0
[2m2026-09-30T13:18:46.119133Z[0m [32m INFO[0m [2mitem_compositor[0m[2m:[0m drawn   0 of  60  missed  0  commits   0  draw - swap - (present -, fast 0) ms  redrawn -%  no damage 0  budget 11.6  touches 70  touch->screen -  errors 0
[2m2026-09-30T13:18:47.119434Z[0m [32m INFO[0m [2mitem_compositor[0m[2m:[0m drawn   0 of  60  missed  0  commits   0  draw - swap - (present -, fast 0) ms  redrawn -%  no damage 0  budget 11.6  touches 70  touch->screen -  errors 0
[2m2026-09-30T13:18:48.120207Z[0m [32m INFO[0m [2mitem_compositor[0m[2m:[0m drawn   0 of  60  missed  0  commits   0  draw - swap - (present -, fast 0) ms  redrawn -%  no damage 0  budget 11.6  touches 70  touch->screen -  errors 0
