Created symlink '/run/systemd/system/phosh.service' → '/dev/null'.
[15:03:01.771] composer up: 1
hotplug: display 0 connected primary
display 0: 2784x1800, vsync period 16.667 ms
2026-09-30T12:03:01.937797Z  WARN smithay::backend::egl::ffi: [EGL] 0x3000 (SUCCESS) eglDebugMessageControlKHR: eglDebugMessageControlKHR is not supported by vendor library. Error reporting may not work correctly.
2026-09-30T12:03:01.942897Z  INFO smithay::backend::egl::display: Successfully selected EGL platform: PLATFORM_ANDROID_KHR
2026-09-30T12:03:01.959757Z  INFO smithay::backend::egl::display: EGL Initialized
2026-09-30T12:03:01.959789Z  INFO smithay::backend::egl::display: EGL Version: (1, 5)
2026-09-30T12:03:01.959850Z  INFO smithay::backend::egl::display: Supported EGL display extensions: ["EGL_KHR_get_all_proc_addresses", "EGL_ANDROID_presentation_time", "EGL_KHR_swap_buffers_with_damage", "EGL_ANDROID_get_native_client_buffer", "EGL_ANDROID_front_buffer_auto_refresh", "EGL_ANDROID_get_frame_timestamps", "EGL_EXT_surface_SMPTE2086_metadata", "EGL_EXT_surface_CTA861_3_metadata", "EGL_EXT_gl_colorspace_scrgb", "EGL_EXT_gl_colorspace_scrgb_linear", "EGL_EXT_gl_colorspace_display_p3_linear", "EGL_EXT_gl_colorspace_display_p3", "EGL_EXT_gl_colorspace_display_p3_passthrough", "EGL_EXT_gl_colorspace_bt2020_linear", "EGL_EXT_gl_colorspace_bt2020_pq", "EGL_KHR_image", "EGL_KHR_image_base", "EGL_EXT_image_gl_colorspace", "EGL_KHR_lock_surface", "EGL_KHR_gl_colorspace", "EGL_KHR_gl_texture_2D_image", "EGL_KHR_gl_texture_3D_image", "EGL_KHR_gl_texture_cubemap_image", "EGL_KHR_gl_renderbuffer_image", "EGL_KHR_reusable_sync", "EGL_KHR_fence_sync", "EGL_KHR_create_context", "EGL_KHR_surfaceless_context", "EGL_EXT_create_context_robustness", "EGL_ANDROID_image_native_buffer", "EGL_KHR_wait_sync", "EGL_ANDROID_recordable", "EGL_KHR_partial_update", "EGL_EXT_pixel_format_float", "EGL_KHR_create_context_no_error", "EGL_KHR_mutable_render_buffer", "EGL_EXT_yuv_surface", "EGL_EXT_protected_content", "EGL_IMG_context_priority", "EGL_KHR_no_config_context", "", "EGL_HYBRIS_native_buffer2", "EGL_HYBRIS_WL_acquire_native_buffer", "EGL_WL_bind_wayland_display"]
2026-09-30T12:03:01.959878Z  WARN smithay::backend::egl::display: Dmabuf import extension not available
2026-09-30T12:03:01.960305Z  INFO egl{native="hybris/android" platform="PLATFORM_ANDROID_KHR" version=(1, 5)}:egl_context: smithay::backend::egl::display: Selected color format: PixelFormat { hardware_accelerated: true, color_bits: 24, alpha_bits: 8, depth_bits: 24, stencil_bits: 8, stereoscopy: false, multisampling: None, srgb: false }
2026-09-30T12:03:01.961168Z  INFO egl{native="hybris/android" platform="PLATFORM_ANDROID_KHR" version=(1, 5)}:egl_context{ptr=367276207360}: smithay::backend::egl::context: EGL context created priority=Some(Medium)
EGL context: PixelFormat { hardware_accelerated: true, color_bits: 24, alpha_bits: 8, depth_bits: 24, stencil_bits: 8, stereoscopy: false, multisampling: None, srgb: false }
2026-09-30T12:03:02.100322Z  INFO egl{native="hybris/android" platform="PLATFORM_ANDROID_KHR" version=(1, 5)}:egl_context{ptr=367276207360}:renderer_gles2: smithay::backend::renderer::gles: Initializing OpenGL ES Renderer
2026-09-30T12:03:02.100349Z  INFO egl{native="hybris/android" platform="PLATFORM_ANDROID_KHR" version=(1, 5)}:egl_context{ptr=367276207360}:renderer_gles2: smithay::backend::renderer::gles: GL Version: "OpenGL ES 3.2 V@0502.0 (GIT@9b824c0bed, I6c7bff0fbd, 1633761806) (Date:10/09/21)"
2026-09-30T12:03:02.100366Z  INFO egl{native="hybris/android" platform="PLATFORM_ANDROID_KHR" version=(1, 5)}:egl_context{ptr=367276207360}:renderer_gles2: smithay::backend::renderer::gles: GL Vendor: "Qualcomm"
2026-09-30T12:03:02.100371Z  INFO egl{native="hybris/android" platform="PLATFORM_ANDROID_KHR" version=(1, 5)}:egl_context{ptr=367276207360}:renderer_gles2: smithay::backend::renderer::gles: GL Renderer: "Adreno (TM) 640"
2026-09-30T12:03:02.100375Z  INFO egl{native="hybris/android" platform="PLATFORM_ANDROID_KHR" version=(1, 5)}:egl_context{ptr=367276207360}:renderer_gles2: smithay::backend::renderer::gles: Supported GL Extensions: ["GL_OES_EGL_image", "GL_OES_EGL_image_external", "GL_OES_EGL_sync", "GL_OES_vertex_half_float", "GL_OES_framebuffer_object", "GL_OES_rgb8_rgba8", "GL_OES_compressed_ETC1_RGB8_texture", "GL_AMD_compressed_ATC_texture", "GL_KHR_texture_compression_astc_ldr", "GL_KHR_texture_compression_astc_hdr", "GL_OES_texture_compression_astc", "GL_OES_texture_npot", "GL_EXT_texture_filter_anisotropic", "GL_EXT_texture_format_BGRA8888", "GL_EXT_read_format_bgra", "GL_OES_texture_3D", "GL_EXT_color_buffer_float", "GL_EXT_color_buffer_half_float", "GL_QCOM_alpha_test", "GL_OES_depth24", "GL_OES_packed_depth_stencil", "GL_OES_depth_texture", "GL_OES_depth_texture_cube_map", "GL_EXT_sRGB", "GL_OES_texture_float", "GL_OES_texture_float_linear", "GL_OES_texture_half_float", "GL_OES_texture_half_float_linear", "GL_EXT_texture_type_2_10_10_10_REV", "GL_EXT_texture_sRGB_decode", "GL_EXT_texture_format_sRGB_override", "GL_OES_element_index_uint", "GL_EXT_copy_image", "GL_EXT_geometry_shader", "GL_EXT_tessellation_shader", "GL_OES_texture_stencil8", "GL_EXT_shader_io_blocks", "GL_OES_shader_image_atomic", "GL_OES_sample_variables", "GL_EXT_texture_border_clamp", "GL_EXT_EGL_image_external_wrap_modes", "GL_EXT_multisampled_render_to_texture", "GL_EXT_multisampled_render_to_texture2", "GL_OES_shader_multisample_interpolation", "GL_EXT_texture_cube_map_array", "GL_EXT_draw_buffers_indexed", "GL_EXT_gpu_shader5", "GL_EXT_robustness", "GL_EXT_texture_buffer", "GL_EXT_shader_framebuffer_fetch", "GL_ARM_shader_framebuffer_fetch_depth_stencil", "GL_OES_texture_storage_multisample_2d_array", "GL_OES_sample_shading", "GL_OES_get_program_binary", "GL_EXT_debug_label", "GL_KHR_blend_equation_advanced", "GL_KHR_blend_equation_advanced_coherent", "GL_QCOM_tiled_rendering", "GL_ANDROID_extension_pack_es31a", "GL_EXT_primitive_bounding_box", "GL_OES_standard_derivatives", "GL_OES_vertex_array_object", "GL_EXT_disjoint_timer_query", "GL_KHR_debug", "GL_EXT_YUV_target", "GL_EXT_sRGB_write_control", "GL_EXT_texture_norm16", "GL_EXT_discard_framebuffer", "GL_OES_surfaceless_context", "GL_OVR_multiview", "GL_OVR_multiview2", "GL_EXT_texture_sRGB_R8", "GL_KHR_no_error", "GL_EXT_debug_marker", "GL_OES_EGL_image_external_essl3", "GL_OVR_multiview_multisampled_render_to_texture", "GL_EXT_buffer_storage", "GL_EXT_external_buffer", "GL_EXT_blit_framebuffer_params", "GL_EXT_clip_cull_distance", "GL_EXT_protected_textures", "GL_EXT_shader_non_constant_global_initializers", "GL_QCOM_texture_foveated", "GL_QCOM_texture_foveated_subsampled_layout", "GL_QCOM_shader_framebuffer_fetch_noncoherent", "GL_QCOM_shader_framebuffer_fetch_rate", "GL_EXT_memory_object", "GL_EXT_memory_object_fd", "GL_EXT_EGL_image_array", "GL_NV_shader_noperspective_interpolation", "GL_KHR_robust_buffer_access_behavior", "GL_EXT_EGL_image_storage", "GL_EXT_blend_func_extended", "GL_EXT_clip_control", "GL_OES_texture_view", "GL_EXT_fragment_invocation_density", "GL_QCOM_motion_estimation", "GL_QCOM_validate_shader_binary", "GL_QCOM_YUV_texture_gather", "", "GL_EXT_unpack_subimage", ""]
  1.0 s:  25 fps  mean 16.87 ms  max  30.52 ms  over 20 ms  3  render  1.43 ms  swap 38.58 ms  vsyncs  26  errors 0
  2.0 s:  60 fps  mean 16.69 ms  max  17.76 ms  over 20 ms  0  render  1.20 ms  swap 15.48 ms  vsyncs  60  errors 0
  3.0 s:  59 fps  mean 16.97 ms  max  27.18 ms  over 20 ms  2  render  1.26 ms  swap 15.70 ms  vsyncs  60  errors 0
  4.0 s:  60 fps  mean 16.66 ms  max  17.43 ms  over 20 ms  0  render  1.31 ms  swap 15.34 ms  vsyncs  60  errors 0
  5.0 s:  60 fps  mean 16.68 ms  max  17.37 ms  over 20 ms  0  render  1.17 ms  swap 15.50 ms  vsyncs  60  errors 0
  6.0 s:  60 fps  mean 16.68 ms  max  17.56 ms  over 20 ms  0  render  1.12 ms  swap 15.55 ms  vsyncs  60  errors 0
  7.0 s:  60 fps  mean 16.68 ms  max  17.58 ms  over 20 ms  0  render  1.12 ms  swap 15.55 ms  vsyncs  60  errors 0
  8.0 s:  60 fps  mean 16.67 ms  max  18.10 ms  over 20 ms  0  render  1.20 ms  swap 15.46 ms  vsyncs  60  errors 0
  9.0 s:  60 fps  mean 16.72 ms  max  19.49 ms  over 20 ms  0  render  1.36 ms  swap 15.35 ms  vsyncs  60  errors 0
 10.0 s:  60 fps  mean 16.67 ms  max  18.30 ms  over 20 ms  0  render  1.03 ms  swap 15.63 ms  vsyncs  60  errors 0
 11.0 s:  60 fps  mean 16.69 ms  max  17.98 ms  over 20 ms  0  render  1.45 ms  swap 15.22 ms  vsyncs  60  errors 0
 12.0 s:  60 fps  mean 16.72 ms  max  19.33 ms  over 20 ms  0  render  1.20 ms  swap 15.50 ms  vsyncs  61  errors 0
 13.0 s:  60 fps  mean 16.67 ms  max  17.15 ms  over 20 ms  0  render  1.28 ms  swap 15.38 ms  vsyncs  60  errors 0
 14.0 s:  60 fps  mean 16.66 ms  max  17.80 ms  over 20 ms  0  render  1.30 ms  swap 15.35 ms  vsyncs  60  errors 0
 15.0 s:  60 fps  mean 16.67 ms  max  17.39 ms  over 20 ms  0  render  1.29 ms  swap 15.37 ms  vsyncs  60  errors 0
 16.0 s:  60 fps  mean 16.67 ms  max  17.32 ms  over 20 ms  0  render  1.23 ms  swap 15.44 ms  vsyncs  60  errors 0
 17.0 s:  60 fps  mean 16.69 ms  max  17.41 ms  over 20 ms  0  render  1.13 ms  swap 15.55 ms  vsyncs  60  errors 0
 18.0 s:  60 fps  mean 16.68 ms  max  17.74 ms  over 20 ms  0  render  1.12 ms  swap 15.56 ms  vsyncs  60  errors 0
 19.0 s:  60 fps  mean 16.69 ms  max  20.76 ms  over 20 ms  1  render  1.27 ms  swap 15.41 ms  vsyncs  60  errors 0
 20.0 s:  60 fps  mean 16.68 ms  max  17.87 ms  over 20 ms  0  render  1.23 ms  swap 15.44 ms  vsyncs  60  errors 0
done
[15:03:22.196] exit 0
[15:03:22.202] rollback
[15:03:35.894] phosh active
