touch: item swipe (/dev/input/event10)
pacing: late in the frame, margin 4.0 ms, clients' frames at once
warm-up: 12 textures in 1.5 ms
missed: drawn -14861650.6 ms before the vsync, draw 7.1 swap 545.8, presented 14862203.5 ms late: 0.0 after the last present, validate 2.9, present 542.8, GPU busy; redrawn 100%, shade 0 still / 0 still
missed: drawn 7.0 ms before the vsync, draw 10.7 swap 2.8, presented 6.5 ms late: 29.2 after the last present, validate 0.8, present 1.8, GPU done; redrawn 100%, shade 0 still / 0 still
drawn   3 of  23  missed  2  commits   0 (at once 0)  draw 7.1/10.7 (elements 0.1/0.1) swap 184.0/545.8 (present 183.9/545.8, fast 0) ms  redrawn 100.0/100.0%  no damage 0  budget 15.5  touches 1  touch->screen -  shade->screen - (from the loop -) ms  errors 0
missed: drawn 1.5 ms before the vsync, draw 2.5 swap 1.4, presented 2.4 ms late: 23.7 after the last present, validate 0.5, present 0.8, GPU busy; redrawn 100%, shade 169 held / 0 still
drawn  54 of  60  missed  1  commits   5 (at once 1)  draw 2.7/6.0 (elements 0.2/1.5) swap 1.5/2.1 (present 1.4/2.0, fast 0) ms  redrawn 98.1/100.0%  no damage 1  budget 11.0  touches 1  touch->screen -  shade->screen 24.4/35.9 (from the loop 23.1/31.0) ms  errors 0
drawn  54 of  60  missed  0  commits   2 (at once 1)  draw 2.1/5.0 (elements 0.1/1.6) swap 1.4/3.1 (present 1.5/2.9, fast 0) ms  redrawn 88.9/100.0%  no damage 6  budget  9.7  touches 1  touch->screen -  shade->screen 24.6/26.0 (from the loop 22.8/25.2) ms  errors 0
drawn  34 of  61  missed  0  commits   0 (at once 0)  draw 1.6/3.6 (elements 0.1/0.1) swap 1.6/4.4 (present 1.6/4.3, fast 0) ms  redrawn 97.1/100.0%  no damage 1  budget  8.5  touches 1  touch->screen -  shade->screen 22.3/28.3 (from the loop 21.6/27.3) ms  errors 0
drawn  33 of  60  missed  0  commits   0 (at once 0)  draw 1.7/2.3 (elements 0.1/0.1) swap 1.5/2.3 (present 1.5/2.2, fast 0) ms  redrawn 93.9/100.0%  no damage 2  budget  9.5  touches 1  touch->screen -  shade->screen 20.7/27.2 (from the loop 20.5/27.0) ms  errors 0
drawn  29 of  60  missed  0  commits   0 (at once 0)  draw 1.6/3.7 (elements 0.1/0.1) swap 1.5/1.9 (present 1.5/1.8, fast 0) ms  redrawn 93.1/100.0%  no damage 2  budget  8.7  touches 1  touch->screen -  shade->screen - (from the loop -) ms  errors 0
drawn  34 of  60  missed  0  commits   0 (at once 0)  draw 1.6/3.6 (elements 0.1/0.2) swap 1.4/2.0 (present 1.4/1.9, fast 0) ms  redrawn 97.1/100.0%  no damage 1  budget  9.2  touches 1  touch->screen -  shade->screen 23.2/29.3 (from the loop 21.9/29.0) ms  errors 0
drawn  42 of  60  missed  0  commits   0 (at once 0)  draw 1.8/2.6 (elements 0.1/0.1) swap 1.5/1.6 (present 1.4/1.5, fast 0) ms  redrawn 100.0/100.0%  no damage 0  budget  9.7  touches 1  touch->screen -  shade->screen 22.3/25.6 (from the loop 21.4/22.9) ms  errors 0
drawn  33 of  61  missed  0  commits   0 (at once 0)  draw 2.0/7.9 (elements 0.1/0.5) swap 1.7/4.6 (present 1.7/4.4, fast 0) ms  redrawn 97.0/100.0%  no damage 1  budget 11.6  touches 1  touch->screen -  shade->screen 26.8/27.4 (from the loop 25.7/27.0) ms  errors 0
drawn  32 of  60  missed  0  commits   0 (at once 0)  draw 1.5/2.0 (elements 0.1/0.2) swap 1.4/1.9 (present 1.4/1.8, fast 0) ms  redrawn 96.9/100.0%  no damage 1  budget  9.2  touches 1  touch->screen -  shade->screen 22.1/27.9 (from the loop 21.5/27.7) ms  errors 0
drawn  30 of  60  missed  0  commits   0 (at once 0)  draw 1.7/3.9 (elements 0.1/0.1) swap 1.4/2.0 (present 1.4/1.9, fast 0) ms  redrawn 93.3/100.0%  no damage 2  budget 10.9  touches 1  touch->screen -  shade->screen 21.8/22.8 (from the loop 21.6/22.5) ms  errors 0
drawn  33 of  60  missed  0  commits   0 (at once 0)  draw 1.6/3.6 (elements 0.1/2.1) swap 1.5/1.8 (present 1.4/1.7, fast 0) ms  redrawn 97.0/100.0%  no damage 1  budget  9.2  touches 1  touch->screen -  shade->screen 24.0/29.9 (from the loop 23.6/29.7) ms  errors 0
drawn  60 of  60  missed  0  commits   0 (at once 0)  draw 1.7/2.1 (elements 0.1/0.1) swap 1.4/1.7 (present 1.4/1.6, fast 0) ms  redrawn 100.0/100.0%  no damage 0  budget  9.3  touches 1  touch->screen -  shade->screen 21.4/25.4 (from the loop 20.5/23.2) ms  errors 0
drawn  23 of  61  missed  0  commits   0 (at once 0)  draw 1.8/3.0 (elements 0.1/0.2) swap 1.6/2.9 (present 1.5/2.7, fast 0) ms  redrawn 100.0/100.0%  no damage 0  budget  9.2  touches 1  touch->screen -  shade->screen 19.1/19.2 (from the loop 19.0/19.1) ms  errors 0
drawn  35 of  60  missed  0  commits   0 (at once 0)  draw 1.6/4.1 (elements 0.1/0.2) swap 1.4/2.0 (present 1.4/1.9, fast 0) ms  redrawn 94.3/100.0%  no damage 2  budget  8.5  touches 1  touch->screen -  shade->screen 26.3/32.2 (from the loop 24.2/32.1) ms  errors 0
drawn  37 of  60  missed  0  commits   0 (at once 0)  draw 1.7/3.2 (elements 0.1/0.1) swap 1.5/1.9 (present 1.4/1.8, fast 0) ms  redrawn 97.3/100.0%  no damage 1  budget  8.9  touches 1  touch->screen -  shade->screen 20.6/26.3 (from the loop 20.2/25.7) ms  errors 0
drawn  23 of  61  missed  0  commits   0 (at once 0)  draw 1.7/4.2 (elements 0.1/0.2) swap 1.5/2.2 (present 1.4/2.1, fast 0) ms  redrawn 95.7/100.0%  no damage 1  budget  8.7  touches 1  touch->screen -  shade->screen - (from the loop -) ms  errors 0
drawn  54 of  60  missed  0  commits   0 (at once 0)  draw 1.6/3.2 (elements 0.1/1.5) swap 1.5/2.3 (present 1.4/2.2, fast 0) ms  redrawn 98.1/100.0%  no damage 1  budget  9.2  touches 1  touch->screen -  shade->screen 21.9/28.6 (from the loop 21.0/27.3) ms  errors 0
drawn  43 of  60  missed  0  commits   0 (at once 0)  draw 1.7/2.3 (elements 0.1/0.2) swap 1.5/2.0 (present 1.4/1.9, fast 0) ms  redrawn 100.0/100.0%  no damage 0  budget  9.1  touches 1  touch->screen -  shade->screen 21.7/23.7 (from the loop 21.4/23.0) ms  errors 0
drawn  34 of  61  missed  0  commits   0 (at once 0)  draw 1.6/3.0 (elements 0.1/0.2) swap 1.5/3.3 (present 1.5/3.1, fast 0) ms  redrawn 94.1/100.0%  no damage 2  budget  8.5  touches 1  touch->screen -  shade->screen 22.2/28.8 (from the loop 21.9/26.8) ms  errors 0
drawn  32 of  60  missed  0  commits   0 (at once 0)  draw 1.7/3.7 (elements 0.1/0.1) swap 1.5/1.8 (present 1.5/1.6, fast 0) ms  redrawn 93.8/100.0%  no damage 2  budget  9.4  touches 1  touch->screen -  shade->screen 24.2/30.5 (from the loop 23.1/30.4) ms  errors 0
drawn  29 of  61  missed  0  commits   0 (at once 0)  draw 1.7/4.2 (elements 0.1/0.2) swap 1.6/2.4 (present 1.5/2.2, fast 0) ms  redrawn 96.6/100.0%  no damage 1  budget  9.5  touches 1  touch->screen -  shade->screen - (from the loop -) ms  errors 0
drawn  35 of  60  missed  0  commits   0 (at once 0)  draw 1.6/2.9 (elements 0.1/0.1) swap 6.0/10.9 (present 6.2/10.8, fast 0) ms  redrawn 94.3/100.0%  no damage 2  budget 22.2  touches 1  touch->screen -  shade->screen 26.3/32.3 (from the loop 21.4/28.2) ms  errors 0
drawn  42 of  60  missed  0  commits   0 (at once 0)  draw 1.8/2.9 (elements 0.1/0.1) swap 10.0/10.8 (present 10.0/10.7, fast 0) ms  redrawn 100.0/100.0%  no damage 0  budget 22.0  touches 1  touch->screen -  shade->screen 28.6/33.0 (from the loop 21.1/21.4) ms  errors 0
drawn  34 of  61  missed  0  commits   0 (at once 0)  draw 1.8/4.6 (elements 0.1/0.2) swap 1.5/2.0 (present 1.5/1.9, fast 0) ms  redrawn 94.1/100.0%  no damage 2  budget  9.8  touches 1  touch->screen -  shade->screen 24.1/31.1 (from the loop 23.6/27.2) ms  errors 0
drawn  32 of  60  missed  0  commits   0 (at once 0)  draw 1.5/2.9 (elements 0.1/0.2) swap 1.4/1.7 (present 1.4/1.7, fast 0) ms  redrawn 93.8/100.0%  no damage 2  budget  9.3  touches 1  touch->screen -  shade->screen 26.2/32.6 (from the loop 24.0/32.2) ms  errors 0
drawn  29 of  61  missed  0  commits   0 (at once 0)  draw 1.7/3.4 (elements 0.1/0.1) swap 1.4/1.9 (present 1.4/1.7, fast 0) ms  redrawn 93.1/100.0%  no damage 2  budget 10.5  touches 1  touch->screen -  shade->screen 22.3/42.6 (from the loop 21.6/39.1) ms  errors 0
drawn  34 of  60  missed  0  commits   0 (at once 0)  draw 1.5/3.0 (elements 0.1/0.1) swap 1.5/1.8 (present 1.4/1.7, fast 0) ms  redrawn 97.1/100.0%  no damage 1  budget  8.6  touches 1  touch->screen -  shade->screen 21.8/26.1 (from the loop 20.9/25.8) ms  errors 0
drawn  60 of  60  missed  0  commits   0 (at once 0)  draw 1.8/4.4 (elements 0.1/0.1) swap 1.5/1.8 (present 1.4/1.7, fast 0) ms  redrawn 100.0/100.0%  no damage 0  budget  9.4  touches 1  touch->screen -  shade->screen 21.7/27.1 (from the loop 21.0/24.6) ms  errors 0
drawn  22 of  61  missed  0  commits   0 (at once 0)  draw 1.7/2.9 (elements 0.1/0.2) swap 1.6/2.8 (present 1.5/2.6, fast 0) ms  redrawn 100.0/100.0%  no damage 0  budget  9.1  touches 1  touch->screen -  shade->screen 21.2/21.2 (from the loop 21.1/21.1) ms  errors 0
drawn  35 of  60  missed  0  commits   0 (at once 0)  draw 1.5/3.2 (elements 0.1/0.1) swap 1.4/1.9 (present 1.4/1.8, fast 0) ms  redrawn 97.1/100.0%  no damage 1  budget  8.1  touches 1  touch->screen -  shade->screen 21.0/27.0 (from the loop 20.9/26.9) ms  errors 0
drawn  38 of  60  missed  0  commits   0 (at once 0)  draw 1.7/2.5 (elements 0.1/0.1) swap 1.5/2.2 (present 1.4/2.1, fast 0) ms  redrawn 94.7/100.0%  no damage 2  budget  9.4  touches 1  touch->screen -  shade->screen 22.4/28.8 (from the loop 22.0/28.5) ms  errors 0
drawn  22 of  60  missed  0  commits   0 (at once 0)  draw 1.7/3.8 (elements 0.1/0.1) swap 1.4/1.7 (present 1.4/1.6, fast 0) ms  redrawn 95.5/100.0%  no damage 1  budget  8.7  touches 1  touch->screen -  shade->screen - (from the loop -) ms  errors 0
drawn  53 of  60  missed  0  commits   0 (at once 0)  draw 1.6/3.2 (elements 0.1/0.2) swap 1.5/1.9 (present 1.4/1.7, fast 0) ms  redrawn 98.1/100.0%  no damage 1  budget  9.0  touches 1  touch->screen -  shade->screen 22.3/31.1 (from the loop 21.4/30.8) ms  errors 0
missed: drawn 9.4 ms before the vsync, draw 2.3 swap 8.2, presented 1.0 ms late: 22.6 after the last present, validate 0.8, present 7.2, GPU busy; redrawn 100%, shade 514 running / 0 still
drawn  42 of  60  missed  1  commits   0 (at once 0)  draw 1.7/2.3 (elements 0.1/0.3) swap 1.7/8.2 (present 1.6/8.0, fast 0) ms  redrawn 100.0/100.0%  no damage 0  budget  9.6  touches 1  touch->screen -  shade->screen 21.6/25.4 (from the loop 20.4/22.7) ms  errors 0
drawn  33 of  61  missed  0  commits   0 (at once 0)  draw 1.6/3.9 (elements 0.1/0.3) swap 1.4/1.9 (present 1.4/1.8, fast 0) ms  redrawn 97.0/100.0%  no damage 1  budget  8.3  touches 1  touch->screen -  shade->screen 24.1/33.1 (from the loop 22.8/32.7) ms  errors 0
drawn   3 of  60  missed  0  commits   0 (at once 0)  draw 0.7/1.2 (elements 0.1/0.1) swap 1.1/1.6 (present 1.5/1.5, fast 0) ms  redrawn 66.7/100.0%  no damage 1  budget  8.2  touches 1  touch->screen -  shade->screen - (from the loop -) ms  errors 0
drawn   0 of  60  missed  0  commits   0 (at once 0)  draw - (elements -) swap - (present -, fast 0) ms  redrawn -%  no damage 0  budget  8.2  touches 1  touch->screen -  shade->screen - (from the loop -) ms  errors 0
drawn   0 of  60  missed  0  commits   0 (at once 0)  draw - (elements -) swap - (present -, fast 0) ms  redrawn -%  no damage 0  budget  8.2  touches 1  touch->screen -  shade->screen - (from the loop -) ms  errors 0
