touch: item swipe (/dev/input/event10)
pacing: late in the frame, margin 4.0 ms, clients' frames at once
warm-up: 12 textures in 1.6 ms
missed: drawn -14766497.2 ms before the vsync, draw 8.2 swap 548.5, presented 14767053.9 ms late: 0.0 after the last present, validate 3.5, present 544.9, GPU busy; redrawn 100%, shade 0 still / 0 still
missed: drawn 6.9 ms before the vsync, draw 10.3 swap 3.2, presented 6.4 ms late: 28.7 after the last present, validate 0.6, present 2.4, GPU done; redrawn 100%, shade 0 still / 0 still
drawn   3 of  23  missed  2  commits   0 (at once 0)  draw 6.7/10.3 (elements 0.0/0.1) swap 185.1/548.5 (present 184.9/548.4, fast 0) ms  redrawn 100.0/100.0%  no damage 0  budget 15.2  touches 1  touch->screen -  shade->screen - (from the loop -) ms  errors 0
drawn  28 of  60  missed  0  commits   5 (at once 1)  draw 2.2/5.3 (elements 0.3/2.4) swap 1.5/2.3 (present 1.5/2.2, fast 0) ms  redrawn 92.9/100.0%  no damage 2  budget 10.7  touches 2  touch->screen -  shade->screen - (from the loop -) ms  errors 0
drawn  28 of  60  missed  0  commits   2 (at once 1)  draw 1.3/3.9 (elements 0.1/1.3) swap 0.9/1.9 (present 1.3/1.8, fast 0) ms  redrawn 64.3/100.0%  no damage 10  budget  9.5  touches 3  touch->screen 1 mean 436.8 max 436.8 ms  shade->screen - (from the loop -) ms  errors 0
drawn  58 of  60  missed  0  commits  59 (at once 25)  draw 1.9/2.7 (elements 0.8/1.3) swap 2.2/8.7 (present 2.1/8.6, fast 0) ms  redrawn 100.0/100.0%  no damage 0  budget 10.4  touches 3  touch->screen 1 mean 92.8 max 92.8 ms  shade->screen - (from the loop -) ms  errors 0
missed: drawn 2.7 ms before the vsync, draw 1.7 swap 1.7, presented 0.8 ms late: 22.9 after the last present, validate 0.5, present 1.1, GPU busy; redrawn 100%, shade 0 still / 0 still
drawn  59 of  59  missed  1  commits  59 (at once 22)  draw 2.0/5.3 (elements 0.9/4.4) swap 2.2/5.0 (present 2.2/4.9, fast 0) ms  redrawn 100.0/100.0%  no damage 0  budget 12.9  touches 4  touch->screen 1 mean 33.3 max 33.3 ms  shade->screen - (from the loop -) ms  errors 0
drawn  60 of  60  missed  0  commits  60 (at once 18)  draw 2.0/5.1 (elements 0.9/4.2) swap 2.7/5.6 (present 2.6/5.5, fast 0) ms  redrawn 100.0/100.0%  no damage 0  budget 12.4  touches 5  touch->screen 1 mean 24.9 max 24.9 ms  shade->screen - (from the loop -) ms  errors 0
drawn  60 of  60  missed  0  commits  60 (at once 17)  draw 1.9/2.7 (elements 0.8/1.1) swap 2.9/5.7 (present 2.8/5.6, fast 0) ms  redrawn 100.0/100.0%  no damage 0  budget 13.1  touches 6  touch->screen 1 mean 25.8 max 25.8 ms  shade->screen - (from the loop -) ms  errors 0
drawn  60 of  61  missed  0  commits  60 (at once 13)  draw 1.9/3.3 (elements 0.8/1.4) swap 3.8/6.4 (present 3.7/6.3, fast 0) ms  redrawn 100.0/100.0%  no damage 0  budget 14.3  touches 7  touch->screen 1 mean 36.0 max 36.0 ms  shade->screen - (from the loop -) ms  errors 0
drawn  60 of  59  missed  0  commits  60 (at once 6)  draw 2.0/6.0 (elements 0.9/1.2) swap 5.2/7.6 (present 5.1/7.5, fast 0) ms  redrawn 100.0/100.0%  no damage 0  budget 17.8  touches 8  touch->screen 1 mean 23.7 max 23.7 ms  shade->screen - (from the loop -) ms  errors 0
drawn  60 of  60  missed  0  commits  60 (at once 3)  draw 1.9/2.5 (elements 0.8/1.2) swap 7.4/8.4 (present 7.3/8.3, fast 0) ms  redrawn 100.0/100.0%  no damage 0  budget 18.8  touches 9  touch->screen 1 mean 23.0 max 23.0 ms  shade->screen - (from the loop -) ms  errors 0
drawn  60 of  60  missed  0  commits  60 (at once 3)  draw 1.9/2.3 (elements 0.8/1.1) swap 8.3/9.3 (present 8.2/9.2, fast 0) ms  redrawn 100.0/100.0%  no damage 0  budget 20.5  touches 10  touch->screen 1 mean 22.2 max 22.2 ms  shade->screen - (from the loop -) ms  errors 0
drawn  61 of  61  missed  0  commits  61 (at once 5)  draw 2.0/5.8 (elements 0.9/2.0) swap 9.2/10.7 (present 9.1/10.6, fast 0) ms  redrawn 100.0/100.0%  no damage 0  budget 21.9  touches 11  touch->screen 1 mean 33.1 max 33.1 ms  shade->screen - (from the loop -) ms  errors 0
drawn  60 of  60  missed  0  commits  60 (at once 1)  draw 2.0/2.8 (elements 0.9/1.3) swap 11.0/12.2 (present 10.9/12.1, fast 0) ms  redrawn 100.0/100.0%  no damage 0  budget 24.5  touches 11  touch->screen -  shade->screen - (from the loop -) ms  errors 0
drawn  61 of  60  missed  0  commits  61 (at once 9)  draw 2.0/6.9 (elements 0.8/1.2) swap 11.4/13.6 (present 11.5/13.5, fast 0) ms  redrawn 98.4/100.0%  no damage 1  budget 25.9  touches 12  touch->screen 1 mean 34.4 max 34.4 ms  shade->screen - (from the loop -) ms  errors 0
missed: drawn 5.3 ms before the vsync, draw 1.9 swap 3.7, presented 0.3 ms late: 17.1 after the last present, validate 2.5, present 1.1, GPU busy; redrawn 100%, shade 0 still / 0 still
drawn  60 of  61  missed  1  commits  59 (at once 50)  draw 1.8/3.7 (elements 0.8/1.1) swap 10.3/14.1 (present 10.2/14.0, fast 0) ms  redrawn 100.0/100.0%  no damage 0  budget 24.2  touches 13  touch->screen 1 mean 17.7 max 17.7 ms  shade->screen - (from the loop -) ms  errors 0
missed: drawn 1.8 ms before the vsync, draw 1.9 swap 1.5, presented 1.5 ms late: 27.5 after the last present, validate 0.6, present 0.8, GPU busy; redrawn 100%, shade 0 still / 0 still
drawn  58 of  60  missed  1  commits  59 (at once 14)  draw 2.0/6.4 (elements 0.9/5.3) swap 2.2/5.4 (present 2.1/5.3, fast 0) ms  redrawn 100.0/100.0%  no damage 0  budget 13.2  touches 14  touch->screen 1 mean 52.7 max 52.7 ms  shade->screen - (from the loop -) ms  errors 0
drawn  60 of  60  missed  0  commits  60 (at once 23)  draw 2.0/5.2 (elements 0.9/4.4) swap 2.1/6.7 (present 2.0/6.6, fast 0) ms  redrawn 100.0/100.0%  no damage 0  budget 11.5  touches 15  touch->screen 1 mean 24.5 max 24.5 ms  shade->screen - (from the loop -) ms  errors 0
drawn  59 of  60  missed  0  commits  59 (at once 18)  draw 2.1/5.6 (elements 0.9/4.6) swap 2.0/5.3 (present 1.9/5.2, fast 0) ms  redrawn 100.0/100.0%  no damage 0  budget 11.1  touches 16  touch->screen 1 mean 50.3 max 50.3 ms  shade->screen - (from the loop -) ms  errors 0
drawn  60 of  60  missed  0  commits  60 (at once 21)  draw 2.2/7.2 (elements 1.0/5.9) swap 2.1/5.2 (present 2.0/5.1, fast 0) ms  redrawn 100.0/100.0%  no damage 0  budget 12.8  touches 17  touch->screen 1 mean 22.3 max 22.3 ms  shade->screen - (from the loop -) ms  errors 0
drawn  60 of  60  missed  0  commits  60 (at once 24)  draw 2.0/3.5 (elements 0.9/2.2) swap 2.1/5.8 (present 2.0/5.7, fast 0) ms  redrawn 100.0/100.0%  no damage 0  budget 10.5  touches 18  touch->screen 1 mean 24.7 max 24.7 ms  shade->screen - (from the loop -) ms  errors 0
drawn  61 of  60  missed  0  commits  60 (at once 29)  draw 2.0/3.7 (elements 0.8/1.3) swap 2.1/6.0 (present 2.1/5.9, fast 0) ms  redrawn 100.0/100.0%  no damage 0  budget 10.6  touches 19  touch->screen 1 mean 19.3 max 19.3 ms  shade->screen - (from the loop -) ms  errors 0
drawn  60 of  60  missed  0  commits  60 (at once 27)  draw 2.0/3.3 (elements 0.8/1.3) swap 2.3/5.6 (present 2.2/5.6, fast 0) ms  redrawn 100.0/100.0%  no damage 0  budget 10.7  touches 19  touch->screen -  shade->screen - (from the loop -) ms  errors 0
missed: drawn 12.6 ms before the vsync, draw 1.9 swap 11.4, presented 0.8 ms late: 27.9 after the last present, validate 0.5, present 10.8, GPU busy; redrawn 100%, shade 0 still / 0 still
drawn  59 of  60  missed  1  commits  59 (at once 21)  draw 1.9/5.3 (elements 0.8/1.2) swap 2.5/11.4 (present 2.4/11.4, fast 0) ms  redrawn 100.0/100.0%  no damage 0  budget 13.1  touches 20  touch->screen 1 mean 22.7 max 22.7 ms  shade->screen - (from the loop -) ms  errors 0
missed: drawn 0.4 ms before the vsync, draw 1.7 swap 1.9, presented 3.1 ms late: 41.2 after the last present, validate 1.0, present 0.8, GPU busy; redrawn 100%, shade 0 still / 0 still
missed: drawn 2.5 ms before the vsync, draw 1.9 swap 1.7, presented 1.1 ms late: 28.3 after the last present, validate 0.7, present 0.8, GPU busy; redrawn 100%, shade 0 still / 0 still
missed: drawn 2.1 ms before the vsync, draw 1.7 swap 1.9, presented 1.5 ms late: 33.6 after the last present, validate 0.8, present 1.0, GPU busy; redrawn 100%, shade 0 still / 0 still
drawn 290 of  60  missed  3  commits 290 (at once 271)  draw 0.2/2.3 (elements 0.1/0.9) swap 0.2/5.3 (present 2.5/5.2, fast 0) ms  redrawn 8.3/100.0%  no damage 266  budget 11.3  touches 20  touch->screen -  shade->screen - (from the loop -) ms  errors 0
drawn   0 of  60  missed  0  commits   0 (at once 0)  draw - (elements -) swap - (present -, fast 0) ms  redrawn -%  no damage 0  budget 11.3  touches 20  touch->screen -  shade->screen - (from the loop -) ms  errors 0
missed: drawn 1.9 ms before the vsync, draw 2.4 swap 1.8, presented 2.3 ms late: 1889.1 after the last present, validate 0.6, present 1.0, GPU done; redrawn 100%, shade 0 still / 0 still
drawn  27 of  60  missed  1  commits  27 (at once 4)  draw 1.9/2.4 (elements 0.8/1.0) swap 3.5/6.5 (present 3.4/6.5, fast 0) ms  redrawn 100.0/100.0%  no damage 0  budget 13.6  touches 20  touch->screen -  shade->screen - (from the loop -) ms  errors 0
missed: drawn 1.6 ms before the vsync, draw 1.6 swap 1.4, presented 1.3 ms late: 26.2 after the last present, validate 0.5, present 0.8, GPU busy; redrawn 100%, shade 0 still / 0 still
missed: drawn 3.3 ms before the vsync, draw 2.0 swap 1.8, presented 0.6 ms late: 65.7 after the last present, validate 0.8, present 0.8, GPU busy; redrawn 100%, shade 0 still / 0 still
drawn  21 of  60  missed  2  commits  21 (at once 3)  draw 1.9/3.2 (elements 0.8/1.1) swap 3.7/6.9 (present 3.6/6.8, fast 0) ms  redrawn 100.0/100.0%  no damage 0  budget 12.7  touches 20  touch->screen -  shade->screen - (from the loop -) ms  errors 0
drawn   0 of  60  missed  0  commits   0 (at once 0)  draw - (elements -) swap - (present -, fast 0) ms  redrawn -%  no damage 0  budget 12.7  touches 20  touch->screen -  shade->screen - (from the loop -) ms  errors 0
drawn   0 of  60  missed  0  commits   0 (at once 0)  draw - (elements -) swap - (present -, fast 0) ms  redrawn -%  no damage 0  budget 12.7  touches 20  touch->screen -  shade->screen - (from the loop -) ms  errors 0
