touch: item swipe (/dev/input/event10)
pacing: late in the frame, margin 4.0 ms, clients' frames at once
warm-up: 12 textures in 3.3 ms
missed: drawn -15153342.6 ms before the vsync, draw 8.3 swap 554.8, presented 15153905.6 ms late: 0.0 after the last present, validate 9.0, present 545.6, GPU busy; redrawn 100%, shade 0 still / 0 still
missed: drawn 7.0 ms before the vsync, draw 10.7 swap 4.5, presented 8.1 ms late: 28.6 after the last present, validate 1.5, present 2.8, GPU done; redrawn 100%, shade 0 still / 0 still
drawn   3 of  22  missed  2  commits   0 (at once 0)  draw 7.5/10.7 (elements 0.1/0.1) swap 187.9/554.8 (present 187.7/554.7, fast 0) ms  redrawn 100.0/100.0%  no damage 0  budget 16.8  touches 1  touch->screen -  shade->screen - (from the loop -) ms  errors 0
drawn  22 of  60  missed  0  commits   3 (at once 1)  draw 2.7/4.7 (elements 0.2/1.8) swap 2.0/3.5 (present 1.9/3.3, fast 0) ms  redrawn 95.5/100.0%  no damage 1  budget 14.4  touches 1  touch->screen -  shade->screen - (from the loop -) ms  errors 0
drawn  33 of  60  missed  0  commits   2 (at once 1)  draw 2.6/5.7 (elements 0.2/1.7) swap 1.9/3.6 (present 2.4/3.4, fast 0) ms  redrawn 72.7/100.0%  no damage 9  budget 13.7  touches 2  touch->screen 1 mean 173.6 max 173.6 ms  shade->screen - (from the loop -) ms  errors 0
missed: drawn 2.1 ms before the vsync, draw 5.3 swap 4.1, presented 7.4 ms late: 784.7 after the last present, validate 1.8, present 2.0, GPU done; redrawn 100%, shade 0 still / 0 still
missed: drawn 5.0 ms before the vsync, draw 3.1 swap 3.6, presented 1.9 ms late: 21.4 after the last present, validate 1.5, present 1.8, GPU busy; redrawn 100%, shade 0 still / 0 still
drawn  34 of  60  missed  2  commits  34 (at once 31)  draw 2.7/5.3 (elements 1.1/2.7) swap 2.9/8.3 (present 2.8/8.2, fast 0) ms  redrawn 100.0/100.0%  no damage 0  budget 13.4  touches 3  touch->screen 1 mean 146.6 max 146.6 ms  shade->screen - (from the loop -) ms  errors 0
missed: drawn 3.8 ms before the vsync, draw 2.3 swap 2.3, presented 0.9 ms late: 19.7 after the last present, validate 0.9, present 1.2, GPU busy; redrawn 100%, shade 0 still / 0 still
missed: drawn 6.6 ms before the vsync, draw 2.6 swap 4.4, presented 0.5 ms late: 23.5 after the last present, validate 3.0, present 1.2, GPU busy; redrawn 100%, shade 0 still / 0 still
missed: drawn 6.6 ms before the vsync, draw 2.4 swap 5.4, presented 1.4 ms late: 21.3 after the last present, validate 4.1, present 1.2, GPU busy; redrawn 100%, shade 0 still / 0 still
missed: drawn 10.0 ms before the vsync, draw 5.9 swap 5.6, presented 1.5 ms late: 50.3 after the last present, validate 1.7, present 3.6, GPU busy; redrawn 100%, shade 0 still / 0 still
drawn  53 of  60  missed  4  commits  53 (at once 47)  draw 2.6/5.9 (elements 1.0/1.9) swap 3.2/7.9 (present 3.1/7.8, fast 0) ms  redrawn 100.0/100.0%  no damage 0  budget 16.8  touches 4  touch->screen 1 mean 23.3 max 23.3 ms  shade->screen - (from the loop -) ms  errors 0
missed: drawn 10.4 ms before the vsync, draw 2.3 swap 9.2, presented 1.1 ms late: 21.6 after the last present, validate 0.9, present 8.1, GPU busy; redrawn 100%, shade 0 still / 0 still
missed: drawn 4.1 ms before the vsync, draw 2.5 swap 2.1, presented 0.6 ms late: 19.2 after the last present, validate 0.8, present 1.1, GPU busy; redrawn 100%, shade 0 still / 0 still
missed: drawn 14.5 ms before the vsync, draw 2.6 swap 13.1, presented 1.2 ms late: 22.4 after the last present, validate 1.0, present 11.9, GPU busy; redrawn 100%, shade 0 still / 0 still
drawn  57 of  60  missed  3  commits  57 (at once 53)  draw 2.7/6.7 (elements 1.0/1.4) swap 3.2/13.1 (present 3.1/13.0, fast 0) ms  redrawn 100.0/100.0%  no damage 0  budget 11.9  touches 5  touch->screen 1 mean 35.7 max 35.7 ms  shade->screen - (from the loop -) ms  errors 0
missed: drawn 9.5 ms before the vsync, draw 2.5 swap 7.9, presented 1.0 ms late: 22.9 after the last present, validate 6.2, present 1.5, GPU busy; redrawn 100%, shade 0 still / 0 still
missed: drawn 3.0 ms before the vsync, draw 3.0 swap 2.2, presented 2.4 ms late: 21.7 after the last present, validate 0.8, present 1.2, GPU busy; redrawn 100%, shade 0 still / 0 still
missed: drawn 7.4 ms before the vsync, draw 2.6 swap 5.6, presented 1.0 ms late: 20.9 after the last present, validate 4.1, present 1.3, GPU busy; redrawn 100%, shade 0 still / 0 still
drawn  55 of  60  missed  3  commits  55 (at once 44)  draw 2.7/3.5 (elements 1.1/1.8) swap 2.5/7.9 (present 2.4/7.7, fast 0) ms  redrawn 100.0/100.0%  no damage 0  budget 11.7  touches 6  touch->screen 1 mean 17.7 max 17.7 ms  shade->screen - (from the loop -) ms  errors 0
missed: drawn 6.1 ms before the vsync, draw 5.8 swap 3.1, presented 2.9 ms late: 22.2 after the last present, validate 1.0, present 1.4, GPU done; redrawn 100%, shade 0 still / 0 still
missed: drawn 4.9 ms before the vsync, draw 2.9 swap 3.6, presented 1.7 ms late: 19.3 after the last present, validate 0.9, present 2.5, GPU busy; redrawn 100%, shade 0 still / 0 still
missed: drawn 5.9 ms before the vsync, draw 3.0 swap 4.1, presented 1.3 ms late: 23.0 after the last present, validate 2.5, present 1.3, GPU busy; redrawn 100%, shade 0 still / 0 still
missed: drawn 4.5 ms before the vsync, draw 2.9 swap 3.7, presented 2.2 ms late: 18.9 after the last present, validate 1.6, present 1.9, GPU busy; redrawn 100%, shade 0 still / 0 still
missed: drawn 3.6 ms before the vsync, draw 3.9 swap 2.7, presented 3.1 ms late: 25.1 after the last present, validate 1.1, present 1.5, GPU done; redrawn 100%, shade 0 still / 0 still
missed: drawn 4.3 ms before the vsync, draw 2.7 swap 2.3, presented 0.8 ms late: 19.0 after the last present, validate 0.9, present 1.2, GPU busy; redrawn 100%, shade 0 still / 0 still
missed: drawn 0.1 ms before the vsync, draw 3.2 swap 2.6, presented 5.8 ms late: 43.2 after the last present, validate 1.0, present 1.4, GPU busy; redrawn 100%, shade 0 still / 0 still
drawn  51 of  60  missed  7  commits  51 (at once 42)  draw 2.8/5.8 (elements 1.1/1.9) swap 2.7/5.8 (present 2.5/5.7, fast 0) ms  redrawn 100.0/100.0%  no damage 0  budget 12.3  touches 7  touch->screen 1 mean 15.8 max 15.8 ms  shade->screen - (from the loop -) ms  errors 0
missed: drawn 5.0 ms before the vsync, draw 2.6 swap 3.1, presented 0.7 ms late: 20.0 after the last present, validate 1.8, present 1.0, GPU busy; redrawn 100%, shade 0 still / 0 still
missed: drawn 11.5 ms before the vsync, draw 2.9 swap 10.0, presented 1.4 ms late: 18.2 after the last present, validate 0.9, present 9.0, GPU busy; redrawn 100%, shade 0 still / 0 still
missed: drawn 5.2 ms before the vsync, draw 3.1 swap 2.7, presented 0.7 ms late: 21.5 after the last present, validate 0.9, present 1.6, GPU busy; redrawn 100%, shade 0 still / 0 still
drawn  54 of  60  missed  3  commits  54 (at once 43)  draw 2.8/10.0 (elements 1.1/2.1) swap 2.8/10.0 (present 2.6/9.9, fast 0) ms  redrawn 100.0/100.0%  no damage 0  budget 12.7  touches 8  touch->screen -  shade->screen - (from the loop -) ms  errors 0
missed: drawn 4.9 ms before the vsync, draw 2.6 swap 2.2, presented 0.0 ms late: 18.8 after the last present, validate 0.8, present 1.2, GPU busy; redrawn 100%, shade 0 still / 0 still
missed: drawn 5.4 ms before the vsync, draw 3.3 swap 5.3, presented 3.3 ms late: 23.5 after the last present, validate 1.1, present 4.0, GPU busy; redrawn 100%, shade 0 still / 0 still
drawn  57 of  60  missed  2  commits  58 (at once 52)  draw 2.6/3.8 (elements 1.0/1.6) swap 2.4/5.3 (present 2.3/5.2, fast 0) ms  redrawn 100.0/100.0%  no damage 0  budget 14.9  touches 8  touch->screen 1 mean 64.5 max 64.5 ms  shade->screen - (from the loop -) ms  errors 0
missed: drawn 5.7 ms before the vsync, draw 2.8 swap 2.9, presented 0.1 ms late: 17.4 after the last present, validate 0.9, present 1.8, GPU busy; redrawn 100%, shade 0 still / 0 still
missed: drawn 9.0 ms before the vsync, draw 7.2 swap 2.1, presented 0.5 ms late: 21.4 after the last present, validate 1.0, present 1.0, GPU busy; redrawn 100%, shade 0 still / 0 still
drawn  56 of  60  missed  2  commits  55 (at once 48)  draw 2.9/7.5 (elements 1.1/5.8) swap 2.5/8.5 (present 2.3/8.3, fast 0) ms  redrawn 100.0/100.0%  no damage 0  budget 13.2  touches 9  touch->screen 1 mean 24.9 max 24.9 ms  shade->screen - (from the loop -) ms  errors 0
missed: drawn 2.8 ms before the vsync, draw 3.4 swap 2.3, presented 3.0 ms late: 21.2 after the last present, validate 0.9, present 1.2, GPU busy; redrawn 100%, shade 0 still / 0 still
missed: drawn 4.0 ms before the vsync, draw 2.3 swap 3.0, presented 1.4 ms late: 38.2 after the last present, validate 1.0, present 1.8, GPU busy; redrawn 100%, shade 0 still / 0 still
drawn  57 of  60  missed  2  commits  57 (at once 46)  draw 2.6/3.4 (elements 1.0/1.5) swap 2.5/6.6 (present 2.3/3.8, fast 0) ms  redrawn 100.0/100.0%  no damage 0  budget 11.8  touches 10  touch->screen 1 mean 14.0 max 14.0 ms  shade->screen - (from the loop -) ms  errors 0
missed: drawn 4.3 ms before the vsync, draw 2.7 swap 2.4, presented 1.0 ms late: 18.0 after the last present, validate 0.9, present 1.3, GPU busy; redrawn 100%, shade 0 still / 0 still
missed: drawn 3.1 ms before the vsync, draw 2.7 swap 2.8, presented 2.4 ms late: 42.7 after the last present, validate 1.0, present 1.6, GPU busy; redrawn 100%, shade 0 still / 0 still
drawn  56 of  61  missed  2  commits  57 (at once 46)  draw 2.7/7.2 (elements 1.1/5.9) swap 2.6/8.0 (present 2.5/7.9, fast 0) ms  redrawn 100.0/100.0%  no damage 0  budget 16.0  touches 11  touch->screen 1 mean 62.6 max 62.6 ms  shade->screen - (from the loop -) ms  errors 0
missed: drawn 0.2 ms before the vsync, draw 2.5 swap 2.3, presented 4.6 ms late: 31.4 after the last present, validate 0.9, present 1.3, GPU busy; redrawn 100%, shade 0 still / 0 still
missed: drawn 3.5 ms before the vsync, draw 2.7 swap 2.3, presented 1.6 ms late: 20.5 after the last present, validate 0.9, present 1.2, GPU busy; redrawn 100%, shade 0 still / 0 still
missed: drawn 4.0 ms before the vsync, draw 2.8 swap 2.6, presented 1.4 ms late: 36.3 after the last present, validate 1.1, present 1.4, GPU busy; redrawn 100%, shade 0 still / 0 still
missed: drawn 7.3 ms before the vsync, draw 5.8 swap 2.9, presented 1.4 ms late: 21.2 after the last present, validate 1.0, present 1.6, GPU busy; redrawn 100%, shade 0 still / 0 still
drawn  55 of  59  missed  4  commits  55 (at once 44)  draw 2.8/6.5 (elements 1.1/5.0) swap 2.6/7.3 (present 2.5/7.2, fast 0) ms  redrawn 100.0/100.0%  no damage 0  budget 15.2  touches 12  touch->screen 1 mean 11.3 max 11.3 ms  shade->screen - (from the loop -) ms  errors 0
missed: drawn 4.4 ms before the vsync, draw 2.3 swap 2.1, presented 0.1 ms late: 19.1 after the last present, validate 0.9, present 1.1, GPU busy; redrawn 100%, shade 0 still / 0 still
missed: drawn 3.5 ms before the vsync, draw 2.7 swap 2.2, presented 1.4 ms late: 18.3 after the last present, validate 0.9, present 1.1, GPU busy; redrawn 100%, shade 0 still / 0 still
missed: drawn 4.6 ms before the vsync, draw 3.3 swap 3.0, presented 1.7 ms late: 20.7 after the last present, validate 1.0, present 1.7, GPU busy; redrawn 100%, shade 0 still / 0 still
missed: drawn 2.1 ms before the vsync, draw 2.8 swap 1.9, presented 2.8 ms late: 20.1 after the last present, validate 0.7, present 1.0, GPU busy; redrawn 100%, shade 0 still / 0 still
missed: drawn 5.8 ms before the vsync, draw 3.5 swap 3.1, presented 0.9 ms late: 37.8 after the last present, validate 1.2, present 1.7, GPU done; redrawn 100%, shade 0 still / 0 still
missed: drawn 3.8 ms before the vsync, draw 2.7 swap 2.4, presented 1.4 ms late: 19.2 after the last present, validate 0.9, present 1.3, GPU busy; redrawn 100%, shade 0 still / 0 still
drawn  53 of  60  missed  6  commits  52 (at once 46)  draw 2.8/4.9 (elements 1.0/2.0) swap 2.6/8.6 (present 2.4/8.5, fast 0) ms  redrawn 100.0/100.0%  no damage 0  budget 13.0  touches 13  touch->screen 1 mean 20.9 max 20.9 ms  shade->screen - (from the loop -) ms  errors 0
missed: drawn 4.3 ms before the vsync, draw 3.1 swap 2.1, presented 0.9 ms late: 18.5 after the last present, validate 0.8, present 1.2, GPU busy; redrawn 100%, shade 0 still / 0 still
missed: drawn 5.5 ms before the vsync, draw 3.3 swap 2.3, presented 0.1 ms late: 20.0 after the last present, validate 0.9, present 1.2, GPU done; redrawn 100%, shade 0 still / 0 still
drawn  56 of  61  missed  2  commits  56 (at once 51)  draw 2.6/3.4 (elements 1.0/1.4) swap 2.4/4.3 (present 2.3/4.2, fast 0) ms  redrawn 100.0/100.0%  no damage 0  budget 13.5  touches 14  touch->screen 1 mean 19.8 max 19.8 ms  shade->screen - (from the loop -) ms  errors 0
missed: drawn 9.4 ms before the vsync, draw 9.0 swap 2.2, presented 2.0 ms late: 25.8 after the last present, validate 0.9, present 1.2, GPU done; redrawn 100%, shade 0 still / 0 still
missed: drawn 4.5 ms before the vsync, draw 2.7 swap 2.6, presented 0.8 ms late: 18.1 after the last present, validate 0.9, present 1.5, GPU busy; redrawn 100%, shade 0 still / 0 still
missed: drawn 7.6 ms before the vsync, draw 2.3 swap 6.8, presented 1.5 ms late: 21.5 after the last present, validate 5.3, present 1.3, GPU busy; redrawn 100%, shade 0 still / 0 still
missed: drawn 4.4 ms before the vsync, draw 2.8 swap 2.2, presented 0.6 ms late: 17.6 after the last present, validate 0.8, present 1.2, GPU busy; redrawn 100%, shade 0 still / 0 still
drawn  54 of  60  missed  4  commits  55 (at once 48)  draw 2.8/9.0 (elements 1.0/1.3) swap 2.9/8.4 (present 2.7/8.2, fast 0) ms  redrawn 100.0/100.0%  no damage 0  budget 13.8  touches 15  touch->screen 1 mean 23.9 max 23.9 ms  shade->screen - (from the loop -) ms  errors 0
missed: drawn 8.9 ms before the vsync, draw 8.5 swap 2.2, presented 1.9 ms late: 24.1 after the last present, validate 1.0, present 1.0, GPU busy; redrawn 100%, shade 0 still / 0 still
missed: drawn 13.9 ms before the vsync, draw 2.3 swap 12.4, presented 0.8 ms late: 21.3 after the last present, validate 0.8, present 11.4, GPU busy; redrawn 100%, shade 0 still / 0 still
missed: drawn 5.2 ms before the vsync, draw 4.2 swap 3.9, presented 3.0 ms late: 20.9 after the last present, validate 1.8, present 1.8, GPU done; redrawn 100%, shade 0 still / 0 still
drawn  57 of  60  missed  3  commits  56 (at once 44)  draw 3.0/9.4 (elements 1.1/2.2) swap 3.5/12.4 (present 3.4/12.2, fast 0) ms  redrawn 100.0/100.0%  no damage 0  budget 19.6  touches 15  touch->screen -  shade->screen - (from the loop -) ms  errors 0
missed: drawn 2.9 ms before the vsync, draw 2.2 swap 2.0, presented 1.4 ms late: 36.6 after the last present, validate 0.8, present 1.1, GPU busy; redrawn 100%, shade 0 still / 0 still
missed: drawn 8.8 ms before the vsync, draw 2.9 swap 8.6, presented 2.8 ms late: 23.6 after the last present, validate 3.7, present 4.6, GPU done; redrawn 100%, shade 0 still / 0 still
drawn  57 of  60  missed  2  commits  57 (at once 51)  draw 2.6/7.7 (elements 1.0/3.2) swap 2.6/10.5 (present 2.5/10.4, fast 0) ms  redrawn 100.0/100.0%  no damage 0  budget 15.1  touches 16  touch->screen 1 mean 17.8 max 17.8 ms  shade->screen - (from the loop -) ms  errors 0
missed: drawn 5.7 ms before the vsync, draw 2.6 swap 4.2, presented 1.2 ms late: 19.0 after the last present, validate 0.9, present 3.2, GPU busy; redrawn 100%, shade 0 still / 0 still
missed: drawn 5.8 ms before the vsync, draw 3.3 swap 2.8, presented 0.3 ms late: 18.0 after the last present, validate 1.0, present 1.5, GPU busy; redrawn 100%, shade 0 still / 0 still
missed: drawn 5.6 ms before the vsync, draw 3.5 swap 3.3, presented 1.2 ms late: 19.5 after the last present, validate 1.1, present 1.9, GPU done; redrawn 100%, shade 0 still / 0 still
missed: drawn 4.4 ms before the vsync, draw 3.3 swap 3.4, presented 2.4 ms late: 19.4 after the last present, validate 1.3, present 1.8, GPU busy; redrawn 100%, shade 0 still / 0 still
drawn  55 of  60  missed  4  commits  55 (at once 46)  draw 2.8/6.1 (elements 1.1/2.9) swap 2.6/7.5 (present 2.5/7.4, fast 0) ms  redrawn 100.0/100.0%  no damage 0  budget 14.1  touches 17  touch->screen 1 mean 20.7 max 20.7 ms  shade->screen - (from the loop -) ms  errors 0
missed: drawn 4.5 ms before the vsync, draw 2.6 swap 2.3, presented 0.6 ms late: 21.0 after the last present, validate 0.9, present 1.2, GPU busy; redrawn 100%, shade 0 still / 0 still
missed: drawn 6.0 ms before the vsync, draw 4.6 swap 3.5, presented 2.2 ms late: 25.9 after the last present, validate 1.7, present 1.6, GPU done; redrawn 100%, shade 0 still / 0 still
missed: drawn 9.7 ms before the vsync, draw 4.9 swap 6.2, presented 1.5 ms late: 26.5 after the last present, validate 4.7, present 1.2, GPU done; redrawn 100%, shade 0 still / 0 still
missed: drawn 10.9 ms before the vsync, draw 2.5 swap 10.0, presented 1.6 ms late: 21.8 after the last present, validate 0.8, present 9.0, GPU busy; redrawn 100%, shade 0 still / 0 still
missed: drawn 11.7 ms before the vsync, draw 3.2 swap 9.9, presented 1.2 ms late: 24.8 after the last present, validate 7.4, present 2.1, GPU busy; redrawn 100%, shade 0 still / 0 still
missed: drawn 12.8 ms before the vsync, draw 2.1 swap 12.3, presented 1.6 ms late: 20.4 after the last present, validate 0.5, present 11.6, GPU busy; redrawn 100%, shade 0 still / 0 still
drawn  52 of  60  missed  6  commits  52 (at once 43)  draw 3.0/7.7 (elements 1.1/3.0) swap 3.0/12.3 (present 2.9/12.2, fast 0) ms  redrawn 100.0/100.0%  no damage 0  budget 18.0  touches 18  touch->screen 1 mean 18.3 max 18.3 ms  shade->screen - (from the loop -) ms  errors 0
missed: drawn 12.0 ms before the vsync, draw 3.1 swap 9.7, presented 0.8 ms late: 19.1 after the last present, validate 0.9, present 8.5, GPU busy; redrawn 100%, shade 0 still / 0 still
missed: drawn 6.1 ms before the vsync, draw 10.0 swap 2.4, presented 6.4 ms late: 25.7 after the last present, validate 0.9, present 1.3, GPU busy; redrawn 100%, shade 0 still / 0 still
missed: drawn 3.8 ms before the vsync, draw 3.3 swap 2.3, presented 1.8 ms late: 18.6 after the last present, validate 0.9, present 1.2, GPU busy; redrawn 100%, shade 0 still / 0 still
drawn  55 of  60  missed  3  commits  55 (at once 47)  draw 3.0/10.0 (elements 1.0/2.2) swap 2.7/9.7 (present 2.6/9.5, fast 0) ms  redrawn 100.0/100.0%  no damage 0  budget 13.2  touches 19  touch->screen 1 mean 24.9 max 24.9 ms  shade->screen - (from the loop -) ms  errors 0
missed: drawn 3.0 ms before the vsync, draw 2.8 swap 2.4, presented 2.3 ms late: 20.0 after the last present, validate 1.0, present 1.2, GPU busy; redrawn 100%, shade 0 still / 0 still
missed: drawn 3.5 ms before the vsync, draw 2.8 swap 2.6, presented 2.0 ms late: 21.0 after the last present, validate 1.2, present 1.2, GPU busy; redrawn 100%, shade 0 still / 0 still
missed: drawn 4.1 ms before the vsync, draw 4.6 swap 3.3, presented 3.9 ms late: 27.8 after the last present, validate 1.2, present 1.8, GPU done; redrawn 100%, shade 0 still / 0 still
missed: drawn 7.6 ms before the vsync, draw 6.4 swap 2.6, presented 1.4 ms late: 21.3 after the last present, validate 1.0, present 1.3, GPU busy; redrawn 100%, shade 0 still / 0 still
drawn  54 of  60  missed  4  commits  54 (at once 42)  draw 2.9/7.1 (elements 1.1/5.0) swap 2.5/7.6 (present 2.4/7.4, fast 0) ms  redrawn 100.0/100.0%  no damage 0  budget 15.5  touches 20  touch->screen 1 mean 26.3 max 26.3 ms  shade->screen - (from the loop -) ms  errors 0
missed: drawn 9.0 ms before the vsync, draw 2.5 swap 8.1, presented 1.8 ms late: 22.1 after the last present, validate 0.8, present 7.1, GPU busy; redrawn 100%, shade 0 still / 0 still
missed: drawn 3.5 ms before the vsync, draw 2.6 swap 2.9, presented 1.9 ms late: 19.6 after the last present, validate 1.1, present 1.5, GPU busy; redrawn 100%, shade 0 still / 0 still
missed: drawn 4.7 ms before the vsync, draw 3.1 swap 3.1, presented 1.5 ms late: 20.6 after the last present, validate 1.6, present 1.3, GPU busy; redrawn 100%, shade 0 still / 0 still
missed: drawn 4.1 ms before the vsync, draw 4.4 swap 2.6, presented 3.8 ms late: 71.5 after the last present, validate 1.0, present 1.4, GPU done; redrawn 100%, shade 0 still / 0 still
missed: drawn 2.7 ms before the vsync, draw 3.6 swap 2.1, presented 3.2 ms late: 36.8 after the last present, validate 0.9, present 1.1, GPU done; redrawn 100%, shade 0 still / 0 still
missed: drawn 0.6 ms before the vsync, draw 5.1 swap 2.6, presented 6.9 ms late: 37.1 after the last present, validate 1.0, present 1.2, GPU done; redrawn 100%, shade 0 still / 0 still
drawn  73 of  60  missed  6  commits  74 (at once 62)  draw 1.9/8.8 (elements 0.7/3.3) swap 1.8/8.1 (present 2.6/8.0, fast 0) ms  redrawn 64.4/100.0%  no damage 26  budget 18.1  touches 20  touch->screen -  shade->screen - (from the loop -) ms  errors 0
missed: drawn 3.6 ms before the vsync, draw 3.4 swap 2.6, presented 2.5 ms late: 104.5 after the last present, validate 1.2, present 1.3, GPU busy; redrawn 100%, shade 0 still / 0 still
drawn 212 of  60  missed  1  commits 211 (at once 209)  draw 0.1/3.4 (elements 0.0/1.4) swap 0.0/2.6 (present 2.5/2.5, fast 0) ms  redrawn 1.4/100.0%  no damage 209  budget 16.5  touches 20  touch->screen -  shade->screen - (from the loop -) ms  errors 0
drawn   0 of  60  missed  0  commits   0 (at once 0)  draw - (elements -) swap - (present -, fast 0) ms  redrawn -%  no damage 0  budget 16.5  touches 20  touch->screen -  shade->screen - (from the loop -) ms  errors 0
missed: drawn 5.0 ms before the vsync, draw 8.7 swap 4.3, presented 8.1 ms late: 1855.3 after the last present, validate 1.7, present 2.3, GPU done; redrawn 100%, shade 0 still / 0 still
missed: drawn 13.4 ms before the vsync, draw 2.3 swap 12.2, presented 1.2 ms late: 20.4 after the last present, validate 0.7, present 11.3, GPU busy; redrawn 100%, shade 0 still / 0 still
missed: drawn 10.0 ms before the vsync, draw 11.8 swap 3.7, presented 5.6 ms late: 47.3 after the last present, validate 1.2, present 2.2, GPU done; redrawn 100%, shade 0 still / 0 still
missed: drawn 4.6 ms before the vsync, draw 5.5 swap 4.5, presented 5.5 ms late: 83.5 after the last present, validate 1.5, present 2.7, GPU done; redrawn 100%, shade 0 still / 0 still
drawn  45 of  60  missed  4  commits  45 (at once 33)  draw 3.2/11.8 (elements 1.1/5.1) swap 2.9/12.2 (present 2.8/12.1, fast 0) ms  redrawn 100.0/100.0%  no damage 0  budget 18.7  touches 20  touch->screen -  shade->screen - (from the loop -) ms  errors 0
drawn   0 of  60  missed  0  commits   0 (at once 0)  draw - (elements -) swap - (present -, fast 0) ms  redrawn -%  no damage 0  budget 18.7  touches 20  touch->screen -  shade->screen - (from the loop -) ms  errors 0
drawn   0 of  60  missed  0  commits   0 (at once 0)  draw - (elements -) swap - (present -, fast 0) ms  redrawn -%  no damage 0  budget 18.7  touches 20  touch->screen -  shade->screen - (from the loop -) ms  errors 0
